Archive member included because of file (symbol)

.\CortexM3\ARM_GCC_473\Debug\Networking Project.a(cyfitter_cfg.o)
                              .\CortexM3\ARM_GCC_473\Debug\Cm3Start.o (cyfitter_cfg)
.\CortexM3\ARM_GCC_473\Debug\Networking Project.a(isr_RisingEdge.o)
                              .\CortexM3\ARM_GCC_473\Debug\main.o (isr_RisingEdge_StartEx)
.\CortexM3\ARM_GCC_473\Debug\Networking Project.a(isr_FallingEdge.o)
                              .\CortexM3\ARM_GCC_473\Debug\main.o (isr_FallingEdge_StartEx)
.\CortexM3\ARM_GCC_473\Debug\Networking Project.a(Pin_LEDCollision.o)
                              .\CortexM3\ARM_GCC_473\Debug\main.o (Pin_LEDCollision_Write)
.\CortexM3\ARM_GCC_473\Debug\Networking Project.a(Pin_LEDIdle.o)
                              .\CortexM3\ARM_GCC_473\Debug\main.o (Pin_LEDIdle_Write)
.\CortexM3\ARM_GCC_473\Debug\Networking Project.a(CyBootAsmGnu.o)
                              .\CortexM3\ARM_GCC_473\Debug\Networking Project.a(cyfitter_cfg.o) (CyDelayCycles)
.\CortexM3\ARM_GCC_473\Debug\Networking Project.a(CyLib.o)
                              .\CortexM3\ARM_GCC_473\Debug\Cm3Start.o (CyResetStatus)
.\CortexM3\ARM_GCC_473\Debug\Networking Project.a(cyPm.o)
                              .\CortexM3\ARM_GCC_473\Debug\Networking Project.a(CyLib.o) (CyPmReadStatus)
.\CortexM3\ARM_GCC_473\Debug\Networking Project.a(Pin_LEDBusy.o)
                              .\CortexM3\ARM_GCC_473\Debug\main.o (Pin_LEDBusy_Write)
.\CortexM3\ARM_GCC_473\Debug\Networking Project.a(Timer_BusyToCollision.o)
                              .\CortexM3\ARM_GCC_473\Debug\main.o (Timer_BusyToCollision_WriteCounter)
.\CortexM3\ARM_GCC_473\Debug\Networking Project.a(Timer_BusyToIdle.o)
                              .\CortexM3\ARM_GCC_473\Debug\main.o (Timer_BusyToIdle_WriteCounter)
.\CortexM3\ARM_GCC_473\Debug\Networking Project.a(isr_BusyToCollision.o)
                              .\CortexM3\ARM_GCC_473\Debug\main.o (isr_BusyToCollision_StartEx)
.\CortexM3\ARM_GCC_473\Debug\Networking Project.a(isr_BusyToIdle.o)
                              .\CortexM3\ARM_GCC_473\Debug\main.o (isr_BusyToIdle_StartEx)
.\CortexM3\ARM_GCC_473\Debug\Networking Project.a(USB.o)
                              .\CortexM3\ARM_GCC_473\Debug\main.o (USB_Start)
.\CortexM3\ARM_GCC_473\Debug\Networking Project.a(USB_cdc.o)
                              .\CortexM3\ARM_GCC_473\Debug\main.o (USB_CDC_Init)
.\CortexM3\ARM_GCC_473\Debug\Networking Project.a(USB_drv.o)
                              .\CortexM3\ARM_GCC_473\Debug\Networking Project.a(USB.o) (USB_EP)
.\CortexM3\ARM_GCC_473\Debug\Networking Project.a(USB_episr.o)
                              .\CortexM3\ARM_GCC_473\Debug\Networking Project.a(USB.o) (USB_EP_1_ISR)
.\CortexM3\ARM_GCC_473\Debug\Networking Project.a(USB_hid.o)
                              .\CortexM3\ARM_GCC_473\Debug\Networking Project.a(USB.o) (USB_hidProtocol)
.\CortexM3\ARM_GCC_473\Debug\Networking Project.a(USB_std.o)
                              .\CortexM3\ARM_GCC_473\Debug\Networking Project.a(USB_drv.o) (USB_HandleStandardRqst)
.\CortexM3\ARM_GCC_473\Debug\Networking Project.a(USB_vnd.o)
                              .\CortexM3\ARM_GCC_473\Debug\Networking Project.a(USB_drv.o) (USB_HandleVendorRqst)
.\CortexM3\ARM_GCC_473\Debug\Networking Project.a(Timer_sendData.o)
                              .\CortexM3\ARM_GCC_473\Debug\main.o (Timer_sendData_Start)
.\CortexM3\ARM_GCC_473\Debug\Networking Project.a(isr_sendData.o)
                              .\CortexM3\ARM_GCC_473\Debug\main.o (isr_sendData_StartEx)
.\CortexM3\ARM_GCC_473\Debug\Networking Project.a(Transm_Output.o)
                              .\CortexM3\ARM_GCC_473\Debug\main.o (Transm_Output_Write)
.\CortexM3\ARM_GCC_473\Debug\Networking Project.a(CyFlash.o)
                              .\CortexM3\ARM_GCC_473\Debug\Networking Project.a(cyPm.o) (CyFlash_SetWaitCycles)
.\CortexM3\ARM_GCC_473\Debug\Networking Project.a(CySpc.o)
                              .\CortexM3\ARM_GCC_473\Debug\Networking Project.a(CyFlash.o) (CySpcStart)
.\CortexM3\ARM_GCC_473\Debug\Networking Project.a(USB_cls.o)
                              .\CortexM3\ARM_GCC_473\Debug\Networking Project.a(USB_drv.o) (USB_DispatchClassRqst)
.\CortexM3\ARM_GCC_473\Debug\Networking Project.a(USB_descr.o)
                              .\CortexM3\ARM_GCC_473\Debug\Networking Project.a(USB_std.o) (USB_DEVICE0_DESCR)
c:/program files (x86)/cypress/psoc creator/3.0/psoc creator/import/gnu_cs/arm/4.7.3/bin/../lib/gcc/arm-none-eabi/4.7.3/../../../../arm-none-eabi/lib/armv7-m\libc_s.a(lib_a-__atexit2.o)
                              c:/program files (x86)/cypress/psoc creator/3.0/psoc creator/import/gnu_cs/arm/4.7.3/bin/../lib/gcc/arm-none-eabi/4.7.3/../../../../arm-none-eabi/lib/armv7-m/crt0.o (__register_exitproc)
c:/program files (x86)/cypress/psoc creator/3.0/psoc creator/import/gnu_cs/arm/4.7.3/bin/../lib/gcc/arm-none-eabi/4.7.3/../../../../arm-none-eabi/lib/armv7-m\libc_s.a(lib_a-exit.o)
[...]
Memory Configuration

Name             Origin             Length             Attributes
rom              0x00000000         0x00040000         xr
ram              0x1fff8000         0x00010000         xrw
*default*        0x00000000         0xffffffff

Linker script and memory map

LOAD c:/program files (x86)/cypress/psoc creator/3.0/psoc creator/import/gnu_cs/arm/4.7.3/bin/../lib/gcc/arm-none-eabi/4.7.3/armv7-m/crti.o
LOAD c:/program files (x86)/cypress/psoc creator/3.0/psoc creator/import/gnu_cs/arm/4.7.3/bin/../lib/gcc/arm-none-eabi/4.7.3/armv7-m/crtbegin.o
LOAD c:/program files (x86)/cypress/psoc creator/3.0/psoc creator/import/gnu_cs/arm/4.7.3/bin/../lib/gcc/arm-none-eabi/4.7.3/../../../../arm-none-eabi/lib/armv7-m/crt0.o
START GROUP
LOAD .\CortexM3\ARM_GCC_473\Debug\main.o
LOAD .\CortexM3\ARM_GCC_473\Debug\cymetadata.o
LOAD .\CortexM3\ARM_GCC_473\Debug\Cm3Start.o
LOAD .\CortexM3\ARM_GCC_473\Debug\Networking Project.a
LOAD C:\Program Files (x86)\Cypress\PSoC Creator\3.0\PSoC Creator\psoc\content\cycomponentlibrary\CyComponentLibrary.cylib\CortexM3\ARM_GCC_473\Debug\CyComponentLibrary.a
END GROUP
START GROUP
LOAD c:/program files (x86)/cypress/psoc creator/3.0/psoc creator/import/gnu_cs/arm/4.7.3/bin/../lib/gcc/arm-none-eabi/4.7.3/armv7-m\libgcc.a
LOAD c:/program files (x86)/cypress/psoc creator/3.0/psoc creator/import/gnu_cs/arm/4.7.3/bin/../lib/gcc/arm-none-eabi/4.7.3/../../../../arm-none-eabi/lib/armv7-m\libc_s.a
END GROUP
LOAD c:/program files (x86)/cypress/psoc creator/3.0/psoc creator/import/gnu_cs/arm/4.7.3/bin/../lib/gcc/arm-none-eabi/4.7.3/armv7-m/crtend.o
LOAD c:/program files (x86)/cypress/psoc creator/3.0/psoc creator/import/gnu_cs/arm/4.7.3/bin/../lib/gcc/arm-none-eabi/4.7.3/armv7-m/crtn.o
START GROUP
LOAD c:/program files (x86)/cypress/psoc creator/3.0/psoc creator/import/gnu_cs/arm/4.7.3/bin/../lib/gcc/arm-none-eabi/4.7.3/armv7-m\libgcc.a
LOAD c:/program files (x86)/cypress/psoc creator/3.0/psoc creator/import/gnu_cs/arm/4.7.3/bin/../lib/gcc/arm-none-eabi/4.7.3/../../../../arm-none-eabi/lib/armv7-m\libc.a
LOAD c:/program files (x86)/cypress/psoc creator/3.0/psoc creator/import/gnu_cs/arm/4.7.3/bin/../lib/gcc/arm-none-eabi/4.7.3/../../../../arm-none-eabi/lib/armv7-m\libnosys.a
END GROUP
                0x00000000                CY_APPL_ORIGIN = 0x0
                0x00000100                CY_FLASH_ROW_SIZE = 0x100
                0x00000020                CY_ECC_ROW_SIZE = 0x20
                0x00000000                CY_EE_IN_BTLDR = 0x0
                0x00000000                CY_APPL_LOADABLE = 0x0
                0x00000800                CY_EE_SIZE = 0x800
                0x00000001                CY_APPL_NUM = 0x1
                0x00000001                CY_APPL_MAX = 0x1
                0x00000040                CY_METADATA_SIZE = 0x40
                0x1fff85a0                PROVIDE (__cy_heap_start, _end)
                0x00000001                PROVIDE (__cy_region_num, ((__cy_regions_end - __cy_regions) / 0x10))
                0x20008000                PROVIDE (__cy_stack, (ORIGIN (ram) + 0x10000))
                0x20004000                PROVIDE (__cy_heap_end, (__cy_stack - 0x4000))

.cybootloader   0x00000000        0x0
 *(.cybootloader)
                0x00000000                appl1_start = CY_APPL_ORIGIN?CY_APPL_ORIGIN:ALIGN (CY_FLASH_ROW_SIZE)
                0x0001ff00                appl2_start = (appl1_start + ALIGN ((((0x40000 - appl1_start) - (0x2 * CY_FLASH_ROW_SIZE)) / 0x2), CY_FLASH_ROW_SIZE))
                0x00000000                appl_start = (CY_APPL_NUM == 0x1)?appl1_start:appl2_start
                0x00000000                ecc_offset = ((appl_start / CY_FLASH_ROW_SIZE) * CY_ECC_ROW_SIZE)
                0x00000000                ee_offset = (CY_APPL_LOADABLE && ! (CY_EE_IN_BTLDR))?((CY_EE_SIZE / CY_APPL_MAX) * (CY_APPL_NUM - 0x1)):0x0
                0x00000800                ee_size = (CY_APPL_LOADABLE && ! (CY_EE_IN_BTLDR))?(CY_EE_SIZE / CY_APPL_MAX):CY_EE_SIZE
                0x00000000                PROVIDE (CY_ECC_OFFSET, ecc_offset)

.text           0x00000000     0x48e2
 CREATE_OBJECT_SYMBOLS
                0x00000000                PROVIDE (__cy_interrupt_vector, RomVectors)
 *(.romvectors)
 .romvectors    0x00000000       0x10 .\CortexM3\ARM_GCC_473\Debug\Cm3Start.o
                0x00000000                RomVectors
                0x00000001                ASSERT ((. != __cy_interrupt_vector), No interrupt vector)
                0x00000001                ASSERT (CY_APPL_ORIGIN?(SIZEOF (.cybootloader) <= CY_APPL_ORIGIN):0x1, Wrong image location)
                0x00000010                PROVIDE (__cy_reset, Reset)
 *(.text.Reset)
 .text.Reset    0x00000010       0x1c .\CortexM3\ARM_GCC_473\Debug\Cm3Start.o
                0x00000010                Reset
                0x00000001                ASSERT ((. != __cy_reset), No reset code)
 *(.dma_init)
                0x00000001                ASSERT ((((appl_start + .) <= 0x10000) || 0x1), DMA Init must be within the first 64k of flash)
 *(.text .text.* .gnu.linkonce.t.*)
 .text          0x0000002c       0x54 c:/program files (x86)/cypress/psoc creator/3.0/psoc creator/import/gnu_cs/arm/4.7.3/bin/../lib/gcc/arm-none-eabi/4.7.3/armv7-m/crtbegin.o
 .text.isr_FallingEdgeDetected
                0x00000080       0x20 .\CortexM3\ARM_GCC_473\Debug\main.o
                0x00000080                isr_FallingEdgeDetected
 .text.isr_RisingEdgeDetected
                0x000000a0       0x20 .\CortexM3\ARM_GCC_473\Debug\main.o
                0x000000a0                isr_RisingEdgeDetected
 .text.isr_BusyToIdle
                0x000000c0       0x1c .\CortexM3\ARM_GCC_473\Debug\main.o
                0x000000c0                isr_BusyToIdle
 .text.isr_BusyToCollision
                0x000000dc       0x1c .\CortexM3\ARM_GCC_473\Debug\main.o
                0x000000dc                isr_BusyToCollision
 .text.isr_sendingData
                0x000000f8       0x44 .\CortexM3\ARM_GCC_473\Debug\main.o
                0x000000f8                isr_sendingData
 .text.mystrrev
                0x0000013c       0xc0 .\CortexM3\ARM_GCC_473\Debug\main.o
                0x0000013c                mystrrev
 .text.decimal_hex
                0x000001fc       0xf8 .\CortexM3\ARM_GCC_473\Debug\main.o
                0x000001fc                decimal_hex
 .text.main     0x000002f4      0x67c .\CortexM3\ARM_GCC_473\Debug\main.o
                0x000002f4                main
 .text.init     0x00000970       0x60 .\CortexM3\ARM_GCC_473\Debug\main.o
                0x00000970                init
 .text.IntDefaultHandler
                0x000009d0        0x8 .\CortexM3\ARM_GCC_473\Debug\Cm3Start.o
                0x000009d0                IntDefaultHandler
 .text.Start_c  0x000009d8       0xcc .\CortexM3\ARM_GCC_473\Debug\Cm3Start.o
                0x000009d8                Start_c
 .text.initialize_psoc
                0x00000aa4       0xb4 .\CortexM3\ARM_GCC_473\Debug\Cm3Start.o
                0x00000aa4                initialize_psoc
 .text.CYMEMZERO
                0x00000b58       0x20 .\CortexM3\ARM_GCC_473\Debug\Networking Project.a(cyfitter_cfg.o)
 .text.CYCONFIGCPY
                0x00000b78       0x20 .\CortexM3\ARM_GCC_473\Debug\Networking Project.a(cyfitter_cfg.o)
 .text.CyClockStartupError
                0x00000b98        0xc .\CortexM3\ARM_GCC_473\Debug\Networking Project.a(cyfitter_cfg.o)
 .text.cfg_write_bytes32
                0x00000ba4       0x84 .\CortexM3\ARM_GCC_473\Debug\Networking Project.a(cyfitter_cfg.o)
 .text.ClockSetup
                0x00000c28      0x11c .\CortexM3\ARM_GCC_473\Debug\Networking Project.a(cyfitter_cfg.o)
 .text.AnalogSetDefault
                0x00000d44       0x50 .\CortexM3\ARM_GCC_473\Debug\Networking Project.a(cyfitter_cfg.o)
 .text.cyfitter_cfg
                0x00000d94      0x19c .\CortexM3\ARM_GCC_473\Debug\Networking Project.a(cyfitter_cfg.o)
                0x00000d94                cyfitter_cfg
 .text.isr_RisingEdge_StartEx
                0x00000f30       0x28 .\CortexM3\ARM_GCC_473\Debug\Networking Project.a(isr_RisingEdge.o)
                0x00000f30                isr_RisingEdge_StartEx
 .text.isr_RisingEdge_SetVector
                0x00000f58       0x28 .\CortexM3\ARM_GCC_473\Debug\Networking Project.a(isr_RisingEdge.o)
                0x00000f58                isr_RisingEdge_SetVector
 .text.isr_RisingEdge_SetPriority
                0x00000f80       0x28 .\CortexM3\ARM_GCC_473\Debug\Networking Project.a(isr_RisingEdge.o)
                0x00000f80                isr_RisingEdge_SetPriority
 .text.isr_RisingEdge_Enable
                0x00000fa8       0x18 .\CortexM3\ARM_GCC_473\Debug\Networking Project.a(isr_RisingEdge.o)
                0x00000fa8                isr_RisingEdge_Enable
 .text.isr_RisingEdge_Disable
                0x00000fc0       0x18 .\CortexM3\ARM_GCC_473\Debug\Networking Project.a(isr_RisingEdge.o)
                0x00000fc0                isr_RisingEdge_Disable
 .text.isr_FallingEdge_StartEx
                0x00000fd8       0x28 .\CortexM3\ARM_GCC_473\Debug\Networking Project.a(isr_FallingEdge.o)
                0x00000fd8                isr_FallingEdge_StartEx
 .text.isr_FallingEdge_SetVector
                0x00001000       0x28 .\CortexM3\ARM_GCC_473\Debug\Networking Project.a(isr_FallingEdge.o)
                0x00001000                isr_FallingEdge_SetVector
 .text.isr_FallingEdge_SetPriority
                0x00001028       0x28 .\CortexM3\ARM_GCC_473\Debug\Networking Project.a(isr_FallingEdge.o)
                0x00001028                isr_FallingEdge_SetPriority
 .text.isr_FallingEdge_Enable
                0x00001050       0x18 .\CortexM3\ARM_GCC_473\Debug\Networking Project.a(isr_FallingEdge.o)
                0x00001050                isr_FallingEdge_Enable
 .text.isr_FallingEdge_Disable
                0x00001068       0x18 .\CortexM3\ARM_GCC_473\Debug\Networking Project.a(isr_FallingEdge.o)
                0x00001068                isr_FallingEdge_Disable
 .text.Pin_LEDCollision_Write
                0x00001080       0x40 .\CortexM3\ARM_GCC_473\Debug\Networking Project.a(Pin_LEDCollision.o)
                0x00001080                Pin_LEDCollision_Write
 .text.Pin_LEDIdle_Write
                0x000010c0       0x44 .\CortexM3\ARM_GCC_473\Debug\Networking Project.a(Pin_LEDIdle.o)
                0x000010c0                Pin_LEDIdle_Write
 *fill*         0x00001104        0x4 00
 .text          0x00001108       0x28 .\CortexM3\ARM_GCC_473\Debug\Networking Project.a(CyBootAsmGnu.o)
                0x00001108                CyDelayCycles
                0x0000111c                CyEnterCriticalSection
                0x00001124                CyExitCriticalSection
 .text.CyHalt   0x00001130       0x18 .\CortexM3\ARM_GCC_473\Debug\Networking Project.a(CyLib.o)
                0x00001130                CyHalt
 .text.CyDelayUs
                0x00001148       0x28 .\CortexM3\ARM_GCC_473\Debug\Networking Project.a(CyLib.o)
                0x00001148                CyDelayUs
 .text.CyIntSetVector
                0x00001170       0x60 .\CortexM3\ARM_GCC_473\Debug\Networking Project.a(CyLib.o)
                0x00001170                CyIntSetVector
 .text.CyIntSetPriority
                0x000011d0       0x4c .\CortexM3\ARM_GCC_473\Debug\Networking Project.a(CyLib.o)
                0x000011d0                CyIntSetPriority
 .text.Pin_LEDBusy_Write
                0x0000121c       0x44 .\CortexM3\ARM_GCC_473\Debug\Networking Project.a(Pin_LEDBusy.o)
                0x0000121c                Pin_LEDBusy_Write
 .text.Timer_BusyToCollision_Init
                0x00001260       0x58 .\CortexM3\ARM_GCC_473\Debug\Networking Project.a(Timer_BusyToCollision.o)
                0x00001260                Timer_BusyToCollision_Init
 .text.Timer_BusyToCollision_Enable
                0x000012b8       0x28 .\CortexM3\ARM_GCC_473\Debug\Networking Project.a(Timer_BusyToCollision.o)
                0x000012b8                Timer_BusyToCollision_Enable
 .text.Timer_BusyToCollision_Start
                0x000012e0       0x2c .\CortexM3\ARM_GCC_473\Debug\Networking Project.a(Timer_BusyToCollision.o)
                0x000012e0                Timer_BusyToCollision_Start
 .text.Timer_BusyToCollision_SetInterruptMode
                0x0000130c       0x20 .\CortexM3\ARM_GCC_473\Debug\Networking Project.a(Timer_BusyToCollision.o)
                0x0000130c                Timer_BusyToCollision_SetInterruptMode
 .text.Timer_BusyToCollision_ReadStatusRegister
                0x0000132c       0x18 .\CortexM3\ARM_GCC_473\Debug\Networking Project.a(Timer_BusyToCollision.o)
                0x0000132c                Timer_BusyToCollision_ReadStatusRegister
 .text.Timer_BusyToCollision_WritePeriod
                0x00001344       0x20 .\CortexM3\ARM_GCC_473\Debug\Networking Project.a(Timer_BusyToCollision.o)
                0x00001344                Timer_BusyToCollision_WritePeriod
 .text.Timer_BusyToCollision_ReadCapture
                0x00001364       0x18 .\CortexM3\ARM_GCC_473\Debug\Networking Project.a(Timer_BusyToCollision.o)
                0x00001364                Timer_BusyToCollision_ReadCapture
 .text.Timer_BusyToCollision_WriteCounter
                0x0000137c       0x20 .\CortexM3\ARM_GCC_473\Debug\Networking Project.a(Timer_BusyToCollision.o)
                0x0000137c                Timer_BusyToCollision_WriteCounter
 .text.Timer_BusyToCollision_ClearFIFO
                0x0000139c       0x1c .\CortexM3\ARM_GCC_473\Debug\Networking Project.a(Timer_BusyToCollision.o)
                0x0000139c                Timer_BusyToCollision_ClearFIFO
 .text.Timer_BusyToIdle_Init
                0x000013b8       0x58 .\CortexM3\ARM_GCC_473\Debug\Networking Project.a(Timer_BusyToIdle.o)
                0x000013b8                Timer_BusyToIdle_Init
 .text.Timer_BusyToIdle_Enable
                0x00001410       0x28 .\CortexM3\ARM_GCC_473\Debug\Networking Project.a(Timer_BusyToIdle.o)
                0x00001410                Timer_BusyToIdle_Enable
 .text.Timer_BusyToIdle_Start
                0x00001438       0x2c .\CortexM3\ARM_GCC_473\Debug\Networking Project.a(Timer_BusyToIdle.o)
                0x00001438                Timer_BusyToIdle_Start
 .text.Timer_BusyToIdle_SetInterruptMode
                0x00001464       0x20 .\CortexM3\ARM_GCC_473\Debug\Networking Project.a(Timer_BusyToIdle.o)
                0x00001464                Timer_BusyToIdle_SetInterruptMode
 .text.Timer_BusyToIdle_ReadStatusRegister
                0x00001484       0x18 .\CortexM3\ARM_GCC_473\Debug\Networking Project.a(Timer_BusyToIdle.o)
                0x00001484                Timer_BusyToIdle_ReadStatusRegister
 .text.Timer_BusyToIdle_WritePeriod
                0x0000149c       0x20 .\CortexM3\ARM_GCC_473\Debug\Networking Project.a(Timer_BusyToIdle.o)
                0x0000149c                Timer_BusyToIdle_WritePeriod
 .text.Timer_BusyToIdle_ReadCapture
                0x000014bc       0x18 .\CortexM3\ARM_GCC_473\Debug\Networking Project.a(Timer_BusyToIdle.o)
                0x000014bc                Timer_BusyToIdle_ReadCapture
 .text.Timer_BusyToIdle_WriteCounter
                0x000014d4       0x20 .\CortexM3\ARM_GCC_473\Debug\Networking Project.a(Timer_BusyToIdle.o)
                0x000014d4                Timer_BusyToIdle_WriteCounter
 .text.Timer_BusyToIdle_ClearFIFO
                0x000014f4       0x1c .\CortexM3\ARM_GCC_473\Debug\Networking Project.a(Timer_BusyToIdle.o)
                0x000014f4                Timer_BusyToIdle_ClearFIFO
 .text.isr_BusyToCollision_StartEx
                0x00001510       0x28 .\CortexM3\ARM_GCC_473\Debug\Networking Project.a(isr_BusyToCollision.o)
                0x00001510                isr_BusyToCollision_StartEx
 .text.isr_BusyToCollision_SetVector
                0x00001538       0x28 .\CortexM3\ARM_GCC_473\Debug\Networking Project.a(isr_BusyToCollision.o)
                0x00001538                isr_BusyToCollision_SetVector
 .text.isr_BusyToCollision_SetPriority
                0x00001560       0x28 .\CortexM3\ARM_GCC_473\Debug\Networking Project.a(isr_BusyToCollision.o)
                0x00001560                isr_BusyToCollision_SetPriority
 .text.isr_BusyToCollision_Enable
                0x00001588       0x18 .\CortexM3\ARM_GCC_473\Debug\Networking Project.a(isr_BusyToCollision.o)
                0x00001588                isr_BusyToCollision_Enable
 .text.isr_BusyToCollision_Disable
                0x000015a0       0x18 .\CortexM3\ARM_GCC_473\Debug\Networking Project.a(isr_BusyToCollision.o)
                0x000015a0                isr_BusyToCollision_Disable
 .text.isr_BusyToIdle_StartEx
                0x000015b8       0x28 .\CortexM3\ARM_GCC_473\Debug\Networking Project.a(isr_BusyToIdle.o)
                0x000015b8                isr_BusyToIdle_StartEx
 .text.isr_BusyToIdle_SetVector
                0x000015e0       0x28 .\CortexM3\ARM_GCC_473\Debug\Networking Project.a(isr_BusyToIdle.o)
                0x000015e0                isr_BusyToIdle_SetVector
 .text.isr_BusyToIdle_SetPriority
                0x00001608       0x28 .\CortexM3\ARM_GCC_473\Debug\Networking Project.a(isr_BusyToIdle.o)
                0x00001608                isr_BusyToIdle_SetPriority
 .text.isr_BusyToIdle_Enable
                0x00001630       0x18 .\CortexM3\ARM_GCC_473\Debug\Networking Project.a(isr_BusyToIdle.o)
                0x00001630                isr_BusyToIdle_Enable
 .text.isr_BusyToIdle_Disable
                0x00001648       0x18 .\CortexM3\ARM_GCC_473\Debug\Networking Project.a(isr_BusyToIdle.o)
                0x00001648                isr_BusyToIdle_Disable
 .text.USB_Start
                0x00001660       0x44 .\CortexM3\ARM_GCC_473\Debug\Networking Project.a(USB.o)
                0x00001660                USB_Start
 .text.USB_Init
                0x000016a4      0x238 .\CortexM3\ARM_GCC_473\Debug\Networking Project.a(USB.o)
                0x000016a4                USB_Init
 .text.USB_InitComponent
                0x000018dc      0x160 .\CortexM3\ARM_GCC_473\Debug\Networking Project.a(USB.o)
                0x000018dc                USB_InitComponent
 .text.USB_ReInitComponent
                0x00001a3c       0xb4 .\CortexM3\ARM_GCC_473\Debug\Networking Project.a(USB.o)
                0x00001a3c                USB_ReInitComponent
 .text.USB_GetConfiguration
                0x00001af0       0x18 .\CortexM3\ARM_GCC_473\Debug\Networking Project.a(USB.o)
                0x00001af0                USB_GetConfiguration
 .text.USB_GetEPCount
                0x00001b08       0x74 .\CortexM3\ARM_GCC_473\Debug\Networking Project.a(USB.o)
                0x00001b08                USB_GetEPCount
 .text.USB_LoadInEP
                0x00001b7c      0x150 .\CortexM3\ARM_GCC_473\Debug\Networking Project.a(USB.o)
                0x00001b7c                USB_LoadInEP
 .text.USB_ReadOutEP
                0x00001ccc       0x98 .\CortexM3\ARM_GCC_473\Debug\Networking Project.a(USB.o)
                0x00001ccc                USB_ReadOutEP
 .text.USB_EnableOutEP
                0x00001d64       0x78 .\CortexM3\ARM_GCC_473\Debug\Networking Project.a(USB.o)
                0x00001d64                USB_EnableOutEP
 .text.USB_DispatchCDCClassRqst
                0x00001ddc      0x11c .\CortexM3\ARM_GCC_473\Debug\Networking Project.a(USB_cdc.o)
                0x00001ddc                USB_DispatchCDCClassRqst
 .text.USB_CDC_Init
                0x00001ef8       0x28 .\CortexM3\ARM_GCC_473\Debug\Networking Project.a(USB_cdc.o)
                0x00001ef8                USB_CDC_Init
 .text.USB_PutData
                0x00001f20       0x94 .\CortexM3\ARM_GCC_473\Debug\Networking Project.a(USB_cdc.o)
                0x00001f20                USB_PutData
 .text.USB_DataIsReady
                0x00001fb4       0x34 .\CortexM3\ARM_GCC_473\Debug\Networking Project.a(USB_cdc.o)
                0x00001fb4                USB_DataIsReady
 .text.USB_CDCIsReady
                0x00001fe8       0x34 .\CortexM3\ARM_GCC_473\Debug\Networking Project.a(USB_cdc.o)
                0x00001fe8                USB_CDCIsReady
 .text.USB_GetAll
                0x0000201c       0x54 .\CortexM3\ARM_GCC_473\Debug\Networking Project.a(USB_cdc.o)
                0x0000201c                USB_GetAll
 .text.USB_EP_0_ISR
                0x00002070      0x140 .\CortexM3\ARM_GCC_473\Debug\Networking Project.a(USB_drv.o)
                0x00002070                USB_EP_0_ISR
 .text.USB_HandleSetup
                0x000021b0       0xa8 .\CortexM3\ARM_GCC_473\Debug\Networking Project.a(USB_drv.o)
                0x000021b0                USB_HandleSetup
 .text.USB_HandleIN
                0x00002258       0x50 .\CortexM3\ARM_GCC_473\Debug\Networking Project.a(USB_drv.o)
                0x00002258                USB_HandleIN
 .text.USB_HandleOUT
                0x000022a8       0x60 .\CortexM3\ARM_GCC_473\Debug\Networking Project.a(USB_drv.o)
                0x000022a8                USB_HandleOUT
 .text.USB_LoadEP0
                0x00002308      0x138 .\CortexM3\ARM_GCC_473\Debug\Networking Project.a(USB_drv.o)
                0x00002308                USB_LoadEP0
 .text.USB_InitControlRead
                0x00002440       0x90 .\CortexM3\ARM_GCC_473\Debug\Networking Project.a(USB_drv.o)
                0x00002440                USB_InitControlRead
 .text.USB_InitZeroLengthControlTransfer
                0x000024d0       0x58 .\CortexM3\ARM_GCC_473\Debug\Networking Project.a(USB_drv.o)
                0x000024d0                USB_InitZeroLengthControlTransfer
 .text.USB_ControlReadDataStage
                0x00002528        0xc .\CortexM3\ARM_GCC_473\Debug\Networking Project.a(USB_drv.o)
                0x00002528                USB_ControlReadDataStage
 .text.USB_ControlReadStatusStage
                0x00002534       0x54 .\CortexM3\ARM_GCC_473\Debug\Networking Project.a(USB_drv.o)
                0x00002534                USB_ControlReadStatusStage
 .text.USB_InitControlWrite
                0x00002588       0x84 .\CortexM3\ARM_GCC_473\Debug\Networking Project.a(USB_drv.o)
                0x00002588                USB_InitControlWrite
 .text.USB_ControlWriteDataStage
                0x0000260c       0xfc .\CortexM3\ARM_GCC_473\Debug\Networking Project.a(USB_drv.o)
                0x0000260c                USB_ControlWriteDataStage
 .text.USB_ControlWriteStatusStage
                0x00002708       0x2c .\CortexM3\ARM_GCC_473\Debug\Networking Project.a(USB_drv.o)
                0x00002708                USB_ControlWriteStatusStage
 .text.USB_InitNoDataControlTransfer
                0x00002734       0x48 .\CortexM3\ARM_GCC_473\Debug\Networking Project.a(USB_drv.o)
                0x00002734                USB_InitNoDataControlTransfer
 .text.USB_NoDataControlStatusStage
                0x0000277c       0x64 .\CortexM3\ARM_GCC_473\Debug\Networking Project.a(USB_drv.o)
                0x0000277c                USB_NoDataControlStatusStage
 .text.USB_UpdateStatusBlock
                0x000027e0       0x58 .\CortexM3\ARM_GCC_473\Debug\Networking Project.a(USB_drv.o)
                0x000027e0                USB_UpdateStatusBlock
 .text.USB_InitializeStatusBlock
                0x00002838       0x48 .\CortexM3\ARM_GCC_473\Debug\Networking Project.a(USB_drv.o)
                0x00002838                USB_InitializeStatusBlock
 .text.USB_EP_1_ISR
                0x00002880       0x74 .\CortexM3\ARM_GCC_473\Debug\Networking Project.a(USB_episr.o)
                0x00002880                USB_EP_1_ISR
 .text.USB_EP_2_ISR
                0x000028f4       0x74 .\CortexM3\ARM_GCC_473\Debug\Networking Project.a(USB_episr.o)
                0x000028f4                USB_EP_2_ISR
 .text.USB_EP_3_ISR
                0x00002968       0x7c .\CortexM3\ARM_GCC_473\Debug\Networking Project.a(USB_episr.o)
                0x00002968                USB_EP_3_ISR
 .text.USB_SOF_ISR
                0x000029e4        0xc .\CortexM3\ARM_GCC_473\Debug\Networking Project.a(USB_episr.o)
                0x000029e4                USB_SOF_ISR
 .text.USB_BUS_RESET_ISR
                0x000029f0        0xc .\CortexM3\ARM_GCC_473\Debug\Networking Project.a(USB_episr.o)
                0x000029f0                USB_BUS_RESET_ISR
 .text.USB_DispatchHIDClassRqst
                0x000029fc      0x2bc .\CortexM3\ARM_GCC_473\Debug\Networking Project.a(USB_hid.o)
                0x000029fc                USB_DispatchHIDClassRqst
 .text.USB_FindHidClassDecriptor
                0x00002cb8       0x94 .\CortexM3\ARM_GCC_473\Debug\Networking Project.a(USB_hid.o)
                0x00002cb8                USB_FindHidClassDecriptor
 .text.USB_FindReportDescriptor
                0x00002d4c       0xac .\CortexM3\ARM_GCC_473\Debug\Networking Project.a(USB_hid.o)
                0x00002d4c                USB_FindReportDescriptor
 .text.USB_FindReport
                0x00002df8      0x100 .\CortexM3\ARM_GCC_473\Debug\Networking Project.a(USB_hid.o)
                0x00002df8                USB_FindReport
 .text.USB_HandleStandardRqst
                0x00002ef8      0x654 .\CortexM3\ARM_GCC_473\Debug\Networking Project.a(USB_std.o)
                0x00002ef8                USB_HandleStandardRqst
 .text.USB_ReadDieID
                0x0000354c       0xa8 .\CortexM3\ARM_GCC_473\Debug\Networking Project.a(USB_std.o)
                0x0000354c                USB_ReadDieID
 .text.USB_ConfigReg
                0x000035f4      0x204 .\CortexM3\ARM_GCC_473\Debug\Networking Project.a(USB_std.o)
                0x000035f4                USB_ConfigReg
 .text.USB_Config
                0x000037f8      0x474 .\CortexM3\ARM_GCC_473\Debug\Networking Project.a(USB_std.o)
                0x000037f8                USB_Config
 .text.USB_ConfigAltChanged
                0x00003c6c      0x354 .\CortexM3\ARM_GCC_473\Debug\Networking Project.a(USB_std.o)
                0x00003c6c                USB_ConfigAltChanged
 .text.USB_GetConfigTablePtr
                0x00003fc0       0x60 .\CortexM3\ARM_GCC_473\Debug\Networking Project.a(USB_std.o)
                0x00003fc0                USB_GetConfigTablePtr
 .text.USB_GetDeviceTablePtr
                0x00004020       0x28 .\CortexM3\ARM_GCC_473\Debug\Networking Project.a(USB_std.o)
                0x00004020                USB_GetDeviceTablePtr
 .text.USB_GetInterfaceClassTablePtr
                0x00004048       0x58 .\CortexM3\ARM_GCC_473\Debug\Networking Project.a(USB_std.o)
                0x00004048                USB_GetInterfaceClassTablePtr
 .text.USB_SetEndpointHalt
                0x000040a0      0x130 .\CortexM3\ARM_GCC_473\Debug\Networking Project.a(USB_std.o)
                0x000040a0                USB_SetEndpointHalt
 .text.USB_ClearEndpointHalt
                0x000041d0      0x1c4 .\CortexM3\ARM_GCC_473\Debug\Networking Project.a(USB_std.o)
                0x000041d0                USB_ClearEndpointHalt
 .text.USB_ValidateAlternateSetting
                0x00004394       0x90 .\CortexM3\ARM_GCC_473\Debug\Networking Project.a(USB_std.o)
                0x00004394                USB_ValidateAlternateSetting
 .text.USB_HandleVendorRqst
                0x00004424       0x70 .\CortexM3\ARM_GCC_473\Debug\Networking Project.a(USB_vnd.o)
                0x00004424                USB_HandleVendorRqst
 .text.Timer_sendData_Init
                0x00004494       0xe4 .\CortexM3\ARM_GCC_473\Debug\Networking Project.a(Timer_sendData.o)
                0x00004494                Timer_sendData_Init
 .text.Timer_sendData_Enable
                0x00004578       0x60 .\CortexM3\ARM_GCC_473\Debug\Networking Project.a(Timer_sendData.o)
                0x00004578                Timer_sendData_Enable
 .text.Timer_sendData_Start
                0x000045d8       0x2c .\CortexM3\ARM_GCC_473\Debug\Networking Project.a(Timer_sendData.o)
                0x000045d8                Timer_sendData_Start
 .text.Timer_sendData_Stop
                0x00004604       0x60 .\CortexM3\ARM_GCC_473\Debug\Networking Project.a(Timer_sendData.o)
                0x00004604                Timer_sendData_Stop
 .text.Timer_sendData_SetInterruptMode
                0x00004664       0x20 .\CortexM3\ARM_GCC_473\Debug\Networking Project.a(Timer_sendData.o)
                0x00004664                Timer_sendData_SetInterruptMode
 .text.Timer_sendData_WritePeriod
                0x00004684       0x24 .\CortexM3\ARM_GCC_473\Debug\Networking Project.a(Timer_sendData.o)
                0x00004684                Timer_sendData_WritePeriod
 .text.Timer_sendData_WriteCounter
                0x000046a8       0x20 .\CortexM3\ARM_GCC_473\Debug\Networking Project.a(Timer_sendData.o)
                0x000046a8                Timer_sendData_WriteCounter
 .text.isr_sendData_StartEx
                0x000046c8       0x28 .\CortexM3\ARM_GCC_473\Debug\Networking Project.a(isr_sendData.o)
                0x000046c8                isr_sendData_StartEx
 .text.isr_sendData_SetVector
                0x000046f0       0x28 .\CortexM3\ARM_GCC_473\Debug\Networking Project.a(isr_sendData.o)
                0x000046f0                isr_sendData_SetVector
 .text.isr_sendData_SetPriority
                0x00004718       0x28 .\CortexM3\ARM_GCC_473\Debug\Networking Project.a(isr_sendData.o)
                0x00004718                isr_sendData_SetPriority
 .text.isr_sendData_Enable
                0x00004740       0x18 .\CortexM3\ARM_GCC_473\Debug\Networking Project.a(isr_sendData.o)
                0x00004740                isr_sendData_Enable
 .text.isr_sendData_Disable
                0x00004758       0x18 .\CortexM3\ARM_GCC_473\Debug\Networking Project.a(isr_sendData.o)
                0x00004758                isr_sendData_Disable
 .text.Transm_Output_Write
                0x00004770       0x44 .\CortexM3\ARM_GCC_473\Debug\Networking Project.a(Transm_Output.o)
                0x00004770                Transm_Output_Write
 .text.USB_DispatchClassRqst
                0x000047b4       0xb0 .\CortexM3\ARM_GCC_473\Debug\Networking Project.a(USB_cls.o)
                0x000047b4                USB_DispatchClassRqst
 .text.__libc_init_array
                0x00004864       0x4c c:/program files (x86)/cypress/psoc creator/3.0/psoc creator/import/gnu_cs/arm/4.7.3/bin/../lib/gcc/arm-none-eabi/4.7.3/../../../../arm-none-eabi/lib/armv7-m\libc_s.a(lib_a-init.o)
                0x00004864                __libc_init_array
 .text.memcpy   0x000048b0       0x12 c:/program files (x86)/cypress/psoc creator/3.0/psoc creator/import/gnu_cs/arm/4.7.3/bin/../lib/gcc/arm-none-eabi/4.7.3/../../../../arm-none-eabi/lib/armv7-m\libc_s.a(lib_a-memcpy.o)
                0x000048b0                memcpy
 .text.memset   0x000048c2       0x10 c:/program files (x86)/cypress/psoc creator/3.0/psoc creator/import/gnu_cs/arm/4.7.3/bin/../lib/gcc/arm-none-eabi/4.7.3/../../../../arm-none-eabi/lib/armv7-m\libc_s.a(lib_a-memset.o)
                0x000048c2                memset
 .text.strcpy   0x000048d2       0x10 c:/program files (x86)/cypress/psoc creator/3.0/psoc creator/import/gnu_cs/arm/4.7.3/bin/../lib/gcc/arm-none-eabi/4.7.3/../../../../arm-none-eabi/lib/armv7-m\libc_s.a(lib_a-strcpy.o)
                0x000048d2                strcpy
 *(.plt)
 *(.gnu.warning)
 *(.glue_7t)
 .glue_7t       0x00000000        0x0 linker stubs
 *(.glue_7)
 .glue_7        0x00000000        0x0 linker stubs
 *(.vfp11_veneer)
 .vfp11_veneer  0x00000000        0x0 linker stubs
 *(.bootloader)
 *(.ARM.extab* .gnu.linkonce.armextab.*)
 *(.gcc_except_table)

.v4_bx          0x000048e4        0x0
 .v4_bx         0x00000000        0x0 linker stubs

.iplt           0x000048e4        0x0
 .iplt          0x00000000        0x0 c:/program files (x86)/cypress/psoc creator/3.0/psoc creator/import/gnu_cs/arm/4.7.3/bin/../lib/gcc/arm-none-eabi/4.7.3/armv7-m/crtbegin.o

.eh_frame_hdr
 *(.eh_frame_hdr)

.eh_frame       0x000048e4        0x4
 *(.eh_frame)
 .eh_frame      0x000048e4        0x0 c:/program files (x86)/cypress/psoc creator/3.0/psoc creator/import/gnu_cs/arm/4.7.3/bin/../lib/gcc/arm-none-eabi/4.7.3/armv7-m/crtbegin.o
 .eh_frame      0x000048e4        0x4 c:/program files (x86)/cypress/psoc creator/3.0/psoc creator/import/gnu_cs/arm/4.7.3/bin/../lib/gcc/arm-none-eabi/4.7.3/armv7-m/crtend.o
                0x000048e8                PROVIDE (__exidx_start, .)

.ARM.exidx
 *(.ARM.exidx* .gnu.linkonce.armexidx.*)
                0x000048e8                __exidx_end = .

.rodata         0x000048e8      0x258
 *(.rodata .rodata.* .gnu.linkonce.r.*)
 .rodata        0x000048e8        0x8 .\CortexM3\ARM_GCC_473\Debug\main.o
 .rodata        0x000048f0       0x38 .\CortexM3\ARM_GCC_473\Debug\Networking Project.a(cyfitter_cfg.o)
 .rodata        0x00004928       0x14 .\CortexM3\ARM_GCC_473\Debug\Networking Project.a(USB_std.o)
 .rodata        0x0000493c      0x1cc .\CortexM3\ARM_GCC_473\Debug\Networking Project.a(USB_descr.o)
                0x0000493c                USB_DEVICE0_DESCR
                0x00004950                USB_DEVICE0_CONFIGURATION0_DESCR
                0x00004994                USB_STRING_DESCRIPTORS
                0x00004a34                USB_SN_STRING_DESCRIPTOR
                0x00004a38                USB_HIDREPORT_DESCRIPTOR1
                0x00004a70                USB_DEVICE0_CONFIGURATION0_EP_SETTINGS_TABLE
                0x00004a88                USB_DEVICE0_CONFIGURATION0_INTERFACE_CLASS
                0x00004a8c                USB_DEVICE0_CONFIGURATION0_TABLE
                0x00004ab4                USB_DEVICE0_TABLE
                0x00004ac4                USB_TABLE
                0x00004acc                USB_MSOS_DESCRIPTOR
                0x00004ae0                USB_MSOS_CONFIGURATION_DESCR
                0x00004b08                . = ALIGN (0x4)
 *(.init)
 .init          0x00004b08        0x4 c:/program files (x86)/cypress/psoc creator/3.0/psoc creator/import/gnu_cs/arm/4.7.3/bin/../lib/gcc/arm-none-eabi/4.7.3/armv7-m/crti.o
                0x00004b08                _init
 .init          0x00004b0c        0x8 c:/program files (x86)/cypress/psoc creator/3.0/psoc creator/import/gnu_cs/arm/4.7.3/bin/../lib/gcc/arm-none-eabi/4.7.3/armv7-m/crtn.o
                0x00004b14                . = ALIGN (0x4)
                0x00004b14                __preinit_array_start = .
 *(.preinit_array)
                0x00004b14                __preinit_array_end = .
                0x00004b14                . = ALIGN (0x4)
                0x00004b14                __init_array_start = .
 *(SORT(.init_array.*))
 *(.init_array)
 .init_array    0x00004b14        0x4 c:/program files (x86)/cypress/psoc creator/3.0/psoc creator/import/gnu_cs/arm/4.7.3/bin/../lib/gcc/arm-none-eabi/4.7.3/armv7-m/crtbegin.o
 .init_array    0x00004b18        0x4 .\CortexM3\ARM_GCC_473\Debug\Cm3Start.o
                0x00004b1c                __init_array_end = .
                0x00004b1c                . = ALIGN (0x4)
 *(.fini)
 .fini          0x00004b1c        0x4 c:/program files (x86)/cypress/psoc creator/3.0/psoc creator/import/gnu_cs/arm/4.7.3/bin/../lib/gcc/arm-none-eabi/4.7.3/armv7-m/crti.o
                0x00004b1c                _fini
 .fini          0x00004b20        0x8 c:/program files (x86)/cypress/psoc creator/3.0/psoc creator/import/gnu_cs/arm/4.7.3/bin/../lib/gcc/arm-none-eabi/4.7.3/armv7-m/crtn.o
                0x00004b28                . = ALIGN (0x4)
                0x00004b28                __fini_array_start = .
 *(.fini_array)
 .fini_array    0x00004b28        0x4 c:/program files (x86)/cypress/psoc creator/3.0/psoc creator/import/gnu_cs/arm/4.7.3/bin/../lib/gcc/arm-none-eabi/4.7.3/armv7-m/crtbegin.o
 *(SORT(.fini_array.*))
                0x00004b2c                __fini_array_end = .
                0x00004b2c                . = ALIGN (0x4)
 *crtbegin.o(.ctors)
 *(EXCLUDE_FILE(*crtend.o) .ctors)
 *(SORT(.ctors.*))
 *crtend.o(.ctors)
                0x00004b2c                . = ALIGN (0x4)
 *crtbegin.o(.dtors)
 *(EXCLUDE_FILE(*crtend.o) .dtors)
 *(SORT(.dtors.*))
 *crtend.o(.dtors)
                0x00004b2c                . = ALIGN (0x4)
                0x00004b2c                __cy_regions = .
                0x00004b2c        0x4 LONG 0x4b40 __cy_region_init_ram
                0x00004b30        0x4 LONG 0x1fff8108 __cy_region_start_data
                0x00004b34        0x4 LONG 0x20 __cy_region_init_size_ram
                0x00004b38        0x4 LONG 0x478 __cy_region_zero_size_ram
                0x00004b3c                __cy_regions_end = .
                0x00004b40                . = ALIGN (0x8)
 *fill*         0x00004b3c        0x4 00
                0x00004b40                _etext = .

.ramvectors     0x1fff8000      0x100
                0x1fff8000                __cy_region_start_ram = .
 *(.ramvectors)
 .ramvectors    0x1fff8000      0x100 .\CortexM3\ARM_GCC_473\Debug\Cm3Start.o
                0x1fff8000                CyRamVectors

.noinit         0x1fff8100        0x5
 *(.noinit)
 .noinit        0x1fff8100        0x4 .\CortexM3\ARM_GCC_473\Debug\Cm3Start.o
 .noinit        0x1fff8104        0x1 .\CortexM3\ARM_GCC_473\Debug\Networking Project.a(CyLib.o)
                0x1fff8104                CyResetStatus

.data           0x1fff8108       0x20 load address 0x00004b40
                0x1fff8108                __cy_region_start_data = .
 *(.jcr)
 .jcr           0x1fff8108        0x0 c:/program files (x86)/cypress/psoc creator/3.0/psoc creator/import/gnu_cs/arm/4.7.3/bin/../lib/gcc/arm-none-eabi/4.7.3/armv7-m/crtbegin.o
 .jcr           0x1fff8108        0x4 c:/program files (x86)/cypress/psoc creator/3.0/psoc creator/import/gnu_cs/arm/4.7.3/bin/../lib/gcc/arm-none-eabi/4.7.3/armv7-m/crtend.o
 *(.got.plt)
 *(.got)
 *(.shdata)
 *(.data .data.* .gnu.linkonce.d.*)
 .data          0x1fff810c       0x10 .\CortexM3\ARM_GCC_473\Debug\Networking Project.a(CyLib.o)
                0x1fff810c                cydelay_freq_hz
                0x1fff8110                cydelay_freq_khz
                0x1fff8114                cydelay_freq_mhz
                0x1fff8118                cydelay_32k_ms
 .data          0x1fff811c        0x8 .\CortexM3\ARM_GCC_473\Debug\Networking Project.a(USB_cdc.o)
                0x1fff811c                USB_lineCoding
                0x1fff8128                . = ALIGN (0x8)
 *fill*         0x1fff8124        0x4 00
 *(.ram)
                0x1fff8128                _edata = .

.igot.plt       0x1fff8128        0x0 load address 0x00004b60
 .igot.plt      0x00000000        0x0 c:/program files (x86)/cypress/psoc creator/3.0/psoc creator/import/gnu_cs/arm/4.7.3/bin/../lib/gcc/arm-none-eabi/4.7.3/armv7-m/crtbegin.o

.bss            0x1fff8128      0x478 load address 0x00004b60
                0x1fff8128                PROVIDE (__bss_start__, .)
 *(.shbss)
 *(.bss .bss.* .gnu.linkonce.b.*)
 .bss           0x1fff8128       0x1c c:/program files (x86)/cypress/psoc creator/3.0/psoc creator/import/gnu_cs/arm/4.7.3/bin/../lib/gcc/arm-none-eabi/4.7.3/armv7-m/crtbegin.o
 .bss           0x1fff8144        0x8 .\CortexM3\ARM_GCC_473\Debug\main.o
                0x1fff8144                currentState
                0x1fff8148                i_send
 .bss           0x1fff814c        0x1 .\CortexM3\ARM_GCC_473\Debug\Networking Project.a(Timer_BusyToCollision.o)
                0x1fff814c                Timer_BusyToCollision_initVar
 .bss           0x1fff814d        0x1 .\CortexM3\ARM_GCC_473\Debug\Networking Project.a(Timer_BusyToIdle.o)
                0x1fff814d                Timer_BusyToIdle_initVar
 .bss           0x1fff814e        0x1 .\CortexM3\ARM_GCC_473\Debug\Networking Project.a(USB.o)
                0x1fff814e                USB_initVar
 *fill*         0x1fff814f        0x1 00
 .bss           0x1fff8150        0x4 .\CortexM3\ARM_GCC_473\Debug\Networking Project.a(USB_std.o)
 .bss           0x1fff8154        0x1 .\CortexM3\ARM_GCC_473\Debug\Networking Project.a(Timer_sendData.o)
                0x1fff8154                Timer_sendData_initVar
 *(COMMON)
 *fill*         0x1fff8155        0x3 00
 COMMON         0x1fff8158      0x375 .\CortexM3\ARM_GCC_473\Debug\main.o
                0x1fff8158                packetSend
                0x1fff83d8                packetHex
                0x1fff8478                packetUSB
                0x1fff84c8                packetBinary
                0x1fff84cc                dec
 *fill*         0x1fff84cd        0x1 00
 COMMON         0x1fff84ce        0x5 .\CortexM3\ARM_GCC_473\Debug\Networking Project.a(USB_cdc.o)
                0x1fff84ce                USB_lineControlBitmap
                0x1fff84d0                USB_cdc_data_out_ep
                0x1fff84d1                USB_lineChanged
                0x1fff84d2                USB_cdc_data_in_ep
 *fill*         0x1fff84d3        0x1 00
 COMMON         0x1fff84d4       0x98 .\CortexM3\ARM_GCC_473\Debug\Networking Project.a(USB_drv.o)
                0x1fff84d4                USB_transferState
                0x1fff84d5                USB_interfaceNumber
                0x1fff84d6                USB_lastPacketSize
                0x1fff84d8                USB_interfaceClass
                0x1fff84dc                USB_interfaceSetting
                0x1fff84de                USB_ep0Mode
                0x1fff84df                USB_device
                0x1fff84e0                USB_deviceAddress
                0x1fff84e1                USB_ep0Toggle
                0x1fff84e2                USB_configurationChanged
                0x1fff84e4                USB_interfaceStatus
                0x1fff84e6                USB_transferByteCount
                0x1fff84e8                USB_configuration
                0x1fff84ec                USB_interfaceSetting_last
                0x1fff84f0                USB_currentTD
                0x1fff84fc                USB_ep0Count
                0x1fff84fd                USB_deviceStatus
                0x1fff8500                USB_EP
 COMMON         0x1fff856c        0xa .\CortexM3\ARM_GCC_473\Debug\Networking Project.a(USB_hid.o)
                0x1fff856c                USB_hidProtocol
                0x1fff8570                USB_hidIdleRate
                0x1fff8574                USB_hidIdleTimer
 *fill*         0x1fff8576        0x2 00
 COMMON         0x1fff8578       0x22 .\CortexM3\ARM_GCC_473\Debug\Networking Project.a(USB_descr.o)
                0x1fff8578                USB_idSerialNumberStringDescriptor
                0x1fff85a0                . = ALIGN (0x8)
 *fill*         0x1fff859a        0x6 00
 *(.ram.b)
                0x1fff85a0                _end = .
                0x1fff85a0                __end = .
                0x1fff85a0                PROVIDE (end, .)
                0x1fff85a0                PROVIDE (__bss_end__, .)
                0x00004b40                __cy_region_init_ram = LOADADDR (.data)
                0x00000020                __cy_region_init_size_ram = (_edata - ADDR (.data))
                0x00000478                __cy_region_zero_size_ram = (_end - _edata)

.heap           0x1fff85a0     0x1000 load address 0x00004b60
                0x1fff85a0                . = _end
                0x1fff95a0                . = (. + 0x1000)
 *fill*         0x1fff85a0     0x1000 00
                0x1fff95a0                __cy_heap_limit = .

.stack          0x20004000     0x4000
                0x20004000                __cy_stack_limit = .
                0x20008000                . = (. + 0x4000)
 *fill*         0x20004000     0x4000 00
                0x00000001                ASSERT ((__cy_stack_limit >= __cy_heap_limit), region RAM overflowed with stack)

.cyloadermeta
 *(.cyloadermeta)

.cyloadablemeta
 *(.cyloadablemeta)

.cyconfigecc    0x80000000      0x2d4
 *(.cyconfigecc)
 .cyconfigecc   0x80000000      0x2d4 .\CortexM3\ARM_GCC_473\Debug\cymetadata.o
                0x80000000                cy_meta_configecc

.cycustnvl      0x90000000        0x4
 *(.cycustnvl)
 .cycustnvl     0x90000000        0x4 .\CortexM3\ARM_GCC_473\Debug\cymetadata.o
                0x90000000                cy_meta_custnvl

.cywolatch      0x90100000        0x4
 *(.cywolatch)
 .cywolatch     0x90100000        0x4 .\CortexM3\ARM_GCC_473\Debug\cymetadata.o
                0x90100000                cy_meta_wonvl

.cyeeprom       0x90200000        0x0
 *(.cyeeprom)
                0x00000001                ASSERT ((. <= ((0x90200000 + ee_offset) + ee_size)), .cyeeprom data will not fit in EEPROM)

.cyflashprotect
                0x90400000      0x100
 *(.cyflashprotect)
 .cyflashprotect
                0x90400000      0x100 .\CortexM3\ARM_GCC_473\Debug\cymetadata.o
                0x90400000                cy_meta_flashprotect

.cymeta         0x90500000        0xc
 *(.cymeta)
 .cymeta        0x90500000        0xc .\CortexM3\ARM_GCC_473\Debug\cymetadata.o
                0x90500000                cy_metadata

.rel.dyn        0x00004b60        0x0 load address 0x9050000c
 .rel.iplt      0x00000000        0x0 c:/program files (x86)/cypress/psoc creator/3.0/psoc creator/import/gnu_cs/arm/4.7.3/bin/../lib/gcc/arm-none-eabi/4.7.3/armv7-m/crtbegin.o

.stab
 *(.stab)

.stabstr
 *(.stabstr)

.debug
 *(.debug)

.line
 *(.line)

.debug_srcinfo
 *(.debug_srcinfo)

.debug_sfnames
 *(.debug_sfnames)

.debug_aranges  0x00000000      0xd18
 *(.debug_aranges)
 .debug_aranges
                0x00000000       0x60 .\CortexM3\ARM_GCC_473\Debug\main.o
 .debug_aranges
                0x00000060       0x18 .\CortexM3\ARM_GCC_473\Debug\cymetadata.o
 .debug_aranges
                0x00000078       0x40 .\CortexM3\ARM_GCC_473\Debug\Cm3Start.o
 .debug_aranges
                0x000000b8       0x60 .\CortexM3\ARM_GCC_473\Debug\Networking Project.a(cyfitter_cfg.o)
 .debug_aranges
                0x00000118       0x80 .\CortexM3\ARM_GCC_473\Debug\Networking Project.a(isr_RisingEdge.o)
 .debug_aranges
                0x00000198       0x80 .\CortexM3\ARM_GCC_473\Debug\Networking Project.a(isr_FallingEdge.o)
 .debug_aranges
                0x00000218       0x38 .\CortexM3\ARM_GCC_473\Debug\Networking Project.a(Pin_LEDCollision.o)
 .debug_aranges
                0x00000250       0x38 .\CortexM3\ARM_GCC_473\Debug\Networking Project.a(Pin_LEDIdle.o)
 .debug_aranges
                0x00000288       0x20 .\CortexM3\ARM_GCC_473\Debug\Networking Project.a(CyBootAsmGnu.o)
 .debug_aranges
                0x000002a8      0x218 .\CortexM3\ARM_GCC_473\Debug\Networking Project.a(CyLib.o)
 .debug_aranges
                0x000004c0       0x90 .\CortexM3\ARM_GCC_473\Debug\Networking Project.a(cyPm.o)
 .debug_aranges
                0x00000550       0x38 .\CortexM3\ARM_GCC_473\Debug\Networking Project.a(Pin_LEDBusy.o)
 .debug_aranges
                0x00000588       0x90 .\CortexM3\ARM_GCC_473\Debug\Networking Project.a(Timer_BusyToCollision.o)
 .debug_aranges
                0x00000618       0x90 .\CortexM3\ARM_GCC_473\Debug\Networking Project.a(Timer_BusyToIdle.o)
 .debug_aranges
                0x000006a8       0x80 .\CortexM3\ARM_GCC_473\Debug\Networking Project.a(isr_BusyToCollision.o)
 .debug_aranges
                0x00000728       0x80 .\CortexM3\ARM_GCC_473\Debug\Networking Project.a(isr_BusyToIdle.o)
 .debug_aranges
                0x000007a8       0xb0 .\CortexM3\ARM_GCC_473\Debug\Networking Project.a(USB.o)
 .debug_aranges
                0x00000858       0xb0 .\CortexM3\ARM_GCC_473\Debug\Networking Project.a(USB_cdc.o)
 .debug_aranges
                0x00000908       0x98 .\CortexM3\ARM_GCC_473\Debug\Networking Project.a(USB_drv.o)
 .debug_aranges
                0x000009a0       0x40 .\CortexM3\ARM_GCC_473\Debug\Networking Project.a(USB_episr.o)
 .debug_aranges
                0x000009e0       0x48 .\CortexM3\ARM_GCC_473\Debug\Networking Project.a(USB_hid.o)
 .debug_aranges
                0x00000a28       0x78 .\CortexM3\ARM_GCC_473\Debug\Networking Project.a(USB_std.o)
 .debug_aranges
                0x00000aa0       0x20 .\CortexM3\ARM_GCC_473\Debug\Networking Project.a(USB_vnd.o)
 .debug_aranges
                0x00000ac0       0x88 .\CortexM3\ARM_GCC_473\Debug\Networking Project.a(Timer_sendData.o)
 .debug_aranges
                0x00000b48       0x80 .\CortexM3\ARM_GCC_473\Debug\Networking Project.a(isr_sendData.o)
 .debug_aranges
                0x00000bc8       0x38 .\CortexM3\ARM_GCC_473\Debug\Networking Project.a(Transm_Output.o)
 .debug_aranges
                0x00000c00       0x78 .\CortexM3\ARM_GCC_473\Debug\Networking Project.a(CyFlash.o)
 .debug_aranges
                0x00000c78       0x68 .\CortexM3\ARM_GCC_473\Debug\Networking Project.a(CySpc.o)
 .debug_aranges
                0x00000ce0       0x20 .\CortexM3\ARM_GCC_473\Debug\Networking Project.a(USB_cls.o)
 .debug_aranges
                0x00000d00       0x18 .\CortexM3\ARM_GCC_473\Debug\Networking Project.a(USB_descr.o)

.debug_pubnames
 *(.debug_pubnames)

.debug_info     0x00000000     0x64c1
 *(.debug_info .gnu.linkonce.wi.*)
 .debug_info    0x00000000      0x36a .\CortexM3\ARM_GCC_473\Debug\main.o
 .debug_info    0x0000036a      0x13f .\CortexM3\ARM_GCC_473\Debug\cymetadata.o
 .debug_info    0x000004a9      0x2ea .\CortexM3\ARM_GCC_473\Debug\Cm3Start.o
 .debug_info    0x00000793      0x3bf .\CortexM3\ARM_GCC_473\Debug\Networking Project.a(cyfitter_cfg.o)
 .debug_info    0x00000b52      0x278 .\CortexM3\ARM_GCC_473\Debug\Networking Project.a(isr_RisingEdge.o)
 .debug_info    0x00000dca      0x278 .\CortexM3\ARM_GCC_473\Debug\Networking Project.a(isr_FallingEdge.o)
 .debug_info    0x00001042      0x134 .\CortexM3\ARM_GCC_473\Debug\Networking Project.a(Pin_LEDCollision.o)
 .debug_info    0x00001176      0x134 .\CortexM3\ARM_GCC_473\Debug\Networking Project.a(Pin_LEDIdle.o)
 .debug_info    0x000012aa       0xcd .\CortexM3\ARM_GCC_473\Debug\Networking Project.a(CyBootAsmGnu.o)
 .debug_info    0x00001377      0xcd7 .\CortexM3\ARM_GCC_473\Debug\Networking Project.a(CyLib.o)
 .debug_info    0x0000204e      0x5c3 .\CortexM3\ARM_GCC_473\Debug\Networking Project.a(cyPm.o)
 .debug_info    0x00002611      0x134 .\CortexM3\ARM_GCC_473\Debug\Networking Project.a(Pin_LEDBusy.o)
 .debug_info    0x00002745      0x2a0 .\CortexM3\ARM_GCC_473\Debug\Networking Project.a(Timer_BusyToCollision.o)
 .debug_info    0x000029e5      0x2a0 .\CortexM3\ARM_GCC_473\Debug\Networking Project.a(Timer_BusyToIdle.o)
 .debug_info    0x00002c85      0x278 .\CortexM3\ARM_GCC_473\Debug\Networking Project.a(isr_BusyToCollision.o)
 .debug_info    0x00002efd      0x278 .\CortexM3\ARM_GCC_473\Debug\Networking Project.a(isr_BusyToIdle.o)
 .debug_info    0x00003175      0x68b .\CortexM3\ARM_GCC_473\Debug\Networking Project.a(USB.o)
 .debug_info    0x00003800      0x5f7 .\CortexM3\ARM_GCC_473\Debug\Networking Project.a(USB_cdc.o)
 .debug_info    0x00003df7      0x56e .\CortexM3\ARM_GCC_473\Debug\Networking Project.a(USB_drv.o)
 .debug_info    0x00004365      0x1d6 .\CortexM3\ARM_GCC_473\Debug\Networking Project.a(USB_episr.o)
 .debug_info    0x0000453b      0x386 .\CortexM3\ARM_GCC_473\Debug\Networking Project.a(USB_hid.o)
 .debug_info    0x000048c1      0x84c .\CortexM3\ARM_GCC_473\Debug\Networking Project.a(USB_std.o)
 .debug_info    0x0000510d      0x18d .\CortexM3\ARM_GCC_473\Debug\Networking Project.a(USB_vnd.o)
 .debug_info    0x0000529a      0x285 .\CortexM3\ARM_GCC_473\Debug\Networking Project.a(Timer_sendData.o)
 .debug_info    0x0000551f      0x278 .\CortexM3\ARM_GCC_473\Debug\Networking Project.a(isr_sendData.o)
 .debug_info    0x00005797      0x134 .\CortexM3\ARM_GCC_473\Debug\Networking Project.a(Transm_Output.o)
 .debug_info    0x000058cb      0x354 .\CortexM3\ARM_GCC_473\Debug\Networking Project.a(CyFlash.o)
 .debug_info    0x00005c1f      0x3d9 .\CortexM3\ARM_GCC_473\Debug\Networking Project.a(CySpc.o)
 .debug_info    0x00005ff8      0x1b9 .\CortexM3\ARM_GCC_473\Debug\Networking Project.a(USB_cls.o)
 .debug_info    0x000061b1      0x310 .\CortexM3\ARM_GCC_473\Debug\Networking Project.a(USB_descr.o)

.debug_abbrev   0x00000000     0x2138
 *(.debug_abbrev)
 .debug_abbrev  0x00000000      0x164 .\CortexM3\ARM_GCC_473\Debug\main.o
 .debug_abbrev  0x00000164       0x66 .\CortexM3\ARM_GCC_473\Debug\cymetadata.o
 .debug_abbrev  0x000001ca      0x175 .\CortexM3\ARM_GCC_473\Debug\Cm3Start.o
 .debug_abbrev  0x0000033f      0x187 .\CortexM3\ARM_GCC_473\Debug\Networking Project.a(cyfitter_cfg.o)
 .debug_abbrev  0x000004c6      0x12d .\CortexM3\ARM_GCC_473\Debug\Networking Project.a(isr_RisingEdge.o)
 .debug_abbrev  0x000005f3      0x12d .\CortexM3\ARM_GCC_473\Debug\Networking Project.a(isr_FallingEdge.o)
 .debug_abbrev  0x00000720       0x92 .\CortexM3\ARM_GCC_473\Debug\Networking Project.a(Pin_LEDCollision.o)
 .debug_abbrev  0x000007b2       0x92 .\CortexM3\ARM_GCC_473\Debug\Networking Project.a(Pin_LEDIdle.o)
 .debug_abbrev  0x00000844       0x14 .\CortexM3\ARM_GCC_473\Debug\Networking Project.a(CyBootAsmGnu.o)
 .debug_abbrev  0x00000858      0x207 .\CortexM3\ARM_GCC_473\Debug\Networking Project.a(CyLib.o)
 .debug_abbrev  0x00000a5f      0x170 .\CortexM3\ARM_GCC_473\Debug\Networking Project.a(cyPm.o)
 .debug_abbrev  0x00000bcf       0x92 .\CortexM3\ARM_GCC_473\Debug\Networking Project.a(Pin_LEDBusy.o)
 .debug_abbrev  0x00000c61      0x11d .\CortexM3\ARM_GCC_473\Debug\Networking Project.a(Timer_BusyToCollision.o)
 .debug_abbrev  0x00000d7e      0x11d .\CortexM3\ARM_GCC_473\Debug\Networking Project.a(Timer_BusyToIdle.o)
 .debug_abbrev  0x00000e9b      0x12d .\CortexM3\ARM_GCC_473\Debug\Networking Project.a(isr_BusyToCollision.o)
 .debug_abbrev  0x00000fc8      0x12d .\CortexM3\ARM_GCC_473\Debug\Networking Project.a(isr_BusyToIdle.o)
 .debug_abbrev  0x000010f5      0x1b4 .\CortexM3\ARM_GCC_473\Debug\Networking Project.a(USB.o)
 .debug_abbrev  0x000012a9      0x1d0 .\CortexM3\ARM_GCC_473\Debug\Networking Project.a(USB_cdc.o)
 .debug_abbrev  0x00001479      0x16e .\CortexM3\ARM_GCC_473\Debug\Networking Project.a(USB_drv.o)
 .debug_abbrev  0x000015e7       0xc7 .\CortexM3\ARM_GCC_473\Debug\Networking Project.a(USB_episr.o)
 .debug_abbrev  0x000016ae      0x153 .\CortexM3\ARM_GCC_473\Debug\Networking Project.a(USB_hid.o)
 .debug_abbrev  0x00001801      0x1a1 .\CortexM3\ARM_GCC_473\Debug\Networking Project.a(USB_std.o)
 .debug_abbrev  0x000019a2       0xba .\CortexM3\ARM_GCC_473\Debug\Networking Project.a(USB_vnd.o)
 .debug_abbrev  0x00001a5c       0xeb .\CortexM3\ARM_GCC_473\Debug\Networking Project.a(Timer_sendData.o)
 .debug_abbrev  0x00001b47      0x12d .\CortexM3\ARM_GCC_473\Debug\Networking Project.a(isr_sendData.o)
 .debug_abbrev  0x00001c74       0x92 .\CortexM3\ARM_GCC_473\Debug\Networking Project.a(Transm_Output.o)
 .debug_abbrev  0x00001d06      0x172 .\CortexM3\ARM_GCC_473\Debug\Networking Project.a(CyFlash.o)
 .debug_abbrev  0x00001e78      0x15f .\CortexM3\ARM_GCC_473\Debug\Networking Project.a(CySpc.o)
 .debug_abbrev  0x00001fd7       0xba .\CortexM3\ARM_GCC_473\Debug\Networking Project.a(USB_cls.o)
 .debug_abbrev  0x00002091       0xa7 .\CortexM3\ARM_GCC_473\Debug\Networking Project.a(USB_descr.o)

.debug_line     0x00000000     0x3185
 *(.debug_line)
 .debug_line    0x00000000      0x2b3 .\CortexM3\ARM_GCC_473\Debug\main.o
 .debug_line    0x000002b3       0x53 .\CortexM3\ARM_GCC_473\Debug\cymetadata.o
 .debug_line    0x00000306      0x1b0 .\CortexM3\ARM_GCC_473\Debug\Cm3Start.o
 .debug_line    0x000004b6      0x1f3 .\CortexM3\ARM_GCC_473\Debug\Networking Project.a(cyfitter_cfg.o)
 .debug_line    0x000006a9      0x159 .\CortexM3\ARM_GCC_473\Debug\Networking Project.a(isr_RisingEdge.o)
 .debug_line    0x00000802      0x15a .\CortexM3\ARM_GCC_473\Debug\Networking Project.a(isr_FallingEdge.o)
 .debug_line    0x0000095c       0xa2 .\CortexM3\ARM_GCC_473\Debug\Networking Project.a(Pin_LEDCollision.o)
 .debug_line    0x000009fe       0x9d .\CortexM3\ARM_GCC_473\Debug\Networking Project.a(Pin_LEDIdle.o)
 .debug_line    0x00000a9b       0x68 .\CortexM3\ARM_GCC_473\Debug\Networking Project.a(CyBootAsmGnu.o)
 .debug_line    0x00000b03      0x73b .\CortexM3\ARM_GCC_473\Debug\Networking Project.a(CyLib.o)
 .debug_line    0x0000123e      0x370 .\CortexM3\ARM_GCC_473\Debug\Networking Project.a(cyPm.o)
 .debug_line    0x000015ae       0x9d .\CortexM3\ARM_GCC_473\Debug\Networking Project.a(Pin_LEDBusy.o)
 .debug_line    0x0000164b      0x184 .\CortexM3\ARM_GCC_473\Debug\Networking Project.a(Timer_BusyToCollision.o)
 .debug_line    0x000017cf      0x17f .\CortexM3\ARM_GCC_473\Debug\Networking Project.a(Timer_BusyToIdle.o)
 .debug_line    0x0000194e      0x15e .\CortexM3\ARM_GCC_473\Debug\Networking Project.a(isr_BusyToCollision.o)
 .debug_line    0x00001aac      0x159 .\CortexM3\ARM_GCC_473\Debug\Networking Project.a(isr_BusyToIdle.o)
 .debug_line    0x00001c05      0x2b8 .\CortexM3\ARM_GCC_473\Debug\Networking Project.a(USB.o)
 .debug_line    0x00001ebd      0x228 .\CortexM3\ARM_GCC_473\Debug\Networking Project.a(USB_cdc.o)
 .debug_line    0x000020e5      0x21a .\CortexM3\ARM_GCC_473\Debug\Networking Project.a(USB_drv.o)
 .debug_line    0x000022ff       0xd9 .\CortexM3\ARM_GCC_473\Debug\Networking Project.a(USB_episr.o)
 .debug_line    0x000023d8      0x179 .\CortexM3\ARM_GCC_473\Debug\Networking Project.a(USB_hid.o)
 .debug_line    0x00002551      0x421 .\CortexM3\ARM_GCC_473\Debug\Networking Project.a(USB_std.o)
 .debug_line    0x00002972       0x7f .\CortexM3\ARM_GCC_473\Debug\Networking Project.a(USB_vnd.o)
 .debug_line    0x000029f1      0x168 .\CortexM3\ARM_GCC_473\Debug\Networking Project.a(Timer_sendData.o)
 .debug_line    0x00002b59      0x157 .\CortexM3\ARM_GCC_473\Debug\Networking Project.a(isr_sendData.o)
 .debug_line    0x00002cb0       0x9f .\CortexM3\ARM_GCC_473\Debug\Networking Project.a(Transm_Output.o)
 .debug_line    0x00002d4f      0x1a9 .\CortexM3\ARM_GCC_473\Debug\Networking Project.a(CyFlash.o)
 .debug_line    0x00002ef8      0x1a7 .\CortexM3\ARM_GCC_473\Debug\Networking Project.a(CySpc.o)
 .debug_line    0x0000309f       0x8b .\CortexM3\ARM_GCC_473\Debug\Networking Project.a(USB_cls.o)
 .debug_line    0x0000312a       0x5b .\CortexM3\ARM_GCC_473\Debug\Networking Project.a(USB_descr.o)

.debug_frame    0x00000000     0x2824
 *(.debug_frame)
 .debug_frame   0x00000000      0x128 .\CortexM3\ARM_GCC_473\Debug\main.o
 .debug_frame   0x00000128       0xa4 .\CortexM3\ARM_GCC_473\Debug\Cm3Start.o
 .debug_frame   0x000001cc      0x120 .\CortexM3\ARM_GCC_473\Debug\Networking Project.a(cyfitter_cfg.o)
 .debug_frame   0x000002ec      0x180 .\CortexM3\ARM_GCC_473\Debug\Networking Project.a(isr_RisingEdge.o)
 .debug_frame   0x0000046c      0x180 .\CortexM3\ARM_GCC_473\Debug\Networking Project.a(isr_FallingEdge.o)
 .debug_frame   0x000005ec       0x80 .\CortexM3\ARM_GCC_473\Debug\Networking Project.a(Pin_LEDCollision.o)
 .debug_frame   0x0000066c       0x80 .\CortexM3\ARM_GCC_473\Debug\Networking Project.a(Pin_LEDIdle.o)
 .debug_frame   0x000006ec      0x778 .\CortexM3\ARM_GCC_473\Debug\Networking Project.a(CyLib.o)
 .debug_frame   0x00000e64      0x1d0 .\CortexM3\ARM_GCC_473\Debug\Networking Project.a(cyPm.o)
 .debug_frame   0x00001034       0x80 .\CortexM3\ARM_GCC_473\Debug\Networking Project.a(Pin_LEDBusy.o)
 .debug_frame   0x000010b4      0x1b8 .\CortexM3\ARM_GCC_473\Debug\Networking Project.a(Timer_BusyToCollision.o)
 .debug_frame   0x0000126c      0x1b8 .\CortexM3\ARM_GCC_473\Debug\Networking Project.a(Timer_BusyToIdle.o)
 .debug_frame   0x00001424      0x180 .\CortexM3\ARM_GCC_473\Debug\Networking Project.a(isr_BusyToCollision.o)
 .debug_frame   0x000015a4      0x180 .\CortexM3\ARM_GCC_473\Debug\Networking Project.a(isr_BusyToIdle.o)
 .debug_frame   0x00001724      0x238 .\CortexM3\ARM_GCC_473\Debug\Networking Project.a(USB.o)
 .debug_frame   0x0000195c      0x248 .\CortexM3\ARM_GCC_473\Debug\Networking Project.a(USB_cdc.o)
 .debug_frame   0x00001ba4      0x1e0 .\CortexM3\ARM_GCC_473\Debug\Networking Project.a(USB_drv.o)
 .debug_frame   0x00001d84       0x9c .\CortexM3\ARM_GCC_473\Debug\Networking Project.a(USB_episr.o)
 .debug_frame   0x00001e20       0xc8 .\CortexM3\ARM_GCC_473\Debug\Networking Project.a(USB_hid.o)
 .debug_frame   0x00001ee8      0x180 .\CortexM3\ARM_GCC_473\Debug\Networking Project.a(USB_std.o)
 .debug_frame   0x00002068       0x30 .\CortexM3\ARM_GCC_473\Debug\Networking Project.a(USB_vnd.o)
 .debug_frame   0x00002098      0x198 .\CortexM3\ARM_GCC_473\Debug\Networking Project.a(Timer_sendData.o)
 .debug_frame   0x00002230      0x180 .\CortexM3\ARM_GCC_473\Debug\Networking Project.a(isr_sendData.o)
 .debug_frame   0x000023b0       0x80 .\CortexM3\ARM_GCC_473\Debug\Networking Project.a(Transm_Output.o)
 .debug_frame   0x00002430      0x178 .\CortexM3\ARM_GCC_473\Debug\Networking Project.a(CyFlash.o)
 .debug_frame   0x000025a8      0x13c .\CortexM3\ARM_GCC_473\Debug\Networking Project.a(CySpc.o)
 .debug_frame   0x000026e4       0x30 .\CortexM3\ARM_GCC_473\Debug\Networking Project.a(USB_cls.o)
 .debug_frame   0x00002714       0x28 c:/program files (x86)/cypress/psoc creator/3.0/psoc creator/import/gnu_cs/arm/4.7.3/bin/../lib/gcc/arm-none-eabi/4.7.3/../../../../arm-none-eabi/lib/armv7-m\libc_s.a(lib_a-__atexit2.o)
 .debug_frame   0x0000273c       0x28 c:/program files (x86)/cypress/psoc creator/3.0/psoc creator/import/gnu_cs/arm/4.7.3/bin/../lib/gcc/arm-none-eabi/4.7.3/../../../../arm-none-eabi/lib/armv7-m\libc_s.a(lib_a-exit.o)
 .debug_frame   0x00002764       0x2c c:/program files (x86)/cypress/psoc creator/3.0/psoc creator/import/gnu_cs/arm/4.7.3/bin/../lib/gcc/arm-none-eabi/4.7.3/../../../../arm-none-eabi/lib/armv7-m\libc_s.a(lib_a-fini.o)
 .debug_frame   0x00002790       0x2c c:/program files (x86)/cypress/psoc creator/3.0/psoc creator/import/gnu_cs/arm/4.7.3/bin/../lib/gcc/arm-none-eabi/4.7.3/../../../../arm-none-eabi/lib/armv7-m\libc_s.a(lib_a-init.o)
 .debug_frame   0x000027bc       0x28 c:/program files (x86)/cypress/psoc creator/3.0/psoc creator/import/gnu_cs/arm/4.7.3/bin/../lib/gcc/arm-none-eabi/4.7.3/../../../../arm-none-eabi/lib/armv7-m\libc_s.a(lib_a-memcpy.o)
 .debug_frame   0x000027e4       0x20 c:/program files (x86)/cypress/psoc creator/3.0/psoc creator/import/gnu_cs/arm/4.7.3/bin/../lib/gcc/arm-none-eabi/4.7.3/../../../../arm-none-eabi/lib/armv7-m\libc_s.a(lib_a-memset.o)
 .debug_frame   0x00002804       0x20 c:/program files (x86)/cypress/psoc creator/3.0/psoc creator/import/gnu_cs/arm/4.7.3/bin/../lib/gcc/arm-none-eabi/4.7.3/../../../../arm-none-eabi/lib/armv7-m\libc_s.a(lib_a-strcpy.o)

.debug_str      0x00000000     0x2d52
 *(.debug_str)
 .debug_str     0x00000000      0x24e .\CortexM3\ARM_GCC_473\Debug\main.o
                                0x299 (size before relaxing)
 .debug_str     0x0000024e       0x77 .\CortexM3\ARM_GCC_473\Debug\cymetadata.o
                                0x1e2 (size before relaxing)
 .debug_str     0x000002c5      0x10e .\CortexM3\ARM_GCC_473\Debug\Cm3Start.o
                                0x29e (size before relaxing)
 .debug_str     0x000003d3      0x157 .\CortexM3\ARM_GCC_473\Debug\Networking Project.a(cyfitter_cfg.o)
                                0x2ef (size before relaxing)
 .debug_str     0x0000052a      0x17e .\CortexM3\ARM_GCC_473\Debug\Networking Project.a(isr_RisingEdge.o)
                                0x310 (size before relaxing)
 .debug_str     0x000006a8      0x174 .\CortexM3\ARM_GCC_473\Debug\Networking Project.a(isr_FallingEdge.o)
                                0x31e (size before relaxing)
 .debug_str     0x0000081c       0xa4 .\CortexM3\ARM_GCC_473\Debug\Networking Project.a(Pin_LEDCollision.o)
                                0x211 (size before relaxing)
 .debug_str     0x000008c0       0x7b .\CortexM3\ARM_GCC_473\Debug\Networking Project.a(Pin_LEDIdle.o)
                                0x1f8 (size before relaxing)
 .debug_str     0x0000093b      0x616 .\CortexM3\ARM_GCC_473\Debug\Networking Project.a(CyLib.o)
                                0x804 (size before relaxing)
 .debug_str     0x00000f51      0x371 .\CortexM3\ARM_GCC_473\Debug\Networking Project.a(cyPm.o)
                                0x513 (size before relaxing)
 .debug_str     0x000012c2       0x7b .\CortexM3\ARM_GCC_473\Debug\Networking Project.a(Pin_LEDBusy.o)
                                0x1f8 (size before relaxing)
 .debug_str     0x0000133d      0x29d .\CortexM3\ARM_GCC_473\Debug\Networking Project.a(Timer_BusyToCollision.o)
                                0x41a (size before relaxing)
 .debug_str     0x000015da      0x21e .\CortexM3\ARM_GCC_473\Debug\Networking Project.a(Timer_BusyToIdle.o)
                                0x3c0 (size before relaxing)
 .debug_str     0x000017f8      0x1ac .\CortexM3\ARM_GCC_473\Debug\Networking Project.a(isr_BusyToCollision.o)
                                0x356 (size before relaxing)
 .debug_str     0x000019a4      0x166 .\CortexM3\ARM_GCC_473\Debug\Networking Project.a(isr_BusyToIdle.o)
                                0x310 (size before relaxing)
 .debug_str     0x00001b0a      0x2c5 .\CortexM3\ARM_GCC_473\Debug\Networking Project.a(USB.o)
                                0x46c (size before relaxing)
 .debug_str     0x00001dcf      0x241 .\CortexM3\ARM_GCC_473\Debug\Networking Project.a(USB_cdc.o)
                                0x45c (size before relaxing)
 .debug_str     0x00002010      0x230 .\CortexM3\ARM_GCC_473\Debug\Networking Project.a(USB_drv.o)
                                0x531 (size before relaxing)
 .debug_str     0x00002240       0x6a .\CortexM3\ARM_GCC_473\Debug\Networking Project.a(USB_episr.o)
                                0x24c (size before relaxing)
 .debug_str     0x000022aa       0xfa .\CortexM3\ARM_GCC_473\Debug\Networking Project.a(USB_hid.o)
                                0x327 (size before relaxing)
 .debug_str     0x000023a4      0x250 .\CortexM3\ARM_GCC_473\Debug\Networking Project.a(USB_std.o)
                                0x5ba (size before relaxing)
 .debug_str     0x000025f4       0x55 .\CortexM3\ARM_GCC_473\Debug\Networking Project.a(USB_vnd.o)
                                0x231 (size before relaxing)
 .debug_str     0x00002649      0x1cf .\CortexM3\ARM_GCC_473\Debug\Networking Project.a(Timer_sendData.o)
                                0x371 (size before relaxing)
 .debug_str     0x00002818      0x14a .\CortexM3\ARM_GCC_473\Debug\Networking Project.a(isr_sendData.o)
                                0x2f4 (size before relaxing)
 .debug_str     0x00002962       0x85 .\CortexM3\ARM_GCC_473\Debug\Networking Project.a(Transm_Output.o)
                                0x202 (size before relaxing)
 .debug_str     0x000029e7      0x130 .\CortexM3\ARM_GCC_473\Debug\Networking Project.a(CyFlash.o)
                                0x2d9 (size before relaxing)
 .debug_str     0x00002b17       0xfe .\CortexM3\ARM_GCC_473\Debug\Networking Project.a(CySpc.o)
                                0x2b5 (size before relaxing)
 .debug_str     0x00002c15       0x39 .\CortexM3\ARM_GCC_473\Debug\Networking Project.a(USB_cls.o)
                                0x24d (size before relaxing)
 .debug_str     0x00002c4e      0x104 .\CortexM3\ARM_GCC_473\Debug\Networking Project.a(USB_descr.o)
                                0x35c (size before relaxing)

.debug_loc      0x00000000     0x40d0
 *(.debug_loc)
 .debug_loc     0x00000000      0x1b0 .\CortexM3\ARM_GCC_473\Debug\main.o
 .debug_loc     0x000001b0      0x100 .\CortexM3\ARM_GCC_473\Debug\Cm3Start.o
 .debug_loc     0x000002b0      0x1f8 .\CortexM3\ARM_GCC_473\Debug\Networking Project.a(cyfitter_cfg.o)
 .debug_loc     0x000004a8      0x278 .\CortexM3\ARM_GCC_473\Debug\Networking Project.a(isr_RisingEdge.o)
 .debug_loc     0x00000720      0x278 .\CortexM3\ARM_GCC_473\Debug\Networking Project.a(isr_FallingEdge.o)
 .debug_loc     0x00000998       0xc8 .\CortexM3\ARM_GCC_473\Debug\Networking Project.a(Pin_LEDCollision.o)
 .debug_loc     0x00000a60       0xc8 .\CortexM3\ARM_GCC_473\Debug\Networking Project.a(Pin_LEDIdle.o)
 .debug_loc     0x00000b28      0xce0 .\CortexM3\ARM_GCC_473\Debug\Networking Project.a(CyLib.o)
 .debug_loc     0x00001808      0x2e8 .\CortexM3\ARM_GCC_473\Debug\Networking Project.a(cyPm.o)
 .debug_loc     0x00001af0       0xc8 .\CortexM3\ARM_GCC_473\Debug\Networking Project.a(Pin_LEDBusy.o)
 .debug_loc     0x00001bb8      0x2d0 .\CortexM3\ARM_GCC_473\Debug\Networking Project.a(Timer_BusyToCollision.o)
 .debug_loc     0x00001e88      0x2d0 .\CortexM3\ARM_GCC_473\Debug\Networking Project.a(Timer_BusyToIdle.o)
 .debug_loc     0x00002158      0x278 .\CortexM3\ARM_GCC_473\Debug\Networking Project.a(isr_BusyToCollision.o)
 .debug_loc     0x000023d0      0x278 .\CortexM3\ARM_GCC_473\Debug\Networking Project.a(isr_BusyToIdle.o)
 .debug_loc     0x00002648      0x410 .\CortexM3\ARM_GCC_473\Debug\Networking Project.a(USB.o)
 .debug_loc     0x00002a58      0x3d4 .\CortexM3\ARM_GCC_473\Debug\Networking Project.a(USB_cdc.o)
 .debug_loc     0x00002e2c      0x314 .\CortexM3\ARM_GCC_473\Debug\Networking Project.a(USB_drv.o)
 .debug_loc     0x00003140       0xdc .\CortexM3\ARM_GCC_473\Debug\Networking Project.a(USB_episr.o)
 .debug_loc     0x0000321c      0x150 .\CortexM3\ARM_GCC_473\Debug\Networking Project.a(USB_hid.o)
 .debug_loc     0x0000336c      0x294 .\CortexM3\ARM_GCC_473\Debug\Networking Project.a(USB_std.o)
 .debug_loc     0x00003600       0x38 .\CortexM3\ARM_GCC_473\Debug\Networking Project.a(USB_vnd.o)
 .debug_loc     0x00003638      0x298 .\CortexM3\ARM_GCC_473\Debug\Networking Project.a(Timer_sendData.o)
 .debug_loc     0x000038d0      0x278 .\CortexM3\ARM_GCC_473\Debug\Networking Project.a(isr_sendData.o)
 .debug_loc     0x00003b48       0xc8 .\CortexM3\ARM_GCC_473\Debug\Networking Project.a(Transm_Output.o)
 .debug_loc     0x00003c10      0x258 .\CortexM3\ARM_GCC_473\Debug\Networking Project.a(CyFlash.o)
 .debug_loc     0x00003e68      0x230 .\CortexM3\ARM_GCC_473\Debug\Networking Project.a(CySpc.o)
 .debug_loc     0x00004098       0x38 .\CortexM3\ARM_GCC_473\Debug\Networking Project.a(USB_cls.o)

.debug_macinfo
 *(.debug_macinfo)

.debug_ranges   0x00000000      0xb18
 *(.debug_ranges)
 .debug_ranges  0x00000000       0x50 .\CortexM3\ARM_GCC_473\Debug\main.o
 .debug_ranges  0x00000050       0x30 .\CortexM3\ARM_GCC_473\Debug\Cm3Start.o
 .debug_ranges  0x00000080       0x50 .\CortexM3\ARM_GCC_473\Debug\Networking Project.a(cyfitter_cfg.o)
 .debug_ranges  0x000000d0       0x70 .\CortexM3\ARM_GCC_473\Debug\Networking Project.a(isr_RisingEdge.o)
 .debug_ranges  0x00000140       0x70 .\CortexM3\ARM_GCC_473\Debug\Networking Project.a(isr_FallingEdge.o)
 .debug_ranges  0x000001b0       0x28 .\CortexM3\ARM_GCC_473\Debug\Networking Project.a(Pin_LEDCollision.o)
 .debug_ranges  0x000001d8       0x28 .\CortexM3\ARM_GCC_473\Debug\Networking Project.a(Pin_LEDIdle.o)
 .debug_ranges  0x00000200      0x208 .\CortexM3\ARM_GCC_473\Debug\Networking Project.a(CyLib.o)
 .debug_ranges  0x00000408       0x80 .\CortexM3\ARM_GCC_473\Debug\Networking Project.a(cyPm.o)
 .debug_ranges  0x00000488       0x28 .\CortexM3\ARM_GCC_473\Debug\Networking Project.a(Pin_LEDBusy.o)
 .debug_ranges  0x000004b0       0x80 .\CortexM3\ARM_GCC_473\Debug\Networking Project.a(Timer_BusyToCollision.o)
 .debug_ranges  0x00000530       0x80 .\CortexM3\ARM_GCC_473\Debug\Networking Project.a(Timer_BusyToIdle.o)
 .debug_ranges  0x000005b0       0x70 .\CortexM3\ARM_GCC_473\Debug\Networking Project.a(isr_BusyToCollision.o)
 .debug_ranges  0x00000620       0x70 .\CortexM3\ARM_GCC_473\Debug\Networking Project.a(isr_BusyToIdle.o)
 .debug_ranges  0x00000690       0xa0 .\CortexM3\ARM_GCC_473\Debug\Networking Project.a(USB.o)
 .debug_ranges  0x00000730       0xa0 .\CortexM3\ARM_GCC_473\Debug\Networking Project.a(USB_cdc.o)
 .debug_ranges  0x000007d0       0x88 .\CortexM3\ARM_GCC_473\Debug\Networking Project.a(USB_drv.o)
 .debug_ranges  0x00000858       0x30 .\CortexM3\ARM_GCC_473\Debug\Networking Project.a(USB_episr.o)
 .debug_ranges  0x00000888       0x38 .\CortexM3\ARM_GCC_473\Debug\Networking Project.a(USB_hid.o)
 .debug_ranges  0x000008c0       0x68 .\CortexM3\ARM_GCC_473\Debug\Networking Project.a(USB_std.o)
 .debug_ranges  0x00000928       0x10 .\CortexM3\ARM_GCC_473\Debug\Networking Project.a(USB_vnd.o)
 .debug_ranges  0x00000938       0x78 .\CortexM3\ARM_GCC_473\Debug\Networking Project.a(Timer_sendData.o)
 .debug_ranges  0x000009b0       0x70 .\CortexM3\ARM_GCC_473\Debug\Networking Project.a(isr_sendData.o)
 .debug_ranges  0x00000a20       0x28 .\CortexM3\ARM_GCC_473\Debug\Networking Project.a(Transm_Output.o)
 .debug_ranges  0x00000a48       0x68 .\CortexM3\ARM_GCC_473\Debug\Networking Project.a(CyFlash.o)
 .debug_ranges  0x00000ab0       0x58 .\CortexM3\ARM_GCC_473\Debug\Networking Project.a(CySpc.o)
 .debug_ranges  0x00000b08       0x10 .\CortexM3\ARM_GCC_473\Debug\Networking Project.a(USB_cls.o)

.comment        0x00000000       0x70
 .comment       0x00000000       0x70 .\CortexM3\ARM_GCC_473\Debug\main.o
                                 0x71 (size before relaxing)
 .comment       0x00000000       0x71 .\CortexM3\ARM_GCC_473\Debug\cymetadata.o
 .comment       0x00000000       0x71 .\CortexM3\ARM_GCC_473\Debug\Cm3Start.o
 .comment       0x00000000       0x71 .\CortexM3\ARM_GCC_473\Debug\Networking Project.a(cyfitter_cfg.o)
 .comment       0x00000000       0x71 .\CortexM3\ARM_GCC_473\Debug\Networking Project.a(isr_RisingEdge.o)
 .comment       0x00000000       0x71 .\CortexM3\ARM_GCC_473\Debug\Networking Project.a(isr_FallingEdge.o)
 .comment       0x00000000       0x71 .\CortexM3\ARM_GCC_473\Debug\Networking Project.a(Pin_LEDCollision.o)
 .comment       0x00000000       0x71 .\CortexM3\ARM_GCC_473\Debug\Networking Project.a(Pin_LEDIdle.o)
 .comment       0x00000000       0x71 .\CortexM3\ARM_GCC_473\Debug\Networking Project.a(CyLib.o)
 .comment       0x00000000       0x71 .\CortexM3\ARM_GCC_473\Debug\Networking Project.a(cyPm.o)
 .comment       0x00000000       0x71 .\CortexM3\ARM_GCC_473\Debug\Networking Project.a(Pin_LEDBusy.o)
 .comment       0x00000000       0x71 .\CortexM3\ARM_GCC_473\Debug\Networking Project.a(Timer_BusyToCollision.o)
 .comment       0x00000000       0x71 .\CortexM3\ARM_GCC_473\Debug\Networking Project.a(Timer_BusyToIdle.o)
 .comment       0x00000000       0x71 .\CortexM3\ARM_GCC_473\Debug\Networking Project.a(isr_BusyToCollision.o)
 .comment       0x00000000       0x71 .\CortexM3\ARM_GCC_473\Debug\Networking Project.a(isr_BusyToIdle.o)
 .comment       0x00000000       0x71 .\CortexM3\ARM_GCC_473\Debug\Networking Project.a(USB.o)
 .comment       0x00000000       0x71 .\CortexM3\ARM_GCC_473\Debug\Networking Project.a(USB_cdc.o)
 .comment       0x00000000       0x71 .\CortexM3\ARM_GCC_473\Debug\Networking Project.a(USB_drv.o)
 .comment       0x00000000       0x71 .\CortexM3\ARM_GCC_473\Debug\Networking Project.a(USB_episr.o)
 .comment       0x00000000       0x71 .\CortexM3\ARM_GCC_473\Debug\Networking Project.a(USB_hid.o)
 .comment       0x00000000       0x71 .\CortexM3\ARM_GCC_473\Debug\Networking Project.a(USB_std.o)
 .comment       0x00000000       0x71 .\CortexM3\ARM_GCC_473\Debug\Networking Project.a(USB_vnd.o)
 .comment       0x00000000       0x71 .\CortexM3\ARM_GCC_473\Debug\Networking Project.a(Timer_sendData.o)
 .comment       0x00000000       0x71 .\CortexM3\ARM_GCC_473\Debug\Networking Project.a(isr_sendData.o)
 .comment       0x00000000       0x71 .\CortexM3\ARM_GCC_473\Debug\Networking Project.a(Transm_Output.o)
 .comment       0x00000000       0x71 .\CortexM3\ARM_GCC_473\Debug\Networking Project.a(CyFlash.o)
 .comment       0x00000000       0x71 .\CortexM3\ARM_GCC_473\Debug\Networking Project.a(CySpc.o)
 .comment       0x00000000       0x71 .\CortexM3\ARM_GCC_473\Debug\Networking Project.a(USB_cls.o)
 .comment       0x00000000       0x71 .\CortexM3\ARM_GCC_473\Debug\Networking Project.a(USB_descr.o)

.debug_weaknames
 *(.debug_weaknames)

.debug_funcnames
 *(.debug_funcnames)

.debug_typenames
 *(.debug_typenames)

.debug_varnames
 *(.debug_varnames)

.note.gnu.arm.ident
 *(.note.gnu.arm.ident)

.ARM.attributes
                0x00000000       0x29
 *(.ARM.attributes)
 .ARM.attributes
                0x00000000       0x1d c:/program files (x86)/cypress/psoc creator/3.0/psoc creator/import/gnu_cs/arm/4.7.3/bin/../lib/gcc/arm-none-eabi/4.7.3/armv7-m/crti.o
 .ARM.attributes
                0x0000001d       0x2d c:/program files (x86)/cypress/psoc creator/3.0/psoc creator/import/gnu_cs/arm/4.7.3/bin/../lib/gcc/arm-none-eabi/4.7.3/armv7-m/crtbegin.o
 .ARM.attributes
                0x0000004a       0x1b c:/program files (x86)/cypress/psoc creator/3.0/psoc creator/import/gnu_cs/arm/4.7.3/bin/../lib/gcc/arm-none-eabi/4.7.3/../../../../arm-none-eabi/lib/armv7-m/crt0.o
 .ARM.attributes
                0x00000065       0x33 .\CortexM3\ARM_GCC_473\Debug\main.o
 .ARM.attributes
                0x00000098       0x33 .\CortexM3\ARM_GCC_473\Debug\cymetadata.o
 .ARM.attributes
                0x000000cb       0x33 .\CortexM3\ARM_GCC_473\Debug\Cm3Start.o
 .ARM.attributes
                0x000000fe       0x33 .\CortexM3\ARM_GCC_473\Debug\Networking Project.a(cyfitter_cfg.o)
 .ARM.attributes
                0x00000131       0x33 .\CortexM3\ARM_GCC_473\Debug\Networking Project.a(isr_RisingEdge.o)
 .ARM.attributes
                0x00000164       0x33 .\CortexM3\ARM_GCC_473\Debug\Networking Project.a(isr_FallingEdge.o)
 .ARM.attributes
                0x00000197       0x33 .\CortexM3\ARM_GCC_473\Debug\Networking Project.a(Pin_LEDCollision.o)
 .ARM.attributes
                0x000001ca       0x33 .\CortexM3\ARM_GCC_473\Debug\Networking Project.a(Pin_LEDIdle.o)
 .ARM.attributes
                0x000001fd       0x21 .\CortexM3\ARM_GCC_473\Debug\Networking Project.a(CyBootAsmGnu.o)
 .ARM.attributes
                0x0000021e       0x33 .\CortexM3\ARM_GCC_473\Debug\Networking Project.a(CyLib.o)
 .ARM.attributes
                0x00000251       0x33 .\CortexM3\ARM_GCC_473\Debug\Networking Project.a(cyPm.o)
 .ARM.attributes
                0x00000284       0x33 .\CortexM3\ARM_GCC_473\Debug\Networking Project.a(Pin_LEDBusy.o)
 .ARM.attributes
                0x000002b7       0x33 .\CortexM3\ARM_GCC_473\Debug\Networking Project.a(Timer_BusyToCollision.o)
 .ARM.attributes
                0x000002ea       0x33 .\CortexM3\ARM_GCC_473\Debug\Networking Project.a(Timer_BusyToIdle.o)
 .ARM.attributes
                0x0000031d       0x33 .\CortexM3\ARM_GCC_473\Debug\Networking Project.a(isr_BusyToCollision.o)
 .ARM.attributes
                0x00000350       0x33 .\CortexM3\ARM_GCC_473\Debug\Networking Project.a(isr_BusyToIdle.o)
 .ARM.attributes
                0x00000383       0x33 .\CortexM3\ARM_GCC_473\Debug\Networking Project.a(USB.o)
 .ARM.attributes
                0x000003b6       0x33 .\CortexM3\ARM_GCC_473\Debug\Networking Project.a(USB_cdc.o)
 .ARM.attributes
                0x000003e9       0x33 .\CortexM3\ARM_GCC_473\Debug\Networking Project.a(USB_drv.o)
 .ARM.attributes
                0x0000041c       0x33 .\CortexM3\ARM_GCC_473\Debug\Networking Project.a(USB_episr.o)
 .ARM.attributes
                0x0000044f       0x33 .\CortexM3\ARM_GCC_473\Debug\Networking Project.a(USB_hid.o)
 .ARM.attributes
                0x00000482       0x33 .\CortexM3\ARM_GCC_473\Debug\Networking Project.a(USB_std.o)
 .ARM.attributes
                0x000004b5       0x33 .\CortexM3\ARM_GCC_473\Debug\Networking Project.a(USB_vnd.o)
 .ARM.attributes
                0x000004e8       0x33 .\CortexM3\ARM_GCC_473\Debug\Networking Project.a(Timer_sendData.o)
 .ARM.attributes
                0x0000051b       0x33 .\CortexM3\ARM_GCC_473\Debug\Networking Project.a(isr_sendData.o)
 .ARM.attributes
                0x0000054e       0x33 .\CortexM3\ARM_GCC_473\Debug\Networking Project.a(Transm_Output.o)
 .ARM.attributes
                0x00000581       0x33 .\CortexM3\ARM_GCC_473\Debug\Networking Project.a(CyFlash.o)
 .ARM.attributes
                0x000005b4       0x33 .\CortexM3\ARM_GCC_473\Debug\Networking Project.a(CySpc.o)
 .ARM.attributes
                0x000005e7       0x33 .\CortexM3\ARM_GCC_473\Debug\Networking Project.a(USB_cls.o)
 .ARM.attributes
                0x0000061a       0x33 .\CortexM3\ARM_GCC_473\Debug\Networking Project.a(USB_descr.o)
 .ARM.attributes
                0x0000064d       0x2d c:/program files (x86)/cypress/psoc creator/3.0/psoc creator/import/gnu_cs/arm/4.7.3/bin/../lib/gcc/arm-none-eabi/4.7.3/../../../../arm-none-eabi/lib/armv7-m\libc_s.a(lib_a-__atexit2.o)
 .ARM.attributes
                0x0000067a       0x2d c:/program files (x86)/cypress/psoc creator/3.0/psoc creator/import/gnu_cs/arm/4.7.3/bin/../lib/gcc/arm-none-eabi/4.7.3/../../../../arm-none-eabi/lib/armv7-m\libc_s.a(lib_a-exit.o)
 .ARM.attributes
                0x000006a7       0x2d c:/program files (x86)/cypress/psoc creator/3.0/psoc creator/import/gnu_cs/arm/4.7.3/bin/../lib/gcc/arm-none-eabi/4.7.3/../../../../arm-none-eabi/lib/armv7-m\libc_s.a(lib_a-fini.o)
 .ARM.attributes
                0x000006d4       0x2d c:/program files (x86)/cypress/psoc creator/3.0/psoc creator/import/gnu_cs/arm/4.7.3/bin/../lib/gcc/arm-none-eabi/4.7.3/../../../../arm-none-eabi/lib/armv7-m\libc_s.a(lib_a-impure.o)
 .ARM.attributes
                0x00000701       0x2d c:/program files (x86)/cypress/psoc creator/3.0/psoc creator/import/gnu_cs/arm/4.7.3/bin/../lib/gcc/arm-none-eabi/4.7.3/../../../../arm-none-eabi/lib/armv7-m\libc_s.a(lib_a-init.o)
 .ARM.attributes
                0x0000072e       0x2d c:/program files (x86)/cypress/psoc creator/3.0/psoc creator/import/gnu_cs/arm/4.7.3/bin/../lib/gcc/arm-none-eabi/4.7.3/../../../../arm-none-eabi/lib/armv7-m\libc_s.a(lib_a-memcpy.o)
 .ARM.attributes
                0x0000075b       0x2d c:/program files (x86)/cypress/psoc creator/3.0/psoc creator/import/gnu_cs/arm/4.7.3/bin/../lib/gcc/arm-none-eabi/4.7.3/../../../../arm-none-eabi/lib/armv7-m\libc_s.a(lib_a-memset.o)
 .ARM.attributes
                0x00000788       0x2d c:/program files (x86)/cypress/psoc creator/3.0/psoc creator/import/gnu_cs/arm/4.7.3/bin/../lib/gcc/arm-none-eabi/4.7.3/../../../../arm-none-eabi/lib/armv7-m\libc_s.a(lib_a-strcpy.o)
 .ARM.attributes
                0x000007b5       0x2d c:/program files (x86)/cypress/psoc creator/3.0/psoc creator/import/gnu_cs/arm/4.7.3/bin/../lib/gcc/arm-none-eabi/4.7.3/armv7-m/crtend.o
 .ARM.attributes
                0x000007e2       0x1d c:/program files (x86)/cypress/psoc creator/3.0/psoc creator/import/gnu_cs/arm/4.7.3/bin/../lib/gcc/arm-none-eabi/4.7.3/armv7-m/crtn.o

/DISCARD/
 *(.note.GNU-stack)
OUTPUT(.\CortexM3\ARM_GCC_473\Debug\Networking Project.elf elf32-littlearm)
