Archive member included because of file (symbol)

.\CortexM3\ARM_GCC_473\Debug\Networking Project.a(cyfitter_cfg.o)
                              .\CortexM3\ARM_GCC_473\Debug\Cm3Start.o (cyfitter_cfg)
.\CortexM3\ARM_GCC_473\Debug\Networking Project.a(isr_RisingEdge.o)
                              .\CortexM3\ARM_GCC_473\Debug\main.o (isr_RisingEdge_StartEx)
.\CortexM3\ARM_GCC_473\Debug\Networking Project.a(isr_FallingEdge.o)
                              .\CortexM3\ARM_GCC_473\Debug\main.o (isr_FallingEdge_StartEx)
.\CortexM3\ARM_GCC_473\Debug\Networking Project.a(Pin_LEDCollision.o)
                              .\CortexM3\ARM_GCC_473\Debug\main.o (Pin_LEDCollision_Write)
.\CortexM3\ARM_GCC_473\Debug\Networking Project.a(Pin_LEDIdle.o)
                              .\CortexM3\ARM_GCC_473\Debug\main.o (Pin_LEDIdle_Write)
.\CortexM3\ARM_GCC_473\Debug\Networking Project.a(CyBootAsmGnu.o)
                              .\CortexM3\ARM_GCC_473\Debug\Networking Project.a(cyfitter_cfg.o) (CyDelayCycles)
.\CortexM3\ARM_GCC_473\Debug\Networking Project.a(CyLib.o)
                              .\CortexM3\ARM_GCC_473\Debug\Cm3Start.o (CyResetStatus)
.\CortexM3\ARM_GCC_473\Debug\Networking Project.a(cyPm.o)
                              .\CortexM3\ARM_GCC_473\Debug\Networking Project.a(CyLib.o) (CyPmReadStatus)
.\CortexM3\ARM_GCC_473\Debug\Networking Project.a(Pin_LEDBusy.o)
                              .\CortexM3\ARM_GCC_473\Debug\main.o (Pin_LEDBusy_Write)
.\CortexM3\ARM_GCC_473\Debug\Networking Project.a(Timer_BusyToCollision.o)
                              .\CortexM3\ARM_GCC_473\Debug\main.o (Timer_BusyToCollision_WriteCounter)
.\CortexM3\ARM_GCC_473\Debug\Networking Project.a(Timer_BusyToIdle.o)
                              .\CortexM3\ARM_GCC_473\Debug\main.o (Timer_BusyToIdle_WriteCounter)
.\CortexM3\ARM_GCC_473\Debug\Networking Project.a(isr_BusyToCollision.o)
                              .\CortexM3\ARM_GCC_473\Debug\main.o (isr_BusyToCollision_StartEx)
.\CortexM3\ARM_GCC_473\Debug\Networking Project.a(isr_BusyToIdle.o)
                              .\CortexM3\ARM_GCC_473\Debug\main.o (isr_BusyToIdle_StartEx)
.\CortexM3\ARM_GCC_473\Debug\Networking Project.a(USB.o)
                              .\CortexM3\ARM_GCC_473\Debug\main.o (USB_Start)
.\CortexM3\ARM_GCC_473\Debug\Networking Project.a(USB_drv.o)
                              .\CortexM3\ARM_GCC_473\Debug\Networking Project.a(USB.o) (USB_EP)
.\CortexM3\ARM_GCC_473\Debug\Networking Project.a(USB_episr.o)
                              .\CortexM3\ARM_GCC_473\Debug\Networking Project.a(USB.o) (USB_EP_1_ISR)
.\CortexM3\ARM_GCC_473\Debug\Networking Project.a(USB_std.o)
                              .\CortexM3\ARM_GCC_473\Debug\Networking Project.a(USB_drv.o) (USB_HandleStandardRqst)
.\CortexM3\ARM_GCC_473\Debug\Networking Project.a(USB_vnd.o)
                              .\CortexM3\ARM_GCC_473\Debug\Networking Project.a(USB_drv.o) (USB_HandleVendorRqst)
.\CortexM3\ARM_GCC_473\Debug\Networking Project.a(Timer_sendData.o)
                              .\CortexM3\ARM_GCC_473\Debug\main.o (Timer_sendData_Start)
.\CortexM3\ARM_GCC_473\Debug\Networking Project.a(isr_sendData.o)
                              .\CortexM3\ARM_GCC_473\Debug\main.o (isr_sendData_StartEx)
.\CortexM3\ARM_GCC_473\Debug\Networking Project.a(Transm_Output.o)
                              .\CortexM3\ARM_GCC_473\Debug\main.o (Transm_Output_Write)
.\CortexM3\ARM_GCC_473\Debug\Networking Project.a(CyFlash.o)
                              .\CortexM3\ARM_GCC_473\Debug\Networking Project.a(cyPm.o) (CyFlash_SetWaitCycles)
.\CortexM3\ARM_GCC_473\Debug\Networking Project.a(CySpc.o)
                              .\CortexM3\ARM_GCC_473\Debug\Networking Project.a(CyFlash.o) (CySpcStart)
.\CortexM3\ARM_GCC_473\Debug\Networking Project.a(USB_cls.o)
                              .\CortexM3\ARM_GCC_473\Debug\Networking Project.a(USB_drv.o) (USB_DispatchClassRqst)
.\CortexM3\ARM_GCC_473\Debug\Networking Project.a(USB_descr.o)
                              .\CortexM3\ARM_GCC_473\Debug\Networking Project.a(USB_std.o) (USB_TABLE)
c:/program files (x86)/cypress/psoc creator/3.0/psoc creator/import/gnu_cs/arm/4.7.3/bin/../lib/gcc/arm-none-eabi/4.7.3/../../../../arm-none-eabi/lib/armv7-m\libc_s.a(lib_a-__atexit2.o)
                              c:/program files (x86)/cypress/psoc creator/3.0/psoc creator/import/gnu_cs/arm/4.7.3/bin/../lib/gcc/arm-none-eabi/4.7.3/../../../../arm-none-eabi/lib/armv7-m/crt0.o (__register_exitproc)
c:/program files (x86)/cypress/psoc creator/3.0/psoc creator/import/gnu_cs/arm/4.7.3/bin/../lib/gcc/arm-none-eabi/4.7.3/../../../../arm-none-eabi/lib/armv7-m\libc_s.a(lib_a-exit.o)
                              c:/program files (x86)/cypress/psoc creator/3.0/psoc creator/import/gnu_cs/arm/4.7.3/bin/../lib/gcc/arm-none-eabi/4.7.3/../../../../arm-none-eabi/lib/armv7-m/crt0.o (exit)
[...]
Memory Configuration

Name             Origin             Length             Attributes
rom              0x00000000         0x00040000         xr
ram              0x1fff8000         0x00010000         xrw
*default*        0x00000000         0xffffffff

Linker script and memory map

LOAD c:/program files (x86)/cypress/psoc creator/3.0/psoc creator/import/gnu_cs/arm/4.7.3/bin/../lib/gcc/arm-none-eabi/4.7.3/armv7-m/crti.o
LOAD c:/program files (x86)/cypress/psoc creator/3.0/psoc creator/import/gnu_cs/arm/4.7.3/bin/../lib/gcc/arm-none-eabi/4.7.3/armv7-m/crtbegin.o
LOAD c:/program files (x86)/cypress/psoc creator/3.0/psoc creator/import/gnu_cs/arm/4.7.3/bin/../lib/gcc/arm-none-eabi/4.7.3/../../../../arm-none-eabi/lib/armv7-m/crt0.o
START GROUP
LOAD .\CortexM3\ARM_GCC_473\Debug\main.o
LOAD .\CortexM3\ARM_GCC_473\Debug\cymetadata.o
LOAD .\CortexM3\ARM_GCC_473\Debug\Cm3Start.o
LOAD .\CortexM3\ARM_GCC_473\Debug\Networking Project.a
LOAD C:\Program Files (x86)\Cypress\PSoC Creator\3.0\PSoC Creator\psoc\content\cycomponentlibrary\CyComponentLibrary.cylib\CortexM3\ARM_GCC_473\Debug\CyComponentLibrary.a
END GROUP
START GROUP
LOAD c:/program files (x86)/cypress/psoc creator/3.0/psoc creator/import/gnu_cs/arm/4.7.3/bin/../lib/gcc/arm-none-eabi/4.7.3/armv7-m\libgcc.a
LOAD c:/program files (x86)/cypress/psoc creator/3.0/psoc creator/import/gnu_cs/arm/4.7.3/bin/../lib/gcc/arm-none-eabi/4.7.3/../../../../arm-none-eabi/lib/armv7-m\libc_s.a
END GROUP
LOAD c:/program files (x86)/cypress/psoc creator/3.0/psoc creator/import/gnu_cs/arm/4.7.3/bin/../lib/gcc/arm-none-eabi/4.7.3/armv7-m/crtend.o
LOAD c:/program files (x86)/cypress/psoc creator/3.0/psoc creator/import/gnu_cs/arm/4.7.3/bin/../lib/gcc/arm-none-eabi/4.7.3/armv7-m/crtn.o
START GROUP
LOAD c:/program files (x86)/cypress/psoc creator/3.0/psoc creator/import/gnu_cs/arm/4.7.3/bin/../lib/gcc/arm-none-eabi/4.7.3/armv7-m\libgcc.a
LOAD c:/program files (x86)/cypress/psoc creator/3.0/psoc creator/import/gnu_cs/arm/4.7.3/bin/../lib/gcc/arm-none-eabi/4.7.3/../../../../arm-none-eabi/lib/armv7-m\libc.a
LOAD c:/program files (x86)/cypress/psoc creator/3.0/psoc creator/import/gnu_cs/arm/4.7.3/bin/../lib/gcc/arm-none-eabi/4.7.3/../../../../arm-none-eabi/lib/armv7-m\libnosys.a
END GROUP
                0x00000000                CY_APPL_ORIGIN = 0x0
                0x00000100                CY_FLASH_ROW_SIZE = 0x100
                0x00000020                CY_ECC_ROW_SIZE = 0x20
                0x00000000                CY_EE_IN_BTLDR = 0x0
                0x00000000                CY_APPL_LOADABLE = 0x0
                0x00000800                CY_EE_SIZE = 0x800
                0x00000001                CY_APPL_NUM = 0x1
                0x00000001                CY_APPL_MAX = 0x1
                0x00000040                CY_METADATA_SIZE = 0x40
                0x1fff8538                PROVIDE (__cy_heap_start, _end)
                0x00000001                PROVIDE (__cy_region_num, ((__cy_regions_end - __cy_regions) / 0x10))
                0x20008000                PROVIDE (__cy_stack, (ORIGIN (ram) + 0x10000))
                0x20004000                PROVIDE (__cy_heap_end, (__cy_stack - 0x4000))

.cybootloader   0x00000000        0x0
 *(.cybootloader)
                0x00000000                appl1_start = CY_APPL_ORIGIN?CY_APPL_ORIGIN:ALIGN (CY_FLASH_ROW_SIZE)
                0x0001ff00                appl2_start = (appl1_start + ALIGN ((((0x40000 - appl1_start) - (0x2 * CY_FLASH_ROW_SIZE)) / 0x2), CY_FLASH_ROW_SIZE))
                0x00000000                appl_start = (CY_APPL_NUM == 0x1)?appl1_start:appl2_start
                0x00000000                ecc_offset = ((appl_start / CY_FLASH_ROW_SIZE) * CY_ECC_ROW_SIZE)
                0x00000000                ee_offset = (CY_APPL_LOADABLE && ! (CY_EE_IN_BTLDR))?((CY_EE_SIZE / CY_APPL_MAX) * (CY_APPL_NUM - 0x1)):0x0
                0x00000800                ee_size = (CY_APPL_LOADABLE && ! (CY_EE_IN_BTLDR))?(CY_EE_SIZE / CY_APPL_MAX):CY_EE_SIZE
                0x00000000                PROVIDE (CY_ECC_OFFSET, ecc_offset)

.text           0x00000000     0x3e74
 CREATE_OBJECT_SYMBOLS
                0x00000000                PROVIDE (__cy_interrupt_vector, RomVectors)
 *(.romvectors)
 .romvectors    0x00000000       0x10 .\CortexM3\ARM_GCC_473\Debug\Cm3Start.o
                0x00000000                RomVectors
                0x00000001                ASSERT ((. != __cy_interrupt_vector), No interrupt vector)
                0x00000001                ASSERT (CY_APPL_ORIGIN?(SIZEOF (.cybootloader) <= CY_APPL_ORIGIN):0x1, Wrong image location)
                0x00000010                PROVIDE (__cy_reset, Reset)
 *(.text.Reset)
 .text.Reset    0x00000010       0x1c .\CortexM3\ARM_GCC_473\Debug\Cm3Start.o
                0x00000010                Reset
                0x00000001                ASSERT ((. != __cy_reset), No reset code)
 *(.dma_init)
                0x00000001                ASSERT ((((appl_start + .) <= 0x10000) || 0x1), DMA Init must be within the first 64k of flash)
 *(.text .text.* .gnu.linkonce.t.*)
 .text          0x0000002c       0x54 c:/program files (x86)/cypress/psoc creator/3.0/psoc creator/import/gnu_cs/arm/4.7.3/bin/../lib/gcc/arm-none-eabi/4.7.3/armv7-m/crtbegin.o
 .text.isr_FallingEdgeDetected
                0x00000080       0x20 .\CortexM3\ARM_GCC_473\Debug\main.o
                0x00000080                isr_FallingEdgeDetected
 .text.isr_RisingEdgeDetected
                0x000000a0       0x20 .\CortexM3\ARM_GCC_473\Debug\main.o
                0x000000a0                isr_RisingEdgeDetected
 .text.isr_BusyToIdle
                0x000000c0       0x1c .\CortexM3\ARM_GCC_473\Debug\main.o
                0x000000c0                isr_BusyToIdle
 .text.isr_BusyToCollision
                0x000000dc       0x1c .\CortexM3\ARM_GCC_473\Debug\main.o
                0x000000dc                isr_BusyToCollision
 .text.isr_sendingData
                0x000000f8       0x38 .\CortexM3\ARM_GCC_473\Debug\main.o
                0x000000f8                isr_sendingData
 .text.main     0x00000130      0x468 .\CortexM3\ARM_GCC_473\Debug\main.o
                0x00000130                main
 .text.init     0x00000598       0x60 .\CortexM3\ARM_GCC_473\Debug\main.o
                0x00000598                init
 .text.IntDefaultHandler
                0x000005f8        0x8 .\CortexM3\ARM_GCC_473\Debug\Cm3Start.o
                0x000005f8                IntDefaultHandler
 .text.Start_c  0x00000600       0xcc .\CortexM3\ARM_GCC_473\Debug\Cm3Start.o
                0x00000600                Start_c
 .text.initialize_psoc
                0x000006cc       0xb4 .\CortexM3\ARM_GCC_473\Debug\Cm3Start.o
                0x000006cc                initialize_psoc
 .text.CYMEMZERO
                0x00000780       0x20 .\CortexM3\ARM_GCC_473\Debug\Networking Project.a(cyfitter_cfg.o)
 .text.CYCONFIGCPY
                0x000007a0       0x20 .\CortexM3\ARM_GCC_473\Debug\Networking Project.a(cyfitter_cfg.o)
 .text.CyClockStartupError
                0x000007c0        0xc .\CortexM3\ARM_GCC_473\Debug\Networking Project.a(cyfitter_cfg.o)
 .text.cfg_write_bytes32
                0x000007cc       0x84 .\CortexM3\ARM_GCC_473\Debug\Networking Project.a(cyfitter_cfg.o)
 .text.ClockSetup
                0x00000850      0x11c .\CortexM3\ARM_GCC_473\Debug\Networking Project.a(cyfitter_cfg.o)
 .text.AnalogSetDefault
                0x0000096c       0x50 .\CortexM3\ARM_GCC_473\Debug\Networking Project.a(cyfitter_cfg.o)
 .text.cyfitter_cfg
                0x000009bc      0x19c .\CortexM3\ARM_GCC_473\Debug\Networking Project.a(cyfitter_cfg.o)
                0x000009bc                cyfitter_cfg
 .text.isr_RisingEdge_StartEx
                0x00000b58       0x28 .\CortexM3\ARM_GCC_473\Debug\Networking Project.a(isr_RisingEdge.o)
                0x00000b58                isr_RisingEdge_StartEx
 .text.isr_RisingEdge_SetVector
                0x00000b80       0x28 .\CortexM3\ARM_GCC_473\Debug\Networking Project.a(isr_RisingEdge.o)
                0x00000b80                isr_RisingEdge_SetVector
 .text.isr_RisingEdge_SetPriority
                0x00000ba8       0x28 .\CortexM3\ARM_GCC_473\Debug\Networking Project.a(isr_RisingEdge.o)
                0x00000ba8                isr_RisingEdge_SetPriority
 .text.isr_RisingEdge_Enable
                0x00000bd0       0x18 .\CortexM3\ARM_GCC_473\Debug\Networking Project.a(isr_RisingEdge.o)
                0x00000bd0                isr_RisingEdge_Enable
 .text.isr_RisingEdge_Disable
                0x00000be8       0x18 .\CortexM3\ARM_GCC_473\Debug\Networking Project.a(isr_RisingEdge.o)
                0x00000be8                isr_RisingEdge_Disable
 .text.isr_FallingEdge_StartEx
                0x00000c00       0x28 .\CortexM3\ARM_GCC_473\Debug\Networking Project.a(isr_FallingEdge.o)
                0x00000c00                isr_FallingEdge_StartEx
 .text.isr_FallingEdge_SetVector
                0x00000c28       0x28 .\CortexM3\ARM_GCC_473\Debug\Networking Project.a(isr_FallingEdge.o)
                0x00000c28                isr_FallingEdge_SetVector
 .text.isr_FallingEdge_SetPriority
                0x00000c50       0x28 .\CortexM3\ARM_GCC_473\Debug\Networking Project.a(isr_FallingEdge.o)
                0x00000c50                isr_FallingEdge_SetPriority
 .text.isr_FallingEdge_Enable
                0x00000c78       0x18 .\CortexM3\ARM_GCC_473\Debug\Networking Project.a(isr_FallingEdge.o)
                0x00000c78                isr_FallingEdge_Enable
 .text.isr_FallingEdge_Disable
                0x00000c90       0x18 .\CortexM3\ARM_GCC_473\Debug\Networking Project.a(isr_FallingEdge.o)
                0x00000c90                isr_FallingEdge_Disable
 .text.Pin_LEDCollision_Write
                0x00000ca8       0x40 .\CortexM3\ARM_GCC_473\Debug\Networking Project.a(Pin_LEDCollision.o)
                0x00000ca8                Pin_LEDCollision_Write
 .text.Pin_LEDIdle_Write
                0x00000ce8       0x44 .\CortexM3\ARM_GCC_473\Debug\Networking Project.a(Pin_LEDIdle.o)
                0x00000ce8                Pin_LEDIdle_Write
 *fill*         0x00000d2c        0x4 00
 .text          0x00000d30       0x28 .\CortexM3\ARM_GCC_473\Debug\Networking Project.a(CyBootAsmGnu.o)
                0x00000d30                CyDelayCycles
                0x00000d44                CyEnterCriticalSection
                0x00000d4c                CyExitCriticalSection
 .text.CyHalt   0x00000d58       0x18 .\CortexM3\ARM_GCC_473\Debug\Networking Project.a(CyLib.o)
                0x00000d58                CyHalt
 .text.CyDelayUs
                0x00000d70       0x28 .\CortexM3\ARM_GCC_473\Debug\Networking Project.a(CyLib.o)
                0x00000d70                CyDelayUs
 .text.CyIntSetVector
                0x00000d98       0x60 .\CortexM3\ARM_GCC_473\Debug\Networking Project.a(CyLib.o)
                0x00000d98                CyIntSetVector
 .text.CyIntSetPriority
                0x00000df8       0x4c .\CortexM3\ARM_GCC_473\Debug\Networking Project.a(CyLib.o)
                0x00000df8                CyIntSetPriority
 .text.Pin_LEDBusy_Write
                0x00000e44       0x44 .\CortexM3\ARM_GCC_473\Debug\Networking Project.a(Pin_LEDBusy.o)
                0x00000e44                Pin_LEDBusy_Write
 .text.Timer_BusyToCollision_Init
                0x00000e88       0x58 .\CortexM3\ARM_GCC_473\Debug\Networking Project.a(Timer_BusyToCollision.o)
                0x00000e88                Timer_BusyToCollision_Init
 .text.Timer_BusyToCollision_Enable
                0x00000ee0       0x28 .\CortexM3\ARM_GCC_473\Debug\Networking Project.a(Timer_BusyToCollision.o)
                0x00000ee0                Timer_BusyToCollision_Enable
 .text.Timer_BusyToCollision_Start
                0x00000f08       0x2c .\CortexM3\ARM_GCC_473\Debug\Networking Project.a(Timer_BusyToCollision.o)
                0x00000f08                Timer_BusyToCollision_Start
 .text.Timer_BusyToCollision_SetInterruptMode
                0x00000f34       0x20 .\CortexM3\ARM_GCC_473\Debug\Networking Project.a(Timer_BusyToCollision.o)
                0x00000f34                Timer_BusyToCollision_SetInterruptMode
 .text.Timer_BusyToCollision_ReadStatusRegister
                0x00000f54       0x18 .\CortexM3\ARM_GCC_473\Debug\Networking Project.a(Timer_BusyToCollision.o)
                0x00000f54                Timer_BusyToCollision_ReadStatusRegister
 .text.Timer_BusyToCollision_WritePeriod
                0x00000f6c       0x20 .\CortexM3\ARM_GCC_473\Debug\Networking Project.a(Timer_BusyToCollision.o)
                0x00000f6c                Timer_BusyToCollision_WritePeriod
 .text.Timer_BusyToCollision_ReadCapture
                0x00000f8c       0x18 .\CortexM3\ARM_GCC_473\Debug\Networking Project.a(Timer_BusyToCollision.o)
                0x00000f8c                Timer_BusyToCollision_ReadCapture
 .text.Timer_BusyToCollision_WriteCounter
                0x00000fa4       0x20 .\CortexM3\ARM_GCC_473\Debug\Networking Project.a(Timer_BusyToCollision.o)
                0x00000fa4                Timer_BusyToCollision_WriteCounter
 .text.Timer_BusyToCollision_ClearFIFO
                0x00000fc4       0x1c .\CortexM3\ARM_GCC_473\Debug\Networking Project.a(Timer_BusyToCollision.o)
                0x00000fc4                Timer_BusyToCollision_ClearFIFO
 .text.Timer_BusyToIdle_Init
                0x00000fe0       0x58 .\CortexM3\ARM_GCC_473\Debug\Networking Project.a(Timer_BusyToIdle.o)
                0x00000fe0                Timer_BusyToIdle_Init
 .text.Timer_BusyToIdle_Enable
                0x00001038       0x28 .\CortexM3\ARM_GCC_473\Debug\Networking Project.a(Timer_BusyToIdle.o)
                0x00001038                Timer_BusyToIdle_Enable
 .text.Timer_BusyToIdle_Start
                0x00001060       0x2c .\CortexM3\ARM_GCC_473\Debug\Networking Project.a(Timer_BusyToIdle.o)
                0x00001060                Timer_BusyToIdle_Start
 .text.Timer_BusyToIdle_SetInterruptMode
                0x0000108c       0x20 .\CortexM3\ARM_GCC_473\Debug\Networking Project.a(Timer_BusyToIdle.o)
                0x0000108c                Timer_BusyToIdle_SetInterruptMode
 .text.Timer_BusyToIdle_ReadStatusRegister
                0x000010ac       0x18 .\CortexM3\ARM_GCC_473\Debug\Networking Project.a(Timer_BusyToIdle.o)
                0x000010ac                Timer_BusyToIdle_ReadStatusRegister
 .text.Timer_BusyToIdle_WritePeriod
                0x000010c4       0x20 .\CortexM3\ARM_GCC_473\Debug\Networking Project.a(Timer_BusyToIdle.o)
                0x000010c4                Timer_BusyToIdle_WritePeriod
 .text.Timer_BusyToIdle_ReadCapture
                0x000010e4       0x18 .\CortexM3\ARM_GCC_473\Debug\Networking Project.a(Timer_BusyToIdle.o)
                0x000010e4                Timer_BusyToIdle_ReadCapture
 .text.Timer_BusyToIdle_WriteCounter
                0x000010fc       0x20 .\CortexM3\ARM_GCC_473\Debug\Networking Project.a(Timer_BusyToIdle.o)
                0x000010fc                Timer_BusyToIdle_WriteCounter
 .text.Timer_BusyToIdle_ClearFIFO
                0x0000111c       0x1c .\CortexM3\ARM_GCC_473\Debug\Networking Project.a(Timer_BusyToIdle.o)
                0x0000111c                Timer_BusyToIdle_ClearFIFO
 .text.isr_BusyToCollision_StartEx
                0x00001138       0x28 .\CortexM3\ARM_GCC_473\Debug\Networking Project.a(isr_BusyToCollision.o)
                0x00001138                isr_BusyToCollision_StartEx
 .text.isr_BusyToCollision_SetVector
                0x00001160       0x28 .\CortexM3\ARM_GCC_473\Debug\Networking Project.a(isr_BusyToCollision.o)
                0x00001160                isr_BusyToCollision_SetVector
 .text.isr_BusyToCollision_SetPriority
                0x00001188       0x28 .\CortexM3\ARM_GCC_473\Debug\Networking Project.a(isr_BusyToCollision.o)
                0x00001188                isr_BusyToCollision_SetPriority
 .text.isr_BusyToCollision_Enable
                0x000011b0       0x18 .\CortexM3\ARM_GCC_473\Debug\Networking Project.a(isr_BusyToCollision.o)
                0x000011b0                isr_BusyToCollision_Enable
 .text.isr_BusyToCollision_Disable
                0x000011c8       0x18 .\CortexM3\ARM_GCC_473\Debug\Networking Project.a(isr_BusyToCollision.o)
                0x000011c8                isr_BusyToCollision_Disable
 .text.isr_BusyToIdle_StartEx
                0x000011e0       0x28 .\CortexM3\ARM_GCC_473\Debug\Networking Project.a(isr_BusyToIdle.o)
                0x000011e0                isr_BusyToIdle_StartEx
 .text.isr_BusyToIdle_SetVector
                0x00001208       0x28 .\CortexM3\ARM_GCC_473\Debug\Networking Project.a(isr_BusyToIdle.o)
                0x00001208                isr_BusyToIdle_SetVector
 .text.isr_BusyToIdle_SetPriority
                0x00001230       0x28 .\CortexM3\ARM_GCC_473\Debug\Networking Project.a(isr_BusyToIdle.o)
                0x00001230                isr_BusyToIdle_SetPriority
 .text.isr_BusyToIdle_Enable
                0x00001258       0x18 .\CortexM3\ARM_GCC_473\Debug\Networking Project.a(isr_BusyToIdle.o)
                0x00001258                isr_BusyToIdle_Enable
 .text.isr_BusyToIdle_Disable
                0x00001270       0x18 .\CortexM3\ARM_GCC_473\Debug\Networking Project.a(isr_BusyToIdle.o)
                0x00001270                isr_BusyToIdle_Disable
 .text.USB_Start
                0x00001288       0x44 .\CortexM3\ARM_GCC_473\Debug\Networking Project.a(USB.o)
                0x00001288                USB_Start
 .text.USB_Init
                0x000012cc      0x200 .\CortexM3\ARM_GCC_473\Debug\Networking Project.a(USB.o)
                0x000012cc                USB_Init
 .text.USB_InitComponent
                0x000014cc      0x11c .\CortexM3\ARM_GCC_473\Debug\Networking Project.a(USB.o)
                0x000014cc                USB_InitComponent
 .text.USB_ReInitComponent
                0x000015e8       0x88 .\CortexM3\ARM_GCC_473\Debug\Networking Project.a(USB.o)
                0x000015e8                USB_ReInitComponent
 .text.USB_GetConfiguration
                0x00001670       0x18 .\CortexM3\ARM_GCC_473\Debug\Networking Project.a(USB.o)
                0x00001670                USB_GetConfiguration
 .text.USB_EP_0_ISR
                0x00001688      0x140 .\CortexM3\ARM_GCC_473\Debug\Networking Project.a(USB_drv.o)
                0x00001688                USB_EP_0_ISR
 .text.USB_HandleSetup
                0x000017c8       0xa8 .\CortexM3\ARM_GCC_473\Debug\Networking Project.a(USB_drv.o)
                0x000017c8                USB_HandleSetup
 .text.USB_HandleIN
                0x00001870       0x50 .\CortexM3\ARM_GCC_473\Debug\Networking Project.a(USB_drv.o)
                0x00001870                USB_HandleIN
 .text.USB_HandleOUT
                0x000018c0       0x60 .\CortexM3\ARM_GCC_473\Debug\Networking Project.a(USB_drv.o)
                0x000018c0                USB_HandleOUT
 .text.USB_LoadEP0
                0x00001920      0x138 .\CortexM3\ARM_GCC_473\Debug\Networking Project.a(USB_drv.o)
                0x00001920                USB_LoadEP0
 .text.USB_InitControlRead
                0x00001a58       0x90 .\CortexM3\ARM_GCC_473\Debug\Networking Project.a(USB_drv.o)
                0x00001a58                USB_InitControlRead
 .text.USB_InitZeroLengthControlTransfer
                0x00001ae8       0x58 .\CortexM3\ARM_GCC_473\Debug\Networking Project.a(USB_drv.o)
                0x00001ae8                USB_InitZeroLengthControlTransfer
 .text.USB_ControlReadDataStage
                0x00001b40        0xc .\CortexM3\ARM_GCC_473\Debug\Networking Project.a(USB_drv.o)
                0x00001b40                USB_ControlReadDataStage
 .text.USB_ControlReadStatusStage
                0x00001b4c       0x54 .\CortexM3\ARM_GCC_473\Debug\Networking Project.a(USB_drv.o)
                0x00001b4c                USB_ControlReadStatusStage
 .text.USB_ControlWriteDataStage
                0x00001ba0       0xfc .\CortexM3\ARM_GCC_473\Debug\Networking Project.a(USB_drv.o)
                0x00001ba0                USB_ControlWriteDataStage
 .text.USB_ControlWriteStatusStage
                0x00001c9c       0x2c .\CortexM3\ARM_GCC_473\Debug\Networking Project.a(USB_drv.o)
                0x00001c9c                USB_ControlWriteStatusStage
 .text.USB_InitNoDataControlTransfer
                0x00001cc8       0x48 .\CortexM3\ARM_GCC_473\Debug\Networking Project.a(USB_drv.o)
                0x00001cc8                USB_InitNoDataControlTransfer
 .text.USB_NoDataControlStatusStage
                0x00001d10       0x64 .\CortexM3\ARM_GCC_473\Debug\Networking Project.a(USB_drv.o)
                0x00001d10                USB_NoDataControlStatusStage
 .text.USB_UpdateStatusBlock
                0x00001d74       0x58 .\CortexM3\ARM_GCC_473\Debug\Networking Project.a(USB_drv.o)
                0x00001d74                USB_UpdateStatusBlock
 .text.USB_InitializeStatusBlock
                0x00001dcc       0x48 .\CortexM3\ARM_GCC_473\Debug\Networking Project.a(USB_drv.o)
                0x00001dcc                USB_InitializeStatusBlock
 .text.USB_EP_1_ISR
                0x00001e14       0x74 .\CortexM3\ARM_GCC_473\Debug\Networking Project.a(USB_episr.o)
                0x00001e14                USB_EP_1_ISR
 .text.USB_SOF_ISR
                0x00001e88        0xc .\CortexM3\ARM_GCC_473\Debug\Networking Project.a(USB_episr.o)
                0x00001e88                USB_SOF_ISR
 .text.USB_BUS_RESET_ISR
                0x00001e94        0xc .\CortexM3\ARM_GCC_473\Debug\Networking Project.a(USB_episr.o)
                0x00001e94                USB_BUS_RESET_ISR
 .text.USB_HandleStandardRqst
                0x00001ea0      0x568 .\CortexM3\ARM_GCC_473\Debug\Networking Project.a(USB_std.o)
                0x00001ea0                USB_HandleStandardRqst
 .text.USB_ConfigReg
                0x00002408      0x204 .\CortexM3\ARM_GCC_473\Debug\Networking Project.a(USB_std.o)
                0x00002408                USB_ConfigReg
 .text.USB_Config
                0x0000260c      0x42c .\CortexM3\ARM_GCC_473\Debug\Networking Project.a(USB_std.o)
                0x0000260c                USB_Config
 .text.USB_ConfigAltChanged
                0x00002a38      0x354 .\CortexM3\ARM_GCC_473\Debug\Networking Project.a(USB_std.o)
                0x00002a38                USB_ConfigAltChanged
 .text.USB_GetConfigTablePtr
                0x00002d8c       0x60 .\CortexM3\ARM_GCC_473\Debug\Networking Project.a(USB_std.o)
                0x00002d8c                USB_GetConfigTablePtr
 .text.USB_GetDeviceTablePtr
                0x00002dec       0x28 .\CortexM3\ARM_GCC_473\Debug\Networking Project.a(USB_std.o)
                0x00002dec                USB_GetDeviceTablePtr
 .text.USB_GetInterfaceClassTablePtr
                0x00002e14       0x58 .\CortexM3\ARM_GCC_473\Debug\Networking Project.a(USB_std.o)
                0x00002e14                USB_GetInterfaceClassTablePtr
 .text.USB_SetEndpointHalt
                0x00002e6c      0x130 .\CortexM3\ARM_GCC_473\Debug\Networking Project.a(USB_std.o)
                0x00002e6c                USB_SetEndpointHalt
 .text.USB_ClearEndpointHalt
                0x00002f9c      0x1c4 .\CortexM3\ARM_GCC_473\Debug\Networking Project.a(USB_std.o)
                0x00002f9c                USB_ClearEndpointHalt
 .text.USB_ValidateAlternateSetting
                0x00003160       0x90 .\CortexM3\ARM_GCC_473\Debug\Networking Project.a(USB_std.o)
                0x00003160                USB_ValidateAlternateSetting
 .text.USB_HandleVendorRqst
                0x000031f0       0x44 .\CortexM3\ARM_GCC_473\Debug\Networking Project.a(USB_vnd.o)
                0x000031f0                USB_HandleVendorRqst
 .text.Timer_sendData_Init
                0x00003234       0xe4 .\CortexM3\ARM_GCC_473\Debug\Networking Project.a(Timer_sendData.o)
                0x00003234                Timer_sendData_Init
 .text.Timer_sendData_Enable
                0x00003318       0x60 .\CortexM3\ARM_GCC_473\Debug\Networking Project.a(Timer_sendData.o)
                0x00003318                Timer_sendData_Enable
 .text.Timer_sendData_Start
                0x00003378       0x2c .\CortexM3\ARM_GCC_473\Debug\Networking Project.a(Timer_sendData.o)
                0x00003378                Timer_sendData_Start
 .text.Timer_sendData_Stop
                0x000033a4       0x60 .\CortexM3\ARM_GCC_473\Debug\Networking Project.a(Timer_sendData.o)
                0x000033a4                Timer_sendData_Stop
 .text.Timer_sendData_SetInterruptMode
                0x00003404       0x20 .\CortexM3\ARM_GCC_473\Debug\Networking Project.a(Timer_sendData.o)
                0x00003404                Timer_sendData_SetInterruptMode
 .text.Timer_sendData_WritePeriod
                0x00003424       0x24 .\CortexM3\ARM_GCC_473\Debug\Networking Project.a(Timer_sendData.o)
                0x00003424                Timer_sendData_WritePeriod
 .text.Timer_sendData_WriteCounter
                0x00003448       0x20 .\CortexM3\ARM_GCC_473\Debug\Networking Project.a(Timer_sendData.o)
                0x00003448                Timer_sendData_WriteCounter
 .text.isr_sendData_StartEx
                0x00003468       0x28 .\CortexM3\ARM_GCC_473\Debug\Networking Project.a(isr_sendData.o)
                0x00003468                isr_sendData_StartEx
 .text.isr_sendData_SetVector
                0x00003490       0x28 .\CortexM3\ARM_GCC_473\Debug\Networking Project.a(isr_sendData.o)
                0x00003490                isr_sendData_SetVector
 .text.isr_sendData_SetPriority
                0x000034b8       0x28 .\CortexM3\ARM_GCC_473\Debug\Networking Project.a(isr_sendData.o)
                0x000034b8                isr_sendData_SetPriority
 .text.isr_sendData_Enable
                0x000034e0       0x18 .\CortexM3\ARM_GCC_473\Debug\Networking Project.a(isr_sendData.o)
                0x000034e0                isr_sendData_Enable
 .text.isr_sendData_Disable
                0x000034f8       0x18 .\CortexM3\ARM_GCC_473\Debug\Networking Project.a(isr_sendData.o)
                0x000034f8                isr_sendData_Disable
 .text.Transm_Output_Write
                0x00003510       0x44 .\CortexM3\ARM_GCC_473\Debug\Networking Project.a(Transm_Output.o)
                0x00003510                Transm_Output_Write
 .text.USB_DispatchClassRqst
                0x00003554       0xa4 .\CortexM3\ARM_GCC_473\Debug\Networking Project.a(USB_cls.o)
                0x00003554                USB_DispatchClassRqst
 .text.__libc_init_array
                0x000035f8       0x4c c:/program files (x86)/cypress/psoc creator/3.0/psoc creator/import/gnu_cs/arm/4.7.3/bin/../lib/gcc/arm-none-eabi/4.7.3/../../../../arm-none-eabi/lib/armv7-m\libc_s.a(lib_a-init.o)
                0x000035f8                __libc_init_array
 .text.memcpy   0x00003644       0x12 c:/program files (x86)/cypress/psoc creator/3.0/psoc creator/import/gnu_cs/arm/4.7.3/bin/../lib/gcc/arm-none-eabi/4.7.3/../../../../arm-none-eabi/lib/armv7-m\libc_s.a(lib_a-memcpy.o)
                0x00003644                memcpy
 .text.memset   0x00003656       0x10 c:/program files (x86)/cypress/psoc creator/3.0/psoc creator/import/gnu_cs/arm/4.7.3/bin/../lib/gcc/arm-none-eabi/4.7.3/../../../../arm-none-eabi/lib/armv7-m\libc_s.a(lib_a-memset.o)
                0x00003656                memset
 *fill*         0x00003666        0x2 00
 .text.sprintf  0x00003668       0x48 c:/program files (x86)/cypress/psoc creator/3.0/psoc creator/import/gnu_cs/arm/4.7.3/bin/../lib/gcc/arm-none-eabi/4.7.3/../../../../arm-none-eabi/lib/armv7-m\libc_s.a(lib_a-sprintf.o)
                0x00003668                siprintf
                0x00003668                sprintf
 .text.__ssputc_r
                0x000036b0       0xae c:/program files (x86)/cypress/psoc creator/3.0/psoc creator/import/gnu_cs/arm/4.7.3/bin/../lib/gcc/arm-none-eabi/4.7.3/../../../../arm-none-eabi/lib/armv7-m\libc_s.a(lib_a-svfprintf.o)
                0x000036b0                __ssputc_r
 *fill*         0x0000375e        0x2 00
 .text._svfprintf_r
                0x00003760      0x1f4 c:/program files (x86)/cypress/psoc creator/3.0/psoc creator/import/gnu_cs/arm/4.7.3/bin/../lib/gcc/arm-none-eabi/4.7.3/../../../../arm-none-eabi/lib/armv7-m\libc_s.a(lib_a-svfprintf.o)
                0x00003760                _svfiprintf_r
                0x00003760                _svfprintf_r
 .text._printf_common
                0x00003954       0xde c:/program files (x86)/cypress/psoc creator/3.0/psoc creator/import/gnu_cs/arm/4.7.3/bin/../lib/gcc/arm-none-eabi/4.7.3/../../../../arm-none-eabi/lib/armv7-m\libc_s.a(lib_a-vfprintf_i.o)
                0x00003954                _printf_common
 *fill*         0x00003a32        0x2 00
 .text._printf_i
                0x00003a34      0x248 c:/program files (x86)/cypress/psoc creator/3.0/psoc creator/import/gnu_cs/arm/4.7.3/bin/../lib/gcc/arm-none-eabi/4.7.3/../../../../arm-none-eabi/lib/armv7-m\libc_s.a(lib_a-vfprintf_i.o)
                0x00003a34                _printf_i
 .text._free_r  0x00003c7c       0x88 c:/program files (x86)/cypress/psoc creator/3.0/psoc creator/import/gnu_cs/arm/4.7.3/bin/../lib/gcc/arm-none-eabi/4.7.3/../../../../arm-none-eabi/lib/armv7-m\libc_s.a(lib_a-freer.o)
                0x00003c7c                _free_r
 .text._malloc_r
                0x00003d04       0x94 c:/program files (x86)/cypress/psoc creator/3.0/psoc creator/import/gnu_cs/arm/4.7.3/bin/../lib/gcc/arm-none-eabi/4.7.3/../../../../arm-none-eabi/lib/armv7-m\libc_s.a(lib_a-mallocr.o)
                0x00003d04                _malloc_r
 .text.memchr   0x00003d98       0x1c c:/program files (x86)/cypress/psoc creator/3.0/psoc creator/import/gnu_cs/arm/4.7.3/bin/../lib/gcc/arm-none-eabi/4.7.3/../../../../arm-none-eabi/lib/armv7-m\libc_s.a(lib_a-memchr.o)
                0x00003d98                memchr
 .text._realloc_r
                0x00003db4       0x48 c:/program files (x86)/cypress/psoc creator/3.0/psoc creator/import/gnu_cs/arm/4.7.3/bin/../lib/gcc/arm-none-eabi/4.7.3/../../../../arm-none-eabi/lib/armv7-m\libc_s.a(lib_a-reallocr.o)
                0x00003db4                _realloc_r
 .text._sbrk_r  0x00003dfc       0x20 c:/program files (x86)/cypress/psoc creator/3.0/psoc creator/import/gnu_cs/arm/4.7.3/bin/../lib/gcc/arm-none-eabi/4.7.3/../../../../arm-none-eabi/lib/armv7-m\libc_s.a(lib_a-sbrkr.o)
                0x00003dfc                _sbrk_r
 .text.strlen   0x00003e1c       0x10 c:/program files (x86)/cypress/psoc creator/3.0/psoc creator/import/gnu_cs/arm/4.7.3/bin/../lib/gcc/arm-none-eabi/4.7.3/../../../../arm-none-eabi/lib/armv7-m\libc_s.a(lib_a-strlen.o)
                0x00003e1c                strlen
 .text._malloc_usable_size_r
                0x00003e2c       0x12 c:/program files (x86)/cypress/psoc creator/3.0/psoc creator/import/gnu_cs/arm/4.7.3/bin/../lib/gcc/arm-none-eabi/4.7.3/../../../../arm-none-eabi/lib/armv7-m\libc_s.a(lib_a-msizer.o)
                0x00003e2c                _malloc_usable_size_r
 *fill*         0x00003e3e        0x2 00
 .text._sbrk    0x00003e40       0x34 c:/program files (x86)/cypress/psoc creator/3.0/psoc creator/import/gnu_cs/arm/4.7.3/bin/../lib/gcc/arm-none-eabi/4.7.3/../../../../arm-none-eabi/lib/armv7-m\libnosys.a(sbrk.o)
                0x00003e40                _sbrk
 *(.plt)
 *(.gnu.warning)
 *(.glue_7t)
 .glue_7t       0x00000000        0x0 linker stubs
 *(.glue_7)
 .glue_7        0x00000000        0x0 linker stubs
 *(.vfp11_veneer)
 .vfp11_veneer  0x00000000        0x0 linker stubs
 *(.bootloader)
 *(.ARM.extab* .gnu.linkonce.armextab.*)
 *(.gcc_except_table)

.v4_bx          0x00003e74        0x0
 .v4_bx         0x00000000        0x0 linker stubs

.iplt           0x00003e74        0x0
 .iplt          0x00000000        0x0 c:/program files (x86)/cypress/psoc creator/3.0/psoc creator/import/gnu_cs/arm/4.7.3/bin/../lib/gcc/arm-none-eabi/4.7.3/armv7-m/crtbegin.o

.eh_frame_hdr
 *(.eh_frame_hdr)

.eh_frame       0x00003e74        0x4
 *(.eh_frame)
 .eh_frame      0x00003e74        0x0 c:/program files (x86)/cypress/psoc creator/3.0/psoc creator/import/gnu_cs/arm/4.7.3/bin/../lib/gcc/arm-none-eabi/4.7.3/armv7-m/crtbegin.o
 .eh_frame      0x00003e74        0x4 c:/program files (x86)/cypress/psoc creator/3.0/psoc creator/import/gnu_cs/arm/4.7.3/bin/../lib/gcc/arm-none-eabi/4.7.3/armv7-m/crtend.o
                0x00003e78                PROVIDE (__exidx_start, .)

.ARM.exidx
 *(.ARM.exidx* .gnu.linkonce.armexidx.*)
                0x00003e78                __exidx_end = .

.rodata         0x00003e78      0x120
 *(.rodata .rodata.* .gnu.linkonce.r.*)
 .rodata        0x00003e78        0x4 .\CortexM3\ARM_GCC_473\Debug\main.o
 .rodata        0x00003e7c       0x38 .\CortexM3\ARM_GCC_473\Debug\Networking Project.a(cyfitter_cfg.o)
 .rodata        0x00003eb4       0x74 .\CortexM3\ARM_GCC_473\Debug\Networking Project.a(USB_descr.o)
                0x00003eb4                USB_DEVICE0_DESCR
                0x00003ec8                USB_DEVICE0_CONFIGURATION0_DESCR
                0x00003ee4                USB_DEVICE0_CONFIGURATION0_EP_SETTINGS_TABLE
                0x00003eec                USB_DEVICE0_CONFIGURATION0_INTERFACE_CLASS
                0x00003ef0                USB_DEVICE0_CONFIGURATION0_TABLE
                0x00003f10                USB_DEVICE0_TABLE
                0x00003f20                USB_TABLE
 .rodata.str1.1
                0x00003f28        0x2 c:/program files (x86)/cypress/psoc creator/3.0/psoc creator/import/gnu_cs/arm/4.7.3/bin/../lib/gcc/arm-none-eabi/4.7.3/../../../../arm-none-eabi/lib/armv7-m\libc_s.a(lib_a-impure.o)
 .rodata.str1.1
                0x00003f2a       0x11 c:/program files (x86)/cypress/psoc creator/3.0/psoc creator/import/gnu_cs/arm/4.7.3/bin/../lib/gcc/arm-none-eabi/4.7.3/../../../../arm-none-eabi/lib/armv7-m\libc_s.a(lib_a-svfprintf.o)
 .rodata.str1.1
                0x00003f3b       0x22 c:/program files (x86)/cypress/psoc creator/3.0/psoc creator/import/gnu_cs/arm/4.7.3/bin/../lib/gcc/arm-none-eabi/4.7.3/../../../../arm-none-eabi/lib/armv7-m\libc_s.a(lib_a-vfprintf_i.o)
                0x00003f60                . = ALIGN (0x4)
 *fill*         0x00003f5d        0x3 00
 *(.init)
 .init          0x00003f60        0x4 c:/program files (x86)/cypress/psoc creator/3.0/psoc creator/import/gnu_cs/arm/4.7.3/bin/../lib/gcc/arm-none-eabi/4.7.3/armv7-m/crti.o
                0x00003f60                _init
 .init          0x00003f64        0x8 c:/program files (x86)/cypress/psoc creator/3.0/psoc creator/import/gnu_cs/arm/4.7.3/bin/../lib/gcc/arm-none-eabi/4.7.3/armv7-m/crtn.o
                0x00003f6c                . = ALIGN (0x4)
                0x00003f6c                __preinit_array_start = .
 *(.preinit_array)
                0x00003f6c                __preinit_array_end = .
                0x00003f6c                . = ALIGN (0x4)
                0x00003f6c                __init_array_start = .
 *(SORT(.init_array.*))
 *(.init_array)
 .init_array    0x00003f6c        0x4 c:/program files (x86)/cypress/psoc creator/3.0/psoc creator/import/gnu_cs/arm/4.7.3/bin/../lib/gcc/arm-none-eabi/4.7.3/armv7-m/crtbegin.o
 .init_array    0x00003f70        0x4 .\CortexM3\ARM_GCC_473\Debug\Cm3Start.o
                0x00003f74                __init_array_end = .
                0x00003f74                . = ALIGN (0x4)
 *(.fini)
 .fini          0x00003f74        0x4 c:/program files (x86)/cypress/psoc creator/3.0/psoc creator/import/gnu_cs/arm/4.7.3/bin/../lib/gcc/arm-none-eabi/4.7.3/armv7-m/crti.o
                0x00003f74                _fini
 .fini          0x00003f78        0x8 c:/program files (x86)/cypress/psoc creator/3.0/psoc creator/import/gnu_cs/arm/4.7.3/bin/../lib/gcc/arm-none-eabi/4.7.3/armv7-m/crtn.o
                0x00003f80                . = ALIGN (0x4)
                0x00003f80                __fini_array_start = .
 *(.fini_array)
 .fini_array    0x00003f80        0x4 c:/program files (x86)/cypress/psoc creator/3.0/psoc creator/import/gnu_cs/arm/4.7.3/bin/../lib/gcc/arm-none-eabi/4.7.3/armv7-m/crtbegin.o
 *(SORT(.fini_array.*))
                0x00003f84                __fini_array_end = .
                0x00003f84                . = ALIGN (0x4)
 *crtbegin.o(.ctors)
 *(EXCLUDE_FILE(*crtend.o) .ctors)
 *(SORT(.ctors.*))
 *crtend.o(.ctors)
                0x00003f84                . = ALIGN (0x4)
 *crtbegin.o(.dtors)
 *(EXCLUDE_FILE(*crtend.o) .dtors)
 *(SORT(.dtors.*))
 *crtend.o(.dtors)
                0x00003f84                . = ALIGN (0x4)
                0x00003f84                __cy_regions = .
                0x00003f84        0x4 LONG 0x3f98 __cy_region_init_ram
                0x00003f88        0x4 LONG 0x1fff8108 __cy_region_start_data
                0x00003f8c        0x4 LONG 0x80 __cy_region_init_size_ram
                0x00003f90        0x4 LONG 0x3b0 __cy_region_zero_size_ram
                0x00003f94                __cy_regions_end = .
                0x00003f98                . = ALIGN (0x8)
 *fill*         0x00003f94        0x4 00
                0x00003f98                _etext = .

.ramvectors     0x1fff8000      0x100
                0x1fff8000                __cy_region_start_ram = .
 *(.ramvectors)
 .ramvectors    0x1fff8000      0x100 .\CortexM3\ARM_GCC_473\Debug\Cm3Start.o
                0x1fff8000                CyRamVectors

.noinit         0x1fff8100        0x5
 *(.noinit)
 .noinit        0x1fff8100        0x4 .\CortexM3\ARM_GCC_473\Debug\Cm3Start.o
 .noinit        0x1fff8104        0x1 .\CortexM3\ARM_GCC_473\Debug\Networking Project.a(CyLib.o)
                0x1fff8104                CyResetStatus

.data           0x1fff8108       0x80 load address 0x00003f98
                0x1fff8108                __cy_region_start_data = .
 *(.jcr)
 .jcr           0x1fff8108        0x0 c:/program files (x86)/cypress/psoc creator/3.0/psoc creator/import/gnu_cs/arm/4.7.3/bin/../lib/gcc/arm-none-eabi/4.7.3/armv7-m/crtbegin.o
 .jcr           0x1fff8108        0x4 c:/program files (x86)/cypress/psoc creator/3.0/psoc creator/import/gnu_cs/arm/4.7.3/bin/../lib/gcc/arm-none-eabi/4.7.3/armv7-m/crtend.o
 *(.got.plt)
 *(.got)
 *(.shdata)
 *(.data .data.* .gnu.linkonce.d.*)
 .data          0x1fff810c       0x10 .\CortexM3\ARM_GCC_473\Debug\Networking Project.a(CyLib.o)
                0x1fff810c                cydelay_freq_hz
                0x1fff8110                cydelay_freq_khz
                0x1fff8114                cydelay_freq_mhz
                0x1fff8118                cydelay_32k_ms
 .data.impure_data
                0x1fff811c       0x64 c:/program files (x86)/cypress/psoc creator/3.0/psoc creator/import/gnu_cs/arm/4.7.3/bin/../lib/gcc/arm-none-eabi/4.7.3/../../../../arm-none-eabi/lib/armv7-m\libc_s.a(lib_a-impure.o)
 .data._impure_ptr
                0x1fff8180        0x4 c:/program files (x86)/cypress/psoc creator/3.0/psoc creator/import/gnu_cs/arm/4.7.3/bin/../lib/gcc/arm-none-eabi/4.7.3/../../../../arm-none-eabi/lib/armv7-m\libc_s.a(lib_a-impure.o)
                0x1fff8180                _impure_ptr
                0x1fff8188                . = ALIGN (0x8)
 *fill*         0x1fff8184        0x4 00
 *(.ram)
                0x1fff8188                _edata = .

.igot.plt       0x1fff8188        0x0 load address 0x00004018
 .igot.plt      0x00000000        0x0 c:/program files (x86)/cypress/psoc creator/3.0/psoc creator/import/gnu_cs/arm/4.7.3/bin/../lib/gcc/arm-none-eabi/4.7.3/armv7-m/crtbegin.o

.bss            0x1fff8188      0x3b0 load address 0x00004018
                0x1fff8188                PROVIDE (__bss_start__, .)
 *(.shbss)
 *(.bss .bss.* .gnu.linkonce.b.*)
 .bss           0x1fff8188       0x1c c:/program files (x86)/cypress/psoc creator/3.0/psoc creator/import/gnu_cs/arm/4.7.3/bin/../lib/gcc/arm-none-eabi/4.7.3/armv7-m/crtbegin.o
 .bss           0x1fff81a4        0xc .\CortexM3\ARM_GCC_473\Debug\main.o
                0x1fff81a4                currentState
                0x1fff81a8                i_usb
                0x1fff81ac                i_send
 .bss           0x1fff81b0        0x1 .\CortexM3\ARM_GCC_473\Debug\Networking Project.a(Timer_BusyToCollision.o)
                0x1fff81b0                Timer_BusyToCollision_initVar
 .bss           0x1fff81b1        0x1 .\CortexM3\ARM_GCC_473\Debug\Networking Project.a(Timer_BusyToIdle.o)
                0x1fff81b1                Timer_BusyToIdle_initVar
 .bss           0x1fff81b2        0x1 .\CortexM3\ARM_GCC_473\Debug\Networking Project.a(USB.o)
                0x1fff81b2                USB_initVar
 *fill*         0x1fff81b3        0x1 00
 .bss           0x1fff81b4        0x4 .\CortexM3\ARM_GCC_473\Debug\Networking Project.a(USB_std.o)
 .bss           0x1fff81b8        0x1 .\CortexM3\ARM_GCC_473\Debug\Networking Project.a(Timer_sendData.o)
                0x1fff81b8                Timer_sendData_initVar
 *fill*         0x1fff81b9        0x3 00
 .bss.__malloc_free_list
                0x1fff81bc        0x4 c:/program files (x86)/cypress/psoc creator/3.0/psoc creator/import/gnu_cs/arm/4.7.3/bin/../lib/gcc/arm-none-eabi/4.7.3/../../../../arm-none-eabi/lib/armv7-m\libc_s.a(lib_a-mallocr.o)
                0x1fff81bc                __malloc_free_list
 .bss.heap_end.4231
                0x1fff81c0        0x4 c:/program files (x86)/cypress/psoc creator/3.0/psoc creator/import/gnu_cs/arm/4.7.3/bin/../lib/gcc/arm-none-eabi/4.7.3/../../../../arm-none-eabi/lib/armv7-m\libnosys.a(sbrk.o)
 *(COMMON)
 COMMON         0x1fff81c4      0x2d4 .\CortexM3\ARM_GCC_473\Debug\main.o
                0x1fff81c4                packetSend
                0x1fff8444                packetHex
                0x1fff8448                packetUSB
 COMMON         0x1fff8498       0x98 .\CortexM3\ARM_GCC_473\Debug\Networking Project.a(USB_drv.o)
                0x1fff8498                USB_transferState
                0x1fff8499                USB_interfaceNumber
                0x1fff849a                USB_lastPacketSize
                0x1fff849c                USB_interfaceClass
                0x1fff84a0                USB_interfaceSetting
                0x1fff84a1                USB_ep0Mode
                0x1fff84a2                USB_device
                0x1fff84a3                USB_deviceAddress
                0x1fff84a4                USB_ep0Toggle
                0x1fff84a5                USB_configurationChanged
                0x1fff84a8                USB_interfaceStatus
                0x1fff84aa                USB_transferByteCount
                0x1fff84ac                USB_configuration
                0x1fff84b0                USB_interfaceSetting_last
                0x1fff84b4                USB_currentTD
                0x1fff84c0                USB_ep0Count
                0x1fff84c1                USB_deviceStatus
                0x1fff84c4                USB_EP
 COMMON         0x1fff8530        0x4 c:/program files (x86)/cypress/psoc creator/3.0/psoc creator/import/gnu_cs/arm/4.7.3/bin/../lib/gcc/arm-none-eabi/4.7.3/../../../../arm-none-eabi/lib/armv7-m\libc_s.a(lib_a-reent.o)
                0x1fff8530                errno
                0x1fff8538                . = ALIGN (0x8)
 *fill*         0x1fff8534        0x4 00
 *(.ram.b)
                0x1fff8538                _end = .
                0x1fff8538                __end = .
                0x1fff8538                PROVIDE (end, .)
                0x1fff8538                PROVIDE (__bss_end__, .)
                0x00003f98                __cy_region_init_ram = LOADADDR (.data)
                0x00000080                __cy_region_init_size_ram = (_edata - ADDR (.data))
                0x000003b0                __cy_region_zero_size_ram = (_end - _edata)

.heap           0x1fff8538     0x1000 load address 0x00004018
                0x1fff8538                . = _end
                0x1fff9538                . = (. + 0x1000)
 *fill*         0x1fff8538     0x1000 00
                0x1fff9538                __cy_heap_limit = .

.stack          0x20004000     0x4000
                0x20004000                __cy_stack_limit = .
                0x20008000                . = (. + 0x4000)
 *fill*         0x20004000     0x4000 00
                0x00000001                ASSERT ((__cy_stack_limit >= __cy_heap_limit), region RAM overflowed with stack)

.cyloadermeta
 *(.cyloadermeta)

.cyloadablemeta
 *(.cyloadablemeta)

.cyconfigecc    0x80000000      0x2b8
 *(.cyconfigecc)
 .cyconfigecc   0x80000000      0x2b8 .\CortexM3\ARM_GCC_473\Debug\cymetadata.o
                0x80000000                cy_meta_configecc

.cycustnvl      0x90000000        0x4
 *(.cycustnvl)
 .cycustnvl     0x90000000        0x4 .\CortexM3\ARM_GCC_473\Debug\cymetadata.o
                0x90000000                cy_meta_custnvl

.cywolatch      0x90100000        0x4
 *(.cywolatch)
 .cywolatch     0x90100000        0x4 .\CortexM3\ARM_GCC_473\Debug\cymetadata.o
                0x90100000                cy_meta_wonvl

.cyeeprom       0x90200000        0x0
 *(.cyeeprom)
                0x00000001                ASSERT ((. <= ((0x90200000 + ee_offset) + ee_size)), .cyeeprom data will not fit in EEPROM)

.cyflashprotect
                0x90400000      0x100
 *(.cyflashprotect)
 .cyflashprotect
                0x90400000      0x100 .\CortexM3\ARM_GCC_473\Debug\cymetadata.o
                0x90400000                cy_meta_flashprotect

.cymeta         0x90500000        0xc
 *(.cymeta)
 .cymeta        0x90500000        0xc .\CortexM3\ARM_GCC_473\Debug\cymetadata.o
                0x90500000                cy_metadata

.rel.dyn        0x00004018        0x0 load address 0x9050000c
 .rel.iplt      0x00000000        0x0 c:/program files (x86)/cypress/psoc creator/3.0/psoc creator/import/gnu_cs/arm/4.7.3/bin/../lib/gcc/arm-none-eabi/4.7.3/armv7-m/crtbegin.o

.stab
 *(.stab)

.stabstr
 *(.stabstr)

.debug
 *(.debug)

.line
 *(.line)

.debug_srcinfo
 *(.debug_srcinfo)

.debug_sfnames
 *(.debug_sfnames)

.debug_aranges  0x00000000      0xbf8
 *(.debug_aranges)
 .debug_aranges
                0x00000000       0x50 .\CortexM3\ARM_GCC_473\Debug\main.o
 .debug_aranges
                0x00000050       0x18 .\CortexM3\ARM_GCC_473\Debug\cymetadata.o
 .debug_aranges
                0x00000068       0x40 .\CortexM3\ARM_GCC_473\Debug\Cm3Start.o
 .debug_aranges
                0x000000a8       0x60 .\CortexM3\ARM_GCC_473\Debug\Networking Project.a(cyfitter_cfg.o)
 .debug_aranges
                0x00000108       0x80 .\CortexM3\ARM_GCC_473\Debug\Networking Project.a(isr_RisingEdge.o)
 .debug_aranges
                0x00000188       0x80 .\CortexM3\ARM_GCC_473\Debug\Networking Project.a(isr_FallingEdge.o)
 .debug_aranges
                0x00000208       0x38 .\CortexM3\ARM_GCC_473\Debug\Networking Project.a(Pin_LEDCollision.o)
 .debug_aranges
                0x00000240       0x38 .\CortexM3\ARM_GCC_473\Debug\Networking Project.a(Pin_LEDIdle.o)
 .debug_aranges
                0x00000278       0x20 .\CortexM3\ARM_GCC_473\Debug\Networking Project.a(CyBootAsmGnu.o)
 .debug_aranges
                0x00000298      0x218 .\CortexM3\ARM_GCC_473\Debug\Networking Project.a(CyLib.o)
 .debug_aranges
                0x000004b0       0x90 .\CortexM3\ARM_GCC_473\Debug\Networking Project.a(cyPm.o)
 .debug_aranges
                0x00000540       0x38 .\CortexM3\ARM_GCC_473\Debug\Networking Project.a(Pin_LEDBusy.o)
 .debug_aranges
                0x00000578       0x90 .\CortexM3\ARM_GCC_473\Debug\Networking Project.a(Timer_BusyToCollision.o)
 .debug_aranges
                0x00000608       0x90 .\CortexM3\ARM_GCC_473\Debug\Networking Project.a(Timer_BusyToIdle.o)
 .debug_aranges
                0x00000698       0x80 .\CortexM3\ARM_GCC_473\Debug\Networking Project.a(isr_BusyToCollision.o)
 .debug_aranges
                0x00000718       0x80 .\CortexM3\ARM_GCC_473\Debug\Networking Project.a(isr_BusyToIdle.o)
 .debug_aranges
                0x00000798       0xb0 .\CortexM3\ARM_GCC_473\Debug\Networking Project.a(USB.o)
 .debug_aranges
                0x00000848       0x98 .\CortexM3\ARM_GCC_473\Debug\Networking Project.a(USB_drv.o)
 .debug_aranges
                0x000008e0       0x30 .\CortexM3\ARM_GCC_473\Debug\Networking Project.a(USB_episr.o)
 .debug_aranges
                0x00000910       0x70 .\CortexM3\ARM_GCC_473\Debug\Networking Project.a(USB_std.o)
 .debug_aranges
                0x00000980       0x20 .\CortexM3\ARM_GCC_473\Debug\Networking Project.a(USB_vnd.o)
 .debug_aranges
                0x000009a0       0x88 .\CortexM3\ARM_GCC_473\Debug\Networking Project.a(Timer_sendData.o)
 .debug_aranges
                0x00000a28       0x80 .\CortexM3\ARM_GCC_473\Debug\Networking Project.a(isr_sendData.o)
 .debug_aranges
                0x00000aa8       0x38 .\CortexM3\ARM_GCC_473\Debug\Networking Project.a(Transm_Output.o)
 .debug_aranges
                0x00000ae0       0x78 .\CortexM3\ARM_GCC_473\Debug\Networking Project.a(CyFlash.o)
 .debug_aranges
                0x00000b58       0x68 .\CortexM3\ARM_GCC_473\Debug\Networking Project.a(CySpc.o)
 .debug_aranges
                0x00000bc0       0x20 .\CortexM3\ARM_GCC_473\Debug\Networking Project.a(USB_cls.o)
 .debug_aranges
                0x00000be0       0x18 .\CortexM3\ARM_GCC_473\Debug\Networking Project.a(USB_descr.o)

.debug_pubnames
 *(.debug_pubnames)

.debug_info     0x00000000     0x573d
 *(.debug_info .gnu.linkonce.wi.*)
 .debug_info    0x00000000      0x27a .\CortexM3\ARM_GCC_473\Debug\main.o
 .debug_info    0x0000027a      0x13f .\CortexM3\ARM_GCC_473\Debug\cymetadata.o
 .debug_info    0x000003b9      0x2ea .\CortexM3\ARM_GCC_473\Debug\Cm3Start.o
 .debug_info    0x000006a3      0x3bf .\CortexM3\ARM_GCC_473\Debug\Networking Project.a(cyfitter_cfg.o)
 .debug_info    0x00000a62      0x278 .\CortexM3\ARM_GCC_473\Debug\Networking Project.a(isr_RisingEdge.o)
 .debug_info    0x00000cda      0x278 .\CortexM3\ARM_GCC_473\Debug\Networking Project.a(isr_FallingEdge.o)
 .debug_info    0x00000f52      0x134 .\CortexM3\ARM_GCC_473\Debug\Networking Project.a(Pin_LEDCollision.o)
 .debug_info    0x00001086      0x134 .\CortexM3\ARM_GCC_473\Debug\Networking Project.a(Pin_LEDIdle.o)
 .debug_info    0x000011ba       0xcd .\CortexM3\ARM_GCC_473\Debug\Networking Project.a(CyBootAsmGnu.o)
 .debug_info    0x00001287      0xcd7 .\CortexM3\ARM_GCC_473\Debug\Networking Project.a(CyLib.o)
 .debug_info    0x00001f5e      0x5c3 .\CortexM3\ARM_GCC_473\Debug\Networking Project.a(cyPm.o)
 .debug_info    0x00002521      0x134 .\CortexM3\ARM_GCC_473\Debug\Networking Project.a(Pin_LEDBusy.o)
 .debug_info    0x00002655      0x2a0 .\CortexM3\ARM_GCC_473\Debug\Networking Project.a(Timer_BusyToCollision.o)
 .debug_info    0x000028f5      0x2a0 .\CortexM3\ARM_GCC_473\Debug\Networking Project.a(Timer_BusyToIdle.o)
 .debug_info    0x00002b95      0x278 .\CortexM3\ARM_GCC_473\Debug\Networking Project.a(isr_BusyToCollision.o)
 .debug_info    0x00002e0d      0x278 .\CortexM3\ARM_GCC_473\Debug\Networking Project.a(isr_BusyToIdle.o)
 .debug_info    0x00003085      0x659 .\CortexM3\ARM_GCC_473\Debug\Networking Project.a(USB.o)
 .debug_info    0x000036de      0x56e .\CortexM3\ARM_GCC_473\Debug\Networking Project.a(USB_drv.o)
 .debug_info    0x00003c4c      0x1aa .\CortexM3\ARM_GCC_473\Debug\Networking Project.a(USB_episr.o)
 .debug_info    0x00003df6      0x71c .\CortexM3\ARM_GCC_473\Debug\Networking Project.a(USB_std.o)
 .debug_info    0x00004512       0xd0 .\CortexM3\ARM_GCC_473\Debug\Networking Project.a(USB_vnd.o)
 .debug_info    0x000045e2      0x285 .\CortexM3\ARM_GCC_473\Debug\Networking Project.a(Timer_sendData.o)
 .debug_info    0x00004867      0x278 .\CortexM3\ARM_GCC_473\Debug\Networking Project.a(isr_sendData.o)
 .debug_info    0x00004adf      0x134 .\CortexM3\ARM_GCC_473\Debug\Networking Project.a(Transm_Output.o)
 .debug_info    0x00004c13      0x354 .\CortexM3\ARM_GCC_473\Debug\Networking Project.a(CyFlash.o)
 .debug_info    0x00004f67      0x3d9 .\CortexM3\ARM_GCC_473\Debug\Networking Project.a(CySpc.o)
 .debug_info    0x00005340      0x1b9 .\CortexM3\ARM_GCC_473\Debug\Networking Project.a(USB_cls.o)
 .debug_info    0x000054f9      0x244 .\CortexM3\ARM_GCC_473\Debug\Networking Project.a(USB_descr.o)

.debug_abbrev   0x00000000     0x1d5a
 *(.debug_abbrev)
 .debug_abbrev  0x00000000      0x10b .\CortexM3\ARM_GCC_473\Debug\main.o
 .debug_abbrev  0x0000010b       0x66 .\CortexM3\ARM_GCC_473\Debug\cymetadata.o
 .debug_abbrev  0x00000171      0x175 .\CortexM3\ARM_GCC_473\Debug\Cm3Start.o
 .debug_abbrev  0x000002e6      0x187 .\CortexM3\ARM_GCC_473\Debug\Networking Project.a(cyfitter_cfg.o)
 .debug_abbrev  0x0000046d      0x12d .\CortexM3\ARM_GCC_473\Debug\Networking Project.a(isr_RisingEdge.o)
 .debug_abbrev  0x0000059a      0x12d .\CortexM3\ARM_GCC_473\Debug\Networking Project.a(isr_FallingEdge.o)
 .debug_abbrev  0x000006c7       0x92 .\CortexM3\ARM_GCC_473\Debug\Networking Project.a(Pin_LEDCollision.o)
 .debug_abbrev  0x00000759       0x92 .\CortexM3\ARM_GCC_473\Debug\Networking Project.a(Pin_LEDIdle.o)
 .debug_abbrev  0x000007eb       0x14 .\CortexM3\ARM_GCC_473\Debug\Networking Project.a(CyBootAsmGnu.o)
 .debug_abbrev  0x000007ff      0x207 .\CortexM3\ARM_GCC_473\Debug\Networking Project.a(CyLib.o)
 .debug_abbrev  0x00000a06      0x170 .\CortexM3\ARM_GCC_473\Debug\Networking Project.a(cyPm.o)
 .debug_abbrev  0x00000b76       0x92 .\CortexM3\ARM_GCC_473\Debug\Networking Project.a(Pin_LEDBusy.o)
 .debug_abbrev  0x00000c08      0x11d .\CortexM3\ARM_GCC_473\Debug\Networking Project.a(Timer_BusyToCollision.o)
 .debug_abbrev  0x00000d25      0x11d .\CortexM3\ARM_GCC_473\Debug\Networking Project.a(Timer_BusyToIdle.o)
 .debug_abbrev  0x00000e42      0x12d .\CortexM3\ARM_GCC_473\Debug\Networking Project.a(isr_BusyToCollision.o)
 .debug_abbrev  0x00000f6f      0x12d .\CortexM3\ARM_GCC_473\Debug\Networking Project.a(isr_BusyToIdle.o)
 .debug_abbrev  0x0000109c      0x1b4 .\CortexM3\ARM_GCC_473\Debug\Networking Project.a(USB.o)
 .debug_abbrev  0x00001250      0x16e .\CortexM3\ARM_GCC_473\Debug\Networking Project.a(USB_drv.o)
 .debug_abbrev  0x000013be       0xc7 .\CortexM3\ARM_GCC_473\Debug\Networking Project.a(USB_episr.o)
 .debug_abbrev  0x00001485      0x1a1 .\CortexM3\ARM_GCC_473\Debug\Networking Project.a(USB_std.o)
 .debug_abbrev  0x00001626       0x69 .\CortexM3\ARM_GCC_473\Debug\Networking Project.a(USB_vnd.o)
 .debug_abbrev  0x0000168f       0xeb .\CortexM3\ARM_GCC_473\Debug\Networking Project.a(Timer_sendData.o)
 .debug_abbrev  0x0000177a      0x12d .\CortexM3\ARM_GCC_473\Debug\Networking Project.a(isr_sendData.o)
 .debug_abbrev  0x000018a7       0x92 .\CortexM3\ARM_GCC_473\Debug\Networking Project.a(Transm_Output.o)
 .debug_abbrev  0x00001939      0x172 .\CortexM3\ARM_GCC_473\Debug\Networking Project.a(CyFlash.o)
 .debug_abbrev  0x00001aab      0x15f .\CortexM3\ARM_GCC_473\Debug\Networking Project.a(CySpc.o)
 .debug_abbrev  0x00001c0a       0xba .\CortexM3\ARM_GCC_473\Debug\Networking Project.a(USB_cls.o)
 .debug_abbrev  0x00001cc4       0x96 .\CortexM3\ARM_GCC_473\Debug\Networking Project.a(USB_descr.o)

.debug_line     0x00000000     0x2c69
 *(.debug_line)
 .debug_line    0x00000000      0x243 .\CortexM3\ARM_GCC_473\Debug\main.o
 .debug_line    0x00000243       0x53 .\CortexM3\ARM_GCC_473\Debug\cymetadata.o
 .debug_line    0x00000296      0x1b0 .\CortexM3\ARM_GCC_473\Debug\Cm3Start.o
 .debug_line    0x00000446      0x1f3 .\CortexM3\ARM_GCC_473\Debug\Networking Project.a(cyfitter_cfg.o)
 .debug_line    0x00000639      0x159 .\CortexM3\ARM_GCC_473\Debug\Networking Project.a(isr_RisingEdge.o)
 .debug_line    0x00000792      0x15a .\CortexM3\ARM_GCC_473\Debug\Networking Project.a(isr_FallingEdge.o)
 .debug_line    0x000008ec       0xa2 .\CortexM3\ARM_GCC_473\Debug\Networking Project.a(Pin_LEDCollision.o)
 .debug_line    0x0000098e       0x9d .\CortexM3\ARM_GCC_473\Debug\Networking Project.a(Pin_LEDIdle.o)
 .debug_line    0x00000a2b       0x68 .\CortexM3\ARM_GCC_473\Debug\Networking Project.a(CyBootAsmGnu.o)
 .debug_line    0x00000a93      0x73b .\CortexM3\ARM_GCC_473\Debug\Networking Project.a(CyLib.o)
 .debug_line    0x000011ce      0x370 .\CortexM3\ARM_GCC_473\Debug\Networking Project.a(cyPm.o)
 .debug_line    0x0000153e       0x9d .\CortexM3\ARM_GCC_473\Debug\Networking Project.a(Pin_LEDBusy.o)
 .debug_line    0x000015db      0x184 .\CortexM3\ARM_GCC_473\Debug\Networking Project.a(Timer_BusyToCollision.o)
 .debug_line    0x0000175f      0x17f .\CortexM3\ARM_GCC_473\Debug\Networking Project.a(Timer_BusyToIdle.o)
 .debug_line    0x000018de      0x15e .\CortexM3\ARM_GCC_473\Debug\Networking Project.a(isr_BusyToCollision.o)
 .debug_line    0x00001a3c      0x159 .\CortexM3\ARM_GCC_473\Debug\Networking Project.a(isr_BusyToIdle.o)
 .debug_line    0x00001b95      0x290 .\CortexM3\ARM_GCC_473\Debug\Networking Project.a(USB.o)
 .debug_line    0x00001e25      0x21a .\CortexM3\ARM_GCC_473\Debug\Networking Project.a(USB_drv.o)
 .debug_line    0x0000203f       0xa4 .\CortexM3\ARM_GCC_473\Debug\Networking Project.a(USB_episr.o)
 .debug_line    0x000020e3      0x388 .\CortexM3\ARM_GCC_473\Debug\Networking Project.a(USB_std.o)
 .debug_line    0x0000246b       0x6a .\CortexM3\ARM_GCC_473\Debug\Networking Project.a(USB_vnd.o)
 .debug_line    0x000024d5      0x168 .\CortexM3\ARM_GCC_473\Debug\Networking Project.a(Timer_sendData.o)
 .debug_line    0x0000263d      0x157 .\CortexM3\ARM_GCC_473\Debug\Networking Project.a(isr_sendData.o)
 .debug_line    0x00002794       0x9f .\CortexM3\ARM_GCC_473\Debug\Networking Project.a(Transm_Output.o)
 .debug_line    0x00002833      0x1a9 .\CortexM3\ARM_GCC_473\Debug\Networking Project.a(CyFlash.o)
 .debug_line    0x000029dc      0x1a7 .\CortexM3\ARM_GCC_473\Debug\Networking Project.a(CySpc.o)
 .debug_line    0x00002b83       0x8b .\CortexM3\ARM_GCC_473\Debug\Networking Project.a(USB_cls.o)
 .debug_line    0x00002c0e       0x5b .\CortexM3\ARM_GCC_473\Debug\Networking Project.a(USB_descr.o)

.debug_frame    0x00000000     0x2748
 *(.debug_frame)
 .debug_frame   0x00000000       0xd8 .\CortexM3\ARM_GCC_473\Debug\main.o
 .debug_frame   0x000000d8       0xa4 .\CortexM3\ARM_GCC_473\Debug\Cm3Start.o
 .debug_frame   0x0000017c      0x120 .\CortexM3\ARM_GCC_473\Debug\Networking Project.a(cyfitter_cfg.o)
 .debug_frame   0x0000029c      0x180 .\CortexM3\ARM_GCC_473\Debug\Networking Project.a(isr_RisingEdge.o)
 .debug_frame   0x0000041c      0x180 .\CortexM3\ARM_GCC_473\Debug\Networking Project.a(isr_FallingEdge.o)
 .debug_frame   0x0000059c       0x80 .\CortexM3\ARM_GCC_473\Debug\Networking Project.a(Pin_LEDCollision.o)
 .debug_frame   0x0000061c       0x80 .\CortexM3\ARM_GCC_473\Debug\Networking Project.a(Pin_LEDIdle.o)
 .debug_frame   0x0000069c      0x778 .\CortexM3\ARM_GCC_473\Debug\Networking Project.a(CyLib.o)
 .debug_frame   0x00000e14      0x1d0 .\CortexM3\ARM_GCC_473\Debug\Networking Project.a(cyPm.o)
 .debug_frame   0x00000fe4       0x80 .\CortexM3\ARM_GCC_473\Debug\Networking Project.a(Pin_LEDBusy.o)
 .debug_frame   0x00001064      0x1b8 .\CortexM3\ARM_GCC_473\Debug\Networking Project.a(Timer_BusyToCollision.o)
 .debug_frame   0x0000121c      0x1b8 .\CortexM3\ARM_GCC_473\Debug\Networking Project.a(Timer_BusyToIdle.o)
 .debug_frame   0x000013d4      0x180 .\CortexM3\ARM_GCC_473\Debug\Networking Project.a(isr_BusyToCollision.o)
 .debug_frame   0x00001554      0x180 .\CortexM3\ARM_GCC_473\Debug\Networking Project.a(isr_BusyToIdle.o)
 .debug_frame   0x000016d4      0x238 .\CortexM3\ARM_GCC_473\Debug\Networking Project.a(USB.o)
 .debug_frame   0x0000190c      0x1e0 .\CortexM3\ARM_GCC_473\Debug\Networking Project.a(USB_drv.o)
 .debug_frame   0x00001aec       0x64 .\CortexM3\ARM_GCC_473\Debug\Networking Project.a(USB_episr.o)
 .debug_frame   0x00001b50      0x160 .\CortexM3\ARM_GCC_473\Debug\Networking Project.a(USB_std.o)
 .debug_frame   0x00001cb0       0x2c .\CortexM3\ARM_GCC_473\Debug\Networking Project.a(USB_vnd.o)
 .debug_frame   0x00001cdc      0x198 .\CortexM3\ARM_GCC_473\Debug\Networking Project.a(Timer_sendData.o)
 .debug_frame   0x00001e74      0x180 .\CortexM3\ARM_GCC_473\Debug\Networking Project.a(isr_sendData.o)
 .debug_frame   0x00001ff4       0x80 .\CortexM3\ARM_GCC_473\Debug\Networking Project.a(Transm_Output.o)
 .debug_frame   0x00002074      0x178 .\CortexM3\ARM_GCC_473\Debug\Networking Project.a(CyFlash.o)
 .debug_frame   0x000021ec      0x13c .\CortexM3\ARM_GCC_473\Debug\Networking Project.a(CySpc.o)
 .debug_frame   0x00002328       0x2c .\CortexM3\ARM_GCC_473\Debug\Networking Project.a(USB_cls.o)
 .debug_frame   0x00002354       0x28 c:/program files (x86)/cypress/psoc creator/3.0/psoc creator/import/gnu_cs/arm/4.7.3/bin/../lib/gcc/arm-none-eabi/4.7.3/../../../../arm-none-eabi/lib/armv7-m\libc_s.a(lib_a-__atexit2.o)
 .debug_frame   0x0000237c       0x28 c:/program files (x86)/cypress/psoc creator/3.0/psoc creator/import/gnu_cs/arm/4.7.3/bin/../lib/gcc/arm-none-eabi/4.7.3/../../../../arm-none-eabi/lib/armv7-m\libc_s.a(lib_a-exit.o)
 .debug_frame   0x000023a4       0x2c c:/program files (x86)/cypress/psoc creator/3.0/psoc creator/import/gnu_cs/arm/4.7.3/bin/../lib/gcc/arm-none-eabi/4.7.3/../../../../arm-none-eabi/lib/armv7-m\libc_s.a(lib_a-fini.o)
 .debug_frame   0x000023d0       0x2c c:/program files (x86)/cypress/psoc creator/3.0/psoc creator/import/gnu_cs/arm/4.7.3/bin/../lib/gcc/arm-none-eabi/4.7.3/../../../../arm-none-eabi/lib/armv7-m\libc_s.a(lib_a-init.o)
 .debug_frame   0x000023fc       0x28 c:/program files (x86)/cypress/psoc creator/3.0/psoc creator/import/gnu_cs/arm/4.7.3/bin/../lib/gcc/arm-none-eabi/4.7.3/../../../../arm-none-eabi/lib/armv7-m\libc_s.a(lib_a-memcpy.o)
 .debug_frame   0x00002424       0x20 c:/program files (x86)/cypress/psoc creator/3.0/psoc creator/import/gnu_cs/arm/4.7.3/bin/../lib/gcc/arm-none-eabi/4.7.3/../../../../arm-none-eabi/lib/armv7-m\libc_s.a(lib_a-memset.o)
 .debug_frame   0x00002444       0x58 c:/program files (x86)/cypress/psoc creator/3.0/psoc creator/import/gnu_cs/arm/4.7.3/bin/../lib/gcc/arm-none-eabi/4.7.3/../../../../arm-none-eabi/lib/armv7-m\libc_s.a(lib_a-sprintf.o)
 .debug_frame   0x0000249c       0x88 c:/program files (x86)/cypress/psoc creator/3.0/psoc creator/import/gnu_cs/arm/4.7.3/bin/../lib/gcc/arm-none-eabi/4.7.3/../../../../arm-none-eabi/lib/armv7-m\libc_s.a(lib_a-svfprintf.o)
 .debug_frame   0x00002524       0x58 c:/program files (x86)/cypress/psoc creator/3.0/psoc creator/import/gnu_cs/arm/4.7.3/bin/../lib/gcc/arm-none-eabi/4.7.3/../../../../arm-none-eabi/lib/armv7-m\libc_s.a(lib_a-vfprintf_i.o)
 .debug_frame   0x0000257c       0x2c c:/program files (x86)/cypress/psoc creator/3.0/psoc creator/import/gnu_cs/arm/4.7.3/bin/../lib/gcc/arm-none-eabi/4.7.3/../../../../arm-none-eabi/lib/armv7-m\libc_s.a(lib_a-freer.o)
 .debug_frame   0x000025a8       0x2c c:/program files (x86)/cypress/psoc creator/3.0/psoc creator/import/gnu_cs/arm/4.7.3/bin/../lib/gcc/arm-none-eabi/4.7.3/../../../../arm-none-eabi/lib/armv7-m\libc_s.a(lib_a-mallocr.o)
 .debug_frame   0x000025d4       0x28 c:/program files (x86)/cypress/psoc creator/3.0/psoc creator/import/gnu_cs/arm/4.7.3/bin/../lib/gcc/arm-none-eabi/4.7.3/../../../../arm-none-eabi/lib/armv7-m\libc_s.a(lib_a-memchr.o)
 .debug_frame   0x000025fc       0x2c c:/program files (x86)/cypress/psoc creator/3.0/psoc creator/import/gnu_cs/arm/4.7.3/bin/../lib/gcc/arm-none-eabi/4.7.3/../../../../arm-none-eabi/lib/armv7-m\libc_s.a(lib_a-memmove.o)
 .debug_frame   0x00002628       0x30 c:/program files (x86)/cypress/psoc creator/3.0/psoc creator/import/gnu_cs/arm/4.7.3/bin/../lib/gcc/arm-none-eabi/4.7.3/../../../../arm-none-eabi/lib/armv7-m\libc_s.a(lib_a-reallocr.o)
 .debug_frame   0x00002658       0x2c c:/program files (x86)/cypress/psoc creator/3.0/psoc creator/import/gnu_cs/arm/4.7.3/bin/../lib/gcc/arm-none-eabi/4.7.3/../../../../arm-none-eabi/lib/armv7-m\libc_s.a(lib_a-sbrkr.o)
 .debug_frame   0x00002684       0x20 c:/program files (x86)/cypress/psoc creator/3.0/psoc creator/import/gnu_cs/arm/4.7.3/bin/../lib/gcc/arm-none-eabi/4.7.3/../../../../arm-none-eabi/lib/armv7-m\libc_s.a(lib_a-strlen.o)
 .debug_frame   0x000026a4       0x20 c:/program files (x86)/cypress/psoc creator/3.0/psoc creator/import/gnu_cs/arm/4.7.3/bin/../lib/gcc/arm-none-eabi/4.7.3/../../../../arm-none-eabi/lib/armv7-m\libc_s.a(lib_a-msizer.o)
 .debug_frame   0x000026c4       0x64 c:/program files (x86)/cypress/psoc creator/3.0/psoc creator/import/gnu_cs/arm/4.7.3/bin/../lib/gcc/arm-none-eabi/4.7.3/../../../../arm-none-eabi/lib/armv7-m\libc_s.a(lib_a-reent.o)
 .debug_frame   0x00002728       0x20 c:/program files (x86)/cypress/psoc creator/3.0/psoc creator/import/gnu_cs/arm/4.7.3/bin/../lib/gcc/arm-none-eabi/4.7.3/../../../../arm-none-eabi/lib/armv7-m\libnosys.a(sbrk.o)

.debug_str      0x00000000     0x296b
 *(.debug_str)
 .debug_str     0x00000000      0x225 .\CortexM3\ARM_GCC_473\Debug\main.o
                                0x26b (size before relaxing)
 .debug_str     0x00000225       0x77 .\CortexM3\ARM_GCC_473\Debug\cymetadata.o
                                0x1e2 (size before relaxing)
 .debug_str     0x0000029c      0x10e .\CortexM3\ARM_GCC_473\Debug\Cm3Start.o
                                0x29e (size before relaxing)
 .debug_str     0x000003aa      0x157 .\CortexM3\ARM_GCC_473\Debug\Networking Project.a(cyfitter_cfg.o)
                                0x2ef (size before relaxing)
 .debug_str     0x00000501      0x17e .\CortexM3\ARM_GCC_473\Debug\Networking Project.a(isr_RisingEdge.o)
                                0x310 (size before relaxing)
 .debug_str     0x0000067f      0x174 .\CortexM3\ARM_GCC_473\Debug\Networking Project.a(isr_FallingEdge.o)
                                0x31e (size before relaxing)
 .debug_str     0x000007f3       0xa4 .\CortexM3\ARM_GCC_473\Debug\Networking Project.a(Pin_LEDCollision.o)
                                0x211 (size before relaxing)
 .debug_str     0x00000897       0x7b .\CortexM3\ARM_GCC_473\Debug\Networking Project.a(Pin_LEDIdle.o)
                                0x1f8 (size before relaxing)
 .debug_str     0x00000912      0x616 .\CortexM3\ARM_GCC_473\Debug\Networking Project.a(CyLib.o)
                                0x804 (size before relaxing)
 .debug_str     0x00000f28      0x371 .\CortexM3\ARM_GCC_473\Debug\Networking Project.a(cyPm.o)
                                0x513 (size before relaxing)
 .debug_str     0x00001299       0x7b .\CortexM3\ARM_GCC_473\Debug\Networking Project.a(Pin_LEDBusy.o)
                                0x1f8 (size before relaxing)
 .debug_str     0x00001314      0x29d .\CortexM3\ARM_GCC_473\Debug\Networking Project.a(Timer_BusyToCollision.o)
                                0x41a (size before relaxing)
 .debug_str     0x000015b1      0x21e .\CortexM3\ARM_GCC_473\Debug\Networking Project.a(Timer_BusyToIdle.o)
                                0x3c0 (size before relaxing)
 .debug_str     0x000017cf      0x1ac .\CortexM3\ARM_GCC_473\Debug\Networking Project.a(isr_BusyToCollision.o)
                                0x356 (size before relaxing)
 .debug_str     0x0000197b      0x166 .\CortexM3\ARM_GCC_473\Debug\Networking Project.a(isr_BusyToIdle.o)
                                0x310 (size before relaxing)
 .debug_str     0x00001ae1      0x2bc .\CortexM3\ARM_GCC_473\Debug\Networking Project.a(USB.o)
                                0x45c (size before relaxing)
 .debug_str     0x00001d9d      0x27b .\CortexM3\ARM_GCC_473\Debug\Networking Project.a(USB_drv.o)
                                0x531 (size before relaxing)
 .debug_str     0x00002018       0x50 .\CortexM3\ARM_GCC_473\Debug\Networking Project.a(USB_episr.o)
                                0x232 (size before relaxing)
 .debug_str     0x00002068      0x1e3 .\CortexM3\ARM_GCC_473\Debug\Networking Project.a(USB_std.o)
                                0x4fd (size before relaxing)
 .debug_str     0x0000224b       0x38 .\CortexM3\ARM_GCC_473\Debug\Networking Project.a(USB_vnd.o)
                                0x1b7 (size before relaxing)
 .debug_str     0x00002283      0x1cf .\CortexM3\ARM_GCC_473\Debug\Networking Project.a(Timer_sendData.o)
                                0x371 (size before relaxing)
 .debug_str     0x00002452      0x14a .\CortexM3\ARM_GCC_473\Debug\Networking Project.a(isr_sendData.o)
                                0x2f4 (size before relaxing)
 .debug_str     0x0000259c       0x85 .\CortexM3\ARM_GCC_473\Debug\Networking Project.a(Transm_Output.o)
                                0x202 (size before relaxing)
 .debug_str     0x00002621      0x130 .\CortexM3\ARM_GCC_473\Debug\Networking Project.a(CyFlash.o)
                                0x2d9 (size before relaxing)
 .debug_str     0x00002751       0xfe .\CortexM3\ARM_GCC_473\Debug\Networking Project.a(CySpc.o)
                                0x2b5 (size before relaxing)
 .debug_str     0x0000284f       0x39 .\CortexM3\ARM_GCC_473\Debug\Networking Project.a(USB_cls.o)
                                0x24d (size before relaxing)
 .debug_str     0x00002888       0xe3 .\CortexM3\ARM_GCC_473\Debug\Networking Project.a(USB_descr.o)
                                0x2be (size before relaxing)

.debug_loc      0x00000000     0x3aa0
 *(.debug_loc)
 .debug_loc     0x00000000      0x140 .\CortexM3\ARM_GCC_473\Debug\main.o
 .debug_loc     0x00000140      0x100 .\CortexM3\ARM_GCC_473\Debug\Cm3Start.o
 .debug_loc     0x00000240      0x1f8 .\CortexM3\ARM_GCC_473\Debug\Networking Project.a(cyfitter_cfg.o)
 .debug_loc     0x00000438      0x278 .\CortexM3\ARM_GCC_473\Debug\Networking Project.a(isr_RisingEdge.o)
 .debug_loc     0x000006b0      0x278 .\CortexM3\ARM_GCC_473\Debug\Networking Project.a(isr_FallingEdge.o)
 .debug_loc     0x00000928       0xc8 .\CortexM3\ARM_GCC_473\Debug\Networking Project.a(Pin_LEDCollision.o)
 .debug_loc     0x000009f0       0xc8 .\CortexM3\ARM_GCC_473\Debug\Networking Project.a(Pin_LEDIdle.o)
 .debug_loc     0x00000ab8      0xce0 .\CortexM3\ARM_GCC_473\Debug\Networking Project.a(CyLib.o)
 .debug_loc     0x00001798      0x2e8 .\CortexM3\ARM_GCC_473\Debug\Networking Project.a(cyPm.o)
 .debug_loc     0x00001a80       0xc8 .\CortexM3\ARM_GCC_473\Debug\Networking Project.a(Pin_LEDBusy.o)
 .debug_loc     0x00001b48      0x2d0 .\CortexM3\ARM_GCC_473\Debug\Networking Project.a(Timer_BusyToCollision.o)
 .debug_loc     0x00001e18      0x2d0 .\CortexM3\ARM_GCC_473\Debug\Networking Project.a(Timer_BusyToIdle.o)
 .debug_loc     0x000020e8      0x278 .\CortexM3\ARM_GCC_473\Debug\Networking Project.a(isr_BusyToCollision.o)
 .debug_loc     0x00002360      0x278 .\CortexM3\ARM_GCC_473\Debug\Networking Project.a(isr_BusyToIdle.o)
 .debug_loc     0x000025d8      0x404 .\CortexM3\ARM_GCC_473\Debug\Networking Project.a(USB.o)
 .debug_loc     0x000029dc      0x314 .\CortexM3\ARM_GCC_473\Debug\Networking Project.a(USB_drv.o)
 .debug_loc     0x00002cf0       0x84 .\CortexM3\ARM_GCC_473\Debug\Networking Project.a(USB_episr.o)
 .debug_loc     0x00002d74      0x25c .\CortexM3\ARM_GCC_473\Debug\Networking Project.a(USB_std.o)
 .debug_loc     0x00002fd0       0x38 .\CortexM3\ARM_GCC_473\Debug\Networking Project.a(USB_vnd.o)
 .debug_loc     0x00003008      0x298 .\CortexM3\ARM_GCC_473\Debug\Networking Project.a(Timer_sendData.o)
 .debug_loc     0x000032a0      0x278 .\CortexM3\ARM_GCC_473\Debug\Networking Project.a(isr_sendData.o)
 .debug_loc     0x00003518       0xc8 .\CortexM3\ARM_GCC_473\Debug\Networking Project.a(Transm_Output.o)
 .debug_loc     0x000035e0      0x258 .\CortexM3\ARM_GCC_473\Debug\Networking Project.a(CyFlash.o)
 .debug_loc     0x00003838      0x230 .\CortexM3\ARM_GCC_473\Debug\Networking Project.a(CySpc.o)
 .debug_loc     0x00003a68       0x38 .\CortexM3\ARM_GCC_473\Debug\Networking Project.a(USB_cls.o)

.debug_macinfo
 *(.debug_macinfo)

.debug_ranges   0x00000000      0xa18
 *(.debug_ranges)
 .debug_ranges  0x00000000       0x40 .\CortexM3\ARM_GCC_473\Debug\main.o
 .debug_ranges  0x00000040       0x30 .\CortexM3\ARM_GCC_473\Debug\Cm3Start.o
 .debug_ranges  0x00000070       0x50 .\CortexM3\ARM_GCC_473\Debug\Networking Project.a(cyfitter_cfg.o)
 .debug_ranges  0x000000c0       0x70 .\CortexM3\ARM_GCC_473\Debug\Networking Project.a(isr_RisingEdge.o)
 .debug_ranges  0x00000130       0x70 .\CortexM3\ARM_GCC_473\Debug\Networking Project.a(isr_FallingEdge.o)
 .debug_ranges  0x000001a0       0x28 .\CortexM3\ARM_GCC_473\Debug\Networking Project.a(Pin_LEDCollision.o)
 .debug_ranges  0x000001c8       0x28 .\CortexM3\ARM_GCC_473\Debug\Networking Project.a(Pin_LEDIdle.o)
 .debug_ranges  0x000001f0      0x208 .\CortexM3\ARM_GCC_473\Debug\Networking Project.a(CyLib.o)
 .debug_ranges  0x000003f8       0x80 .\CortexM3\ARM_GCC_473\Debug\Networking Project.a(cyPm.o)
 .debug_ranges  0x00000478       0x28 .\CortexM3\ARM_GCC_473\Debug\Networking Project.a(Pin_LEDBusy.o)
 .debug_ranges  0x000004a0       0x80 .\CortexM3\ARM_GCC_473\Debug\Networking Project.a(Timer_BusyToCollision.o)
 .debug_ranges  0x00000520       0x80 .\CortexM3\ARM_GCC_473\Debug\Networking Project.a(Timer_BusyToIdle.o)
 .debug_ranges  0x000005a0       0x70 .\CortexM3\ARM_GCC_473\Debug\Networking Project.a(isr_BusyToCollision.o)
 .debug_ranges  0x00000610       0x70 .\CortexM3\ARM_GCC_473\Debug\Networking Project.a(isr_BusyToIdle.o)
 .debug_ranges  0x00000680       0xa0 .\CortexM3\ARM_GCC_473\Debug\Networking Project.a(USB.o)
 .debug_ranges  0x00000720       0x88 .\CortexM3\ARM_GCC_473\Debug\Networking Project.a(USB_drv.o)
 .debug_ranges  0x000007a8       0x20 .\CortexM3\ARM_GCC_473\Debug\Networking Project.a(USB_episr.o)
 .debug_ranges  0x000007c8       0x60 .\CortexM3\ARM_GCC_473\Debug\Networking Project.a(USB_std.o)
 .debug_ranges  0x00000828       0x10 .\CortexM3\ARM_GCC_473\Debug\Networking Project.a(USB_vnd.o)
 .debug_ranges  0x00000838       0x78 .\CortexM3\ARM_GCC_473\Debug\Networking Project.a(Timer_sendData.o)
 .debug_ranges  0x000008b0       0x70 .\CortexM3\ARM_GCC_473\Debug\Networking Project.a(isr_sendData.o)
 .debug_ranges  0x00000920       0x28 .\CortexM3\ARM_GCC_473\Debug\Networking Project.a(Transm_Output.o)
 .debug_ranges  0x00000948       0x68 .\CortexM3\ARM_GCC_473\Debug\Networking Project.a(CyFlash.o)
 .debug_ranges  0x000009b0       0x58 .\CortexM3\ARM_GCC_473\Debug\Networking Project.a(CySpc.o)
 .debug_ranges  0x00000a08       0x10 .\CortexM3\ARM_GCC_473\Debug\Networking Project.a(USB_cls.o)

.comment        0x00000000       0x70
 .comment       0x00000000       0x70 .\CortexM3\ARM_GCC_473\Debug\main.o
                                 0x71 (size before relaxing)
 .comment       0x00000000       0x71 .\CortexM3\ARM_GCC_473\Debug\cymetadata.o
 .comment       0x00000000       0x71 .\CortexM3\ARM_GCC_473\Debug\Cm3Start.o
 .comment       0x00000000       0x71 .\CortexM3\ARM_GCC_473\Debug\Networking Project.a(cyfitter_cfg.o)
 .comment       0x00000000       0x71 .\CortexM3\ARM_GCC_473\Debug\Networking Project.a(isr_RisingEdge.o)
 .comment       0x00000000       0x71 .\CortexM3\ARM_GCC_473\Debug\Networking Project.a(isr_FallingEdge.o)
 .comment       0x00000000       0x71 .\CortexM3\ARM_GCC_473\Debug\Networking Project.a(Pin_LEDCollision.o)
 .comment       0x00000000       0x71 .\CortexM3\ARM_GCC_473\Debug\Networking Project.a(Pin_LEDIdle.o)
 .comment       0x00000000       0x71 .\CortexM3\ARM_GCC_473\Debug\Networking Project.a(CyLib.o)
 .comment       0x00000000       0x71 .\CortexM3\ARM_GCC_473\Debug\Networking Project.a(cyPm.o)
 .comment       0x00000000       0x71 .\CortexM3\ARM_GCC_473\Debug\Networking Project.a(Pin_LEDBusy.o)
 .comment       0x00000000       0x71 .\CortexM3\ARM_GCC_473\Debug\Networking Project.a(Timer_BusyToCollision.o)
 .comment       0x00000000       0x71 .\CortexM3\ARM_GCC_473\Debug\Networking Project.a(Timer_BusyToIdle.o)
 .comment       0x00000000       0x71 .\CortexM3\ARM_GCC_473\Debug\Networking Project.a(isr_BusyToCollision.o)
 .comment       0x00000000       0x71 .\CortexM3\ARM_GCC_473\Debug\Networking Project.a(isr_BusyToIdle.o)
 .comment       0x00000000       0x71 .\CortexM3\ARM_GCC_473\Debug\Networking Project.a(USB.o)
 .comment       0x00000000       0x71 .\CortexM3\ARM_GCC_473\Debug\Networking Project.a(USB_drv.o)
 .comment       0x00000000       0x71 .\CortexM3\ARM_GCC_473\Debug\Networking Project.a(USB_episr.o)
 .comment       0x00000000       0x71 .\CortexM3\ARM_GCC_473\Debug\Networking Project.a(USB_std.o)
 .comment       0x00000000       0x71 .\CortexM3\ARM_GCC_473\Debug\Networking Project.a(USB_vnd.o)
 .comment       0x00000000       0x71 .\CortexM3\ARM_GCC_473\Debug\Networking Project.a(Timer_sendData.o)
 .comment       0x00000000       0x71 .\CortexM3\ARM_GCC_473\Debug\Networking Project.a(isr_sendData.o)
 .comment       0x00000000       0x71 .\CortexM3\ARM_GCC_473\Debug\Networking Project.a(Transm_Output.o)
 .comment       0x00000000       0x71 .\CortexM3\ARM_GCC_473\Debug\Networking Project.a(CyFlash.o)
 .comment       0x00000000       0x71 .\CortexM3\ARM_GCC_473\Debug\Networking Project.a(CySpc.o)
 .comment       0x00000000       0x71 .\CortexM3\ARM_GCC_473\Debug\Networking Project.a(USB_cls.o)
 .comment       0x00000000       0x71 .\CortexM3\ARM_GCC_473\Debug\Networking Project.a(USB_descr.o)

.debug_weaknames
 *(.debug_weaknames)

.debug_funcnames
 *(.debug_funcnames)

.debug_typenames
 *(.debug_typenames)

.debug_varnames
 *(.debug_varnames)

.note.gnu.arm.ident
 *(.note.gnu.arm.ident)

.ARM.attributes
                0x00000000       0x29
 *(.ARM.attributes)
 .ARM.attributes
                0x00000000       0x1d c:/program files (x86)/cypress/psoc creator/3.0/psoc creator/import/gnu_cs/arm/4.7.3/bin/../lib/gcc/arm-none-eabi/4.7.3/armv7-m/crti.o
 .ARM.attributes
                0x0000001d       0x2d c:/program files (x86)/cypress/psoc creator/3.0/psoc creator/import/gnu_cs/arm/4.7.3/bin/../lib/gcc/arm-none-eabi/4.7.3/armv7-m/crtbegin.o
 .ARM.attributes
                0x0000004a       0x1b c:/program files (x86)/cypress/psoc creator/3.0/psoc creator/import/gnu_cs/arm/4.7.3/bin/../lib/gcc/arm-none-eabi/4.7.3/../../../../arm-none-eabi/lib/armv7-m/crt0.o
 .ARM.attributes
                0x00000065       0x33 .\CortexM3\ARM_GCC_473\Debug\main.o
 .ARM.attributes
                0x00000098       0x33 .\CortexM3\ARM_GCC_473\Debug\cymetadata.o
 .ARM.attributes
                0x000000cb       0x33 .\CortexM3\ARM_GCC_473\Debug\Cm3Start.o
 .ARM.attributes
                0x000000fe       0x33 .\CortexM3\ARM_GCC_473\Debug\Networking Project.a(cyfitter_cfg.o)
 .ARM.attributes
                0x00000131       0x33 .\CortexM3\ARM_GCC_473\Debug\Networking Project.a(isr_RisingEdge.o)
 .ARM.attributes
                0x00000164       0x33 .\CortexM3\ARM_GCC_473\Debug\Networking Project.a(isr_FallingEdge.o)
 .ARM.attributes
                0x00000197       0x33 .\CortexM3\ARM_GCC_473\Debug\Networking Project.a(Pin_LEDCollision.o)
 .ARM.attributes
                0x000001ca       0x33 .\CortexM3\ARM_GCC_473\Debug\Networking Project.a(Pin_LEDIdle.o)
 .ARM.attributes
                0x000001fd       0x21 .\CortexM3\ARM_GCC_473\Debug\Networking Project.a(CyBootAsmGnu.o)
 .ARM.attributes
                0x0000021e       0x33 .\CortexM3\ARM_GCC_473\Debug\Networking Project.a(CyLib.o)
 .ARM.attributes
                0x00000251       0x33 .\CortexM3\ARM_GCC_473\Debug\Networking Project.a(cyPm.o)
 .ARM.attributes
                0x00000284       0x33 .\CortexM3\ARM_GCC_473\Debug\Networking Project.a(Pin_LEDBusy.o)
 .ARM.attributes
                0x000002b7       0x33 .\CortexM3\ARM_GCC_473\Debug\Networking Project.a(Timer_BusyToCollision.o)
 .ARM.attributes
                0x000002ea       0x33 .\CortexM3\ARM_GCC_473\Debug\Networking Project.a(Timer_BusyToIdle.o)
 .ARM.attributes
                0x0000031d       0x33 .\CortexM3\ARM_GCC_473\Debug\Networking Project.a(isr_BusyToCollision.o)
 .ARM.attributes
                0x00000350       0x33 .\CortexM3\ARM_GCC_473\Debug\Networking Project.a(isr_BusyToIdle.o)
 .ARM.attributes
                0x00000383       0x33 .\CortexM3\ARM_GCC_473\Debug\Networking Project.a(USB.o)
 .ARM.attributes
                0x000003b6       0x33 .\CortexM3\ARM_GCC_473\Debug\Networking Project.a(USB_drv.o)
 .ARM.attributes
                0x000003e9       0x33 .\CortexM3\ARM_GCC_473\Debug\Networking Project.a(USB_episr.o)
 .ARM.attributes
                0x0000041c       0x33 .\CortexM3\ARM_GCC_473\Debug\Networking Project.a(USB_std.o)
 .ARM.attributes
                0x0000044f       0x33 .\CortexM3\ARM_GCC_473\Debug\Networking Project.a(USB_vnd.o)
 .ARM.attributes
                0x00000482       0x33 .\CortexM3\ARM_GCC_473\Debug\Networking Project.a(Timer_sendData.o)
 .ARM.attributes
                0x000004b5       0x33 .\CortexM3\ARM_GCC_473\Debug\Networking Project.a(isr_sendData.o)
 .ARM.attributes
                0x000004e8       0x33 .\CortexM3\ARM_GCC_473\Debug\Networking Project.a(Transm_Output.o)
 .ARM.attributes
                0x0000051b       0x33 .\CortexM3\ARM_GCC_473\Debug\Networking Project.a(CyFlash.o)
 .ARM.attributes
                0x0000054e       0x33 .\CortexM3\ARM_GCC_473\Debug\Networking Project.a(CySpc.o)
 .ARM.attributes
                0x00000581       0x33 .\CortexM3\ARM_GCC_473\Debug\Networking Project.a(USB_cls.o)
 .ARM.attributes
                0x000005b4       0x33 .\CortexM3\ARM_GCC_473\Debug\Networking Project.a(USB_descr.o)
 .ARM.attributes
                0x000005e7       0x2d c:/program files (x86)/cypress/psoc creator/3.0/psoc creator/import/gnu_cs/arm/4.7.3/bin/../lib/gcc/arm-none-eabi/4.7.3/../../../../arm-none-eabi/lib/armv7-m\libc_s.a(lib_a-__atexit2.o)
 .ARM.attributes
                0x00000614       0x2d c:/program files (x86)/cypress/psoc creator/3.0/psoc creator/import/gnu_cs/arm/4.7.3/bin/../lib/gcc/arm-none-eabi/4.7.3/../../../../arm-none-eabi/lib/armv7-m\libc_s.a(lib_a-exit.o)
 .ARM.attributes
                0x00000641       0x2d c:/program files (x86)/cypress/psoc creator/3.0/psoc creator/import/gnu_cs/arm/4.7.3/bin/../lib/gcc/arm-none-eabi/4.7.3/../../../../arm-none-eabi/lib/armv7-m\libc_s.a(lib_a-fini.o)
 .ARM.attributes
                0x0000066e       0x2d c:/program files (x86)/cypress/psoc creator/3.0/psoc creator/import/gnu_cs/arm/4.7.3/bin/../lib/gcc/arm-none-eabi/4.7.3/../../../../arm-none-eabi/lib/armv7-m\libc_s.a(lib_a-impure.o)
 .ARM.attributes
                0x0000069b       0x2d c:/program files (x86)/cypress/psoc creator/3.0/psoc creator/import/gnu_cs/arm/4.7.3/bin/../lib/gcc/arm-none-eabi/4.7.3/../../../../arm-none-eabi/lib/armv7-m\libc_s.a(lib_a-init.o)
 .ARM.attributes
                0x000006c8       0x2d c:/program files (x86)/cypress/psoc creator/3.0/psoc creator/import/gnu_cs/arm/4.7.3/bin/../lib/gcc/arm-none-eabi/4.7.3/../../../../arm-none-eabi/lib/armv7-m\libc_s.a(lib_a-memcpy.o)
 .ARM.attributes
                0x000006f5       0x2d c:/program files (x86)/cypress/psoc creator/3.0/psoc creator/import/gnu_cs/arm/4.7.3/bin/../lib/gcc/arm-none-eabi/4.7.3/../../../../arm-none-eabi/lib/armv7-m\libc_s.a(lib_a-memset.o)
 .ARM.attributes
                0x00000722       0x2d c:/program files (x86)/cypress/psoc creator/3.0/psoc creator/import/gnu_cs/arm/4.7.3/bin/../lib/gcc/arm-none-eabi/4.7.3/../../../../arm-none-eabi/lib/armv7-m\libc_s.a(lib_a-sprintf.o)
 .ARM.attributes
                0x0000074f       0x2d c:/program files (x86)/cypress/psoc creator/3.0/psoc creator/import/gnu_cs/arm/4.7.3/bin/../lib/gcc/arm-none-eabi/4.7.3/../../../../arm-none-eabi/lib/armv7-m\libc_s.a(lib_a-svfprintf.o)
 .ARM.attributes
                0x0000077c       0x2d c:/program files (x86)/cypress/psoc creator/3.0/psoc creator/import/gnu_cs/arm/4.7.3/bin/../lib/gcc/arm-none-eabi/4.7.3/../../../../arm-none-eabi/lib/armv7-m\libc_s.a(lib_a-vfprintf_i.o)
 .ARM.attributes
                0x000007a9       0x2d c:/program files (x86)/cypress/psoc creator/3.0/psoc creator/import/gnu_cs/arm/4.7.3/bin/../lib/gcc/arm-none-eabi/4.7.3/../../../../arm-none-eabi/lib/armv7-m\libc_s.a(lib_a-freer.o)
 .ARM.attributes
                0x000007d6       0x2d c:/program files (x86)/cypress/psoc creator/3.0/psoc creator/import/gnu_cs/arm/4.7.3/bin/../lib/gcc/arm-none-eabi/4.7.3/../../../../arm-none-eabi/lib/armv7-m\libc_s.a(lib_a-mallocr.o)
 .ARM.attributes
                0x00000803       0x2d c:/program files (x86)/cypress/psoc creator/3.0/psoc creator/import/gnu_cs/arm/4.7.3/bin/../lib/gcc/arm-none-eabi/4.7.3/../../../../arm-none-eabi/lib/armv7-m\libc_s.a(lib_a-memchr.o)
 .ARM.attributes
                0x00000830       0x2d c:/program files (x86)/cypress/psoc creator/3.0/psoc creator/import/gnu_cs/arm/4.7.3/bin/../lib/gcc/arm-none-eabi/4.7.3/../../../../arm-none-eabi/lib/armv7-m\libc_s.a(lib_a-memmove.o)
 .ARM.attributes
                0x0000085d       0x2d c:/program files (x86)/cypress/psoc creator/3.0/psoc creator/import/gnu_cs/arm/4.7.3/bin/../lib/gcc/arm-none-eabi/4.7.3/../../../../arm-none-eabi/lib/armv7-m\libc_s.a(lib_a-reallocr.o)
 .ARM.attributes
                0x0000088a       0x2d c:/program files (x86)/cypress/psoc creator/3.0/psoc creator/import/gnu_cs/arm/4.7.3/bin/../lib/gcc/arm-none-eabi/4.7.3/../../../../arm-none-eabi/lib/armv7-m\libc_s.a(lib_a-sbrkr.o)
 .ARM.attributes
                0x000008b7       0x2d c:/program files (x86)/cypress/psoc creator/3.0/psoc creator/import/gnu_cs/arm/4.7.3/bin/../lib/gcc/arm-none-eabi/4.7.3/../../../../arm-none-eabi/lib/armv7-m\libc_s.a(lib_a-strlen.o)
 .ARM.attributes
                0x000008e4       0x2d c:/program files (x86)/cypress/psoc creator/3.0/psoc creator/import/gnu_cs/arm/4.7.3/bin/../lib/gcc/arm-none-eabi/4.7.3/../../../../arm-none-eabi/lib/armv7-m\libc_s.a(lib_a-msizer.o)
 .ARM.attributes
                0x00000911       0x2d c:/program files (x86)/cypress/psoc creator/3.0/psoc creator/import/gnu_cs/arm/4.7.3/bin/../lib/gcc/arm-none-eabi/4.7.3/../../../../arm-none-eabi/lib/armv7-m\libc_s.a(lib_a-reent.o)
 .ARM.attributes
                0x0000093e       0x2d c:/program files (x86)/cypress/psoc creator/3.0/psoc creator/import/gnu_cs/arm/4.7.3/bin/../lib/gcc/arm-none-eabi/4.7.3/armv7-m/crtend.o
 .ARM.attributes
                0x0000096b       0x1d c:/program files (x86)/cypress/psoc creator/3.0/psoc creator/import/gnu_cs/arm/4.7.3/bin/../lib/gcc/arm-none-eabi/4.7.3/armv7-m/crtn.o
 .ARM.attributes
                0x00000988       0x2d c:/program files (x86)/cypress/psoc creator/3.0/psoc creator/import/gnu_cs/arm/4.7.3/bin/../lib/gcc/arm-none-eabi/4.7.3/../../../../arm-none-eabi/lib/armv7-m\libnosys.a(sbrk.o)

/DISCARD/
 *(.note.GNU-stack)
OUTPUT(.\CortexM3\ARM_GCC_473\Debug\Networking Project.elf elf32-littlearm)
