Archive member included because of file (symbol)

.\CortexM3\ARM_GCC_473\Debug\Networking Project.a(cyfitter_cfg.o)
                              .\CortexM3\ARM_GCC_473\Debug\Cm3Start.o (cyfitter_cfg)
.\CortexM3\ARM_GCC_473\Debug\Networking Project.a(isr_RisingEdge.o)
                              .\CortexM3\ARM_GCC_473\Debug\main.o (isr_RisingEdge_StartEx)
.\CortexM3\ARM_GCC_473\Debug\Networking Project.a(isr_FallingEdge.o)
                              .\CortexM3\ARM_GCC_473\Debug\main.o (isr_FallingEdge_StartEx)
.\CortexM3\ARM_GCC_473\Debug\Networking Project.a(Pin_LEDCollision.o)
                              .\CortexM3\ARM_GCC_473\Debug\main.o (Pin_LEDCollision_Write)
.\CortexM3\ARM_GCC_473\Debug\Networking Project.a(Pin_LEDIdle.o)
                              .\CortexM3\ARM_GCC_473\Debug\main.o (Pin_LEDIdle_Write)
.\CortexM3\ARM_GCC_473\Debug\Networking Project.a(CyBootAsmGnu.o)
                              .\CortexM3\ARM_GCC_473\Debug\Networking Project.a(cyfitter_cfg.o) (CyDelayCycles)
.\CortexM3\ARM_GCC_473\Debug\Networking Project.a(CyLib.o)
                              .\CortexM3\ARM_GCC_473\Debug\Cm3Start.o (CyResetStatus)
.\CortexM3\ARM_GCC_473\Debug\Networking Project.a(cyPm.o)
                              .\CortexM3\ARM_GCC_473\Debug\Networking Project.a(CyLib.o) (CyPmReadStatus)
.\CortexM3\ARM_GCC_473\Debug\Networking Project.a(Pin_LEDBusy.o)
                              .\CortexM3\ARM_GCC_473\Debug\main.o (Pin_LEDBusy_Write)
.\CortexM3\ARM_GCC_473\Debug\Networking Project.a(Timer_BusyToCollision.o)
                              .\CortexM3\ARM_GCC_473\Debug\main.o (Timer_BusyToCollision_WriteCounter)
.\CortexM3\ARM_GCC_473\Debug\Networking Project.a(Timer_BusyToIdle.o)
                              .\CortexM3\ARM_GCC_473\Debug\main.o (Timer_BusyToIdle_WriteCounter)
.\CortexM3\ARM_GCC_473\Debug\Networking Project.a(isr_BusyToCollision.o)
                              .\CortexM3\ARM_GCC_473\Debug\main.o (isr_BusyToCollision_StartEx)
.\CortexM3\ARM_GCC_473\Debug\Networking Project.a(isr_BusyToIdle.o)
                              .\CortexM3\ARM_GCC_473\Debug\main.o (isr_BusyToIdle_StartEx)
.\CortexM3\ARM_GCC_473\Debug\Networking Project.a(USB.o)
                              .\CortexM3\ARM_GCC_473\Debug\main.o (USB_Start)
.\CortexM3\ARM_GCC_473\Debug\Networking Project.a(USB_cdc.o)
                              .\CortexM3\ARM_GCC_473\Debug\main.o (USB_CDC_Init)
.\CortexM3\ARM_GCC_473\Debug\Networking Project.a(USB_drv.o)
                              .\CortexM3\ARM_GCC_473\Debug\Networking Project.a(USB.o) (USB_EP)
.\CortexM3\ARM_GCC_473\Debug\Networking Project.a(USB_episr.o)
                              .\CortexM3\ARM_GCC_473\Debug\Networking Project.a(USB.o) (USB_EP_1_ISR)
.\CortexM3\ARM_GCC_473\Debug\Networking Project.a(USB_hid.o)
                              .\CortexM3\ARM_GCC_473\Debug\Networking Project.a(USB.o) (USB_hidProtocol)
.\CortexM3\ARM_GCC_473\Debug\Networking Project.a(USB_std.o)
                              .\CortexM3\ARM_GCC_473\Debug\Networking Project.a(USB_drv.o) (USB_HandleStandardRqst)
.\CortexM3\ARM_GCC_473\Debug\Networking Project.a(USB_vnd.o)
                              .\CortexM3\ARM_GCC_473\Debug\Networking Project.a(USB_drv.o) (USB_HandleVendorRqst)
.\CortexM3\ARM_GCC_473\Debug\Networking Project.a(LCD.o)
                              .\CortexM3\ARM_GCC_473\Debug\main.o (LCD_Start)
.\CortexM3\ARM_GCC_473\Debug\Networking Project.a(Timer_sendData.o)
                              .\CortexM3\ARM_GCC_473\Debug\main.o (Timer_sendData_Start)
.\CortexM3\ARM_GCC_473\Debug\Networking Project.a(Timer_sendData_PM.o)
                              .\CortexM3\ARM_GCC_473\Debug\main.o (Timer_sendData_Sleep)
.\CortexM3\ARM_GCC_473\Debug\Networking Project.a(isr_sendData.o)
                              .\CortexM3\ARM_GCC_473\Debug\main.o (isr_sendData_StartEx)
.\CortexM3\ARM_GCC_473\Debug\Networking Project.a(Transm_Output.o)
                              .\CortexM3\ARM_GCC_473\Debug\main.o (Transm_Output_Write)
.\CortexM3\ARM_GCC_473\Debug\Networking Project.a(CyFlash.o)
                              .\CortexM3\ARM_GCC_473\Debug\Networking Project.a(cyPm.o) (CyFlash_SetWaitCycles)
.\CortexM3\ARM_GCC_473\Debug\Networking Project.a(CySpc.o)
                              .\CortexM3\ARM_GCC_473\Debug\Networking Project.a(CyFlash.o) (CySpcStart)
.\CortexM3\ARM_GCC_473\Debug\Networking Project.a(USB_cls.o)
                              .\CortexM3\ARM_GCC_473\Debug\Networking Project.a(USB_drv.o) (USB_DispatchClassRqst)
.\CortexM3\ARM_GCC_473\Debug\Networking Project.a(USB_descr.o)
                              .\CortexM3\ARM_GCC_473\Debug\Networking Project.a(USB_std.o) (USB_DEVICE0_DESCR)
c:/program files (x86)/cypress/psoc creator/3.0/psoc creator/import/gnu_cs/arm/4.7.3/bin/../lib/gcc/arm-none-eabi/4.7.3/../../../../arm-none-eabi/lib/armv7-m\libc_s.a(lib_a-__atexit2.o)
[...]
Memory Configuration

Name             Origin             Length             Attributes
rom              0x00000000         0x00040000         xr
ram              0x1fff8000         0x00010000         xrw
*default*        0x00000000         0xffffffff

Linker script and memory map

LOAD c:/program files (x86)/cypress/psoc creator/3.0/psoc creator/import/gnu_cs/arm/4.7.3/bin/../lib/gcc/arm-none-eabi/4.7.3/armv7-m/crti.o
LOAD c:/program files (x86)/cypress/psoc creator/3.0/psoc creator/import/gnu_cs/arm/4.7.3/bin/../lib/gcc/arm-none-eabi/4.7.3/armv7-m/crtbegin.o
LOAD c:/program files (x86)/cypress/psoc creator/3.0/psoc creator/import/gnu_cs/arm/4.7.3/bin/../lib/gcc/arm-none-eabi/4.7.3/../../../../arm-none-eabi/lib/armv7-m/crt0.o
START GROUP
LOAD .\CortexM3\ARM_GCC_473\Debug\main.o
LOAD .\CortexM3\ARM_GCC_473\Debug\cymetadata.o
LOAD .\CortexM3\ARM_GCC_473\Debug\Cm3Start.o
LOAD .\CortexM3\ARM_GCC_473\Debug\Networking Project.a
LOAD C:\Program Files (x86)\Cypress\PSoC Creator\3.0\PSoC Creator\psoc\content\cycomponentlibrary\CyComponentLibrary.cylib\CortexM3\ARM_GCC_473\Debug\CyComponentLibrary.a
END GROUP
START GROUP
LOAD c:/program files (x86)/cypress/psoc creator/3.0/psoc creator/import/gnu_cs/arm/4.7.3/bin/../lib/gcc/arm-none-eabi/4.7.3/armv7-m\libgcc.a
LOAD c:/program files (x86)/cypress/psoc creator/3.0/psoc creator/import/gnu_cs/arm/4.7.3/bin/../lib/gcc/arm-none-eabi/4.7.3/../../../../arm-none-eabi/lib/armv7-m\libc_s.a
END GROUP
LOAD c:/program files (x86)/cypress/psoc creator/3.0/psoc creator/import/gnu_cs/arm/4.7.3/bin/../lib/gcc/arm-none-eabi/4.7.3/armv7-m/crtend.o
LOAD c:/program files (x86)/cypress/psoc creator/3.0/psoc creator/import/gnu_cs/arm/4.7.3/bin/../lib/gcc/arm-none-eabi/4.7.3/armv7-m/crtn.o
START GROUP
LOAD c:/program files (x86)/cypress/psoc creator/3.0/psoc creator/import/gnu_cs/arm/4.7.3/bin/../lib/gcc/arm-none-eabi/4.7.3/armv7-m\libgcc.a
LOAD c:/program files (x86)/cypress/psoc creator/3.0/psoc creator/import/gnu_cs/arm/4.7.3/bin/../lib/gcc/arm-none-eabi/4.7.3/../../../../arm-none-eabi/lib/armv7-m\libc.a
LOAD c:/program files (x86)/cypress/psoc creator/3.0/psoc creator/import/gnu_cs/arm/4.7.3/bin/../lib/gcc/arm-none-eabi/4.7.3/../../../../arm-none-eabi/lib/armv7-m\libnosys.a
END GROUP
                0x00000000                CY_APPL_ORIGIN = 0x0
                0x00000100                CY_FLASH_ROW_SIZE = 0x100
                0x00000020                CY_ECC_ROW_SIZE = 0x20
                0x00000000                CY_EE_IN_BTLDR = 0x0
                0x00000000                CY_APPL_LOADABLE = 0x0
                0x00000800                CY_EE_SIZE = 0x800
                0x00000001                CY_APPL_NUM = 0x1
                0x00000001                CY_APPL_MAX = 0x1
                0x00000040                CY_METADATA_SIZE = 0x40
                0x1fff85f8                PROVIDE (__cy_heap_start, _end)
                0x00000001                PROVIDE (__cy_region_num, ((__cy_regions_end - __cy_regions) / 0x10))
                0x20008000                PROVIDE (__cy_stack, (ORIGIN (ram) + 0x10000))
                0x20004000                PROVIDE (__cy_heap_end, (__cy_stack - 0x4000))

.cybootloader   0x00000000        0x0
 *(.cybootloader)
                0x00000000                appl1_start = CY_APPL_ORIGIN?CY_APPL_ORIGIN:ALIGN (CY_FLASH_ROW_SIZE)
                0x0001ff00                appl2_start = (appl1_start + ALIGN ((((0x40000 - appl1_start) - (0x2 * CY_FLASH_ROW_SIZE)) / 0x2), CY_FLASH_ROW_SIZE))
                0x00000000                appl_start = (CY_APPL_NUM == 0x1)?appl1_start:appl2_start
                0x00000000                ecc_offset = ((appl_start / CY_FLASH_ROW_SIZE) * CY_ECC_ROW_SIZE)
                0x00000000                ee_offset = (CY_APPL_LOADABLE && ! (CY_EE_IN_BTLDR))?((CY_EE_SIZE / CY_APPL_MAX) * (CY_APPL_NUM - 0x1)):0x0
                0x00000800                ee_size = (CY_APPL_LOADABLE && ! (CY_EE_IN_BTLDR))?(CY_EE_SIZE / CY_APPL_MAX):CY_EE_SIZE
                0x00000000                PROVIDE (CY_ECC_OFFSET, ecc_offset)

.text           0x00000000     0x50b6
 CREATE_OBJECT_SYMBOLS
                0x00000000                PROVIDE (__cy_interrupt_vector, RomVectors)
 *(.romvectors)
 .romvectors    0x00000000       0x10 .\CortexM3\ARM_GCC_473\Debug\Cm3Start.o
                0x00000000                RomVectors
                0x00000001                ASSERT ((. != __cy_interrupt_vector), No interrupt vector)
                0x00000001                ASSERT (CY_APPL_ORIGIN?(SIZEOF (.cybootloader) <= CY_APPL_ORIGIN):0x1, Wrong image location)
                0x00000010                PROVIDE (__cy_reset, Reset)
 *(.text.Reset)
 .text.Reset    0x00000010       0x1c .\CortexM3\ARM_GCC_473\Debug\Cm3Start.o
                0x00000010                Reset
                0x00000001                ASSERT ((. != __cy_reset), No reset code)
 *(.dma_init)
                0x00000001                ASSERT ((((appl_start + .) <= 0x10000) || 0x1), DMA Init must be within the first 64k of flash)
 *(.text .text.* .gnu.linkonce.t.*)
 .text          0x0000002c       0x54 c:/program files (x86)/cypress/psoc creator/3.0/psoc creator/import/gnu_cs/arm/4.7.3/bin/../lib/gcc/arm-none-eabi/4.7.3/armv7-m/crtbegin.o
 .text.printbinchar
                0x00000080       0x38 .\CortexM3\ARM_GCC_473\Debug\main.o
                0x00000080                printbinchar
 .text.isr_FallingEdgeDetected
                0x000000b8       0x20 .\CortexM3\ARM_GCC_473\Debug\main.o
                0x000000b8                isr_FallingEdgeDetected
 .text.isr_RisingEdgeDetected
                0x000000d8       0x20 .\CortexM3\ARM_GCC_473\Debug\main.o
                0x000000d8                isr_RisingEdgeDetected
 .text.isr_BusyToIdle
                0x000000f8       0x1c .\CortexM3\ARM_GCC_473\Debug\main.o
                0x000000f8                isr_BusyToIdle
 .text.isr_BusyToCollision
                0x00000114       0x1c .\CortexM3\ARM_GCC_473\Debug\main.o
                0x00000114                isr_BusyToCollision
 .text.isr_sendingData
                0x00000130       0x38 .\CortexM3\ARM_GCC_473\Debug\main.o
                0x00000130                isr_sendingData
 .text.mystrrev
                0x00000168       0xc8 .\CortexM3\ARM_GCC_473\Debug\main.o
                0x00000168                mystrrev
 .text.decimal_hex
                0x00000230       0xf8 .\CortexM3\ARM_GCC_473\Debug\main.o
                0x00000230                decimal_hex
 .text.main     0x00000328      0x7ac .\CortexM3\ARM_GCC_473\Debug\main.o
                0x00000328                main
 .text.init     0x00000ad4       0x8c .\CortexM3\ARM_GCC_473\Debug\main.o
                0x00000ad4                init
 .text.IntDefaultHandler
                0x00000b60        0x8 .\CortexM3\ARM_GCC_473\Debug\Cm3Start.o
                0x00000b60                IntDefaultHandler
 .text.Start_c  0x00000b68       0xcc .\CortexM3\ARM_GCC_473\Debug\Cm3Start.o
                0x00000b68                Start_c
 .text.initialize_psoc
                0x00000c34       0xb4 .\CortexM3\ARM_GCC_473\Debug\Cm3Start.o
                0x00000c34                initialize_psoc
 .text.CYMEMZERO
                0x00000ce8       0x20 .\CortexM3\ARM_GCC_473\Debug\Networking Project.a(cyfitter_cfg.o)
 .text.CYCONFIGCPY
                0x00000d08       0x20 .\CortexM3\ARM_GCC_473\Debug\Networking Project.a(cyfitter_cfg.o)
 .text.CyClockStartupError
                0x00000d28        0xc .\CortexM3\ARM_GCC_473\Debug\Networking Project.a(cyfitter_cfg.o)
 .text.cfg_write_bytes32
                0x00000d34       0x84 .\CortexM3\ARM_GCC_473\Debug\Networking Project.a(cyfitter_cfg.o)
 .text.ClockSetup
                0x00000db8      0x11c .\CortexM3\ARM_GCC_473\Debug\Networking Project.a(cyfitter_cfg.o)
 .text.AnalogSetDefault
                0x00000ed4       0x50 .\CortexM3\ARM_GCC_473\Debug\Networking Project.a(cyfitter_cfg.o)
 .text.cyfitter_cfg
                0x00000f24      0x1cc .\CortexM3\ARM_GCC_473\Debug\Networking Project.a(cyfitter_cfg.o)
                0x00000f24                cyfitter_cfg
 .text.isr_RisingEdge_StartEx
                0x000010f0       0x28 .\CortexM3\ARM_GCC_473\Debug\Networking Project.a(isr_RisingEdge.o)
                0x000010f0                isr_RisingEdge_StartEx
 .text.isr_RisingEdge_SetVector
                0x00001118       0x28 .\CortexM3\ARM_GCC_473\Debug\Networking Project.a(isr_RisingEdge.o)
                0x00001118                isr_RisingEdge_SetVector
 .text.isr_RisingEdge_SetPriority
                0x00001140       0x28 .\CortexM3\ARM_GCC_473\Debug\Networking Project.a(isr_RisingEdge.o)
                0x00001140                isr_RisingEdge_SetPriority
 .text.isr_RisingEdge_Enable
                0x00001168       0x18 .\CortexM3\ARM_GCC_473\Debug\Networking Project.a(isr_RisingEdge.o)
                0x00001168                isr_RisingEdge_Enable
 .text.isr_RisingEdge_Disable
                0x00001180       0x18 .\CortexM3\ARM_GCC_473\Debug\Networking Project.a(isr_RisingEdge.o)
                0x00001180                isr_RisingEdge_Disable
 .text.isr_FallingEdge_StartEx
                0x00001198       0x28 .\CortexM3\ARM_GCC_473\Debug\Networking Project.a(isr_FallingEdge.o)
                0x00001198                isr_FallingEdge_StartEx
 .text.isr_FallingEdge_SetVector
                0x000011c0       0x28 .\CortexM3\ARM_GCC_473\Debug\Networking Project.a(isr_FallingEdge.o)
                0x000011c0                isr_FallingEdge_SetVector
 .text.isr_FallingEdge_SetPriority
                0x000011e8       0x28 .\CortexM3\ARM_GCC_473\Debug\Networking Project.a(isr_FallingEdge.o)
                0x000011e8                isr_FallingEdge_SetPriority
 .text.isr_FallingEdge_Enable
                0x00001210       0x18 .\CortexM3\ARM_GCC_473\Debug\Networking Project.a(isr_FallingEdge.o)
                0x00001210                isr_FallingEdge_Enable
 .text.isr_FallingEdge_Disable
                0x00001228       0x18 .\CortexM3\ARM_GCC_473\Debug\Networking Project.a(isr_FallingEdge.o)
                0x00001228                isr_FallingEdge_Disable
 .text.Pin_LEDCollision_Write
                0x00001240       0x40 .\CortexM3\ARM_GCC_473\Debug\Networking Project.a(Pin_LEDCollision.o)
                0x00001240                Pin_LEDCollision_Write
 .text.Pin_LEDIdle_Write
                0x00001280       0x44 .\CortexM3\ARM_GCC_473\Debug\Networking Project.a(Pin_LEDIdle.o)
                0x00001280                Pin_LEDIdle_Write
 *fill*         0x000012c4        0x4 00
 .text          0x000012c8       0x28 .\CortexM3\ARM_GCC_473\Debug\Networking Project.a(CyBootAsmGnu.o)
                0x000012c8                CyDelayCycles
                0x000012dc                CyEnterCriticalSection
                0x000012e4                CyExitCriticalSection
 .text.CyHalt   0x000012f0       0x18 .\CortexM3\ARM_GCC_473\Debug\Networking Project.a(CyLib.o)
                0x000012f0                CyHalt
 .text.CyDelay  0x00001308       0x48 .\CortexM3\ARM_GCC_473\Debug\Networking Project.a(CyLib.o)
                0x00001308                CyDelay
 .text.CyDelayUs
                0x00001350       0x28 .\CortexM3\ARM_GCC_473\Debug\Networking Project.a(CyLib.o)
                0x00001350                CyDelayUs
 .text.CyIntSetVector
                0x00001378       0x60 .\CortexM3\ARM_GCC_473\Debug\Networking Project.a(CyLib.o)
                0x00001378                CyIntSetVector
 .text.CyIntSetPriority
                0x000013d8       0x4c .\CortexM3\ARM_GCC_473\Debug\Networking Project.a(CyLib.o)
                0x000013d8                CyIntSetPriority
 .text.Pin_LEDBusy_Write
                0x00001424       0x44 .\CortexM3\ARM_GCC_473\Debug\Networking Project.a(Pin_LEDBusy.o)
                0x00001424                Pin_LEDBusy_Write
 .text.Timer_BusyToCollision_Init
                0x00001468       0x58 .\CortexM3\ARM_GCC_473\Debug\Networking Project.a(Timer_BusyToCollision.o)
                0x00001468                Timer_BusyToCollision_Init
 .text.Timer_BusyToCollision_Enable
                0x000014c0       0x28 .\CortexM3\ARM_GCC_473\Debug\Networking Project.a(Timer_BusyToCollision.o)
                0x000014c0                Timer_BusyToCollision_Enable
 .text.Timer_BusyToCollision_Start
                0x000014e8       0x2c .\CortexM3\ARM_GCC_473\Debug\Networking Project.a(Timer_BusyToCollision.o)
                0x000014e8                Timer_BusyToCollision_Start
 .text.Timer_BusyToCollision_SetInterruptMode
                0x00001514       0x20 .\CortexM3\ARM_GCC_473\Debug\Networking Project.a(Timer_BusyToCollision.o)
                0x00001514                Timer_BusyToCollision_SetInterruptMode
 .text.Timer_BusyToCollision_ReadStatusRegister
                0x00001534       0x18 .\CortexM3\ARM_GCC_473\Debug\Networking Project.a(Timer_BusyToCollision.o)
                0x00001534                Timer_BusyToCollision_ReadStatusRegister
 .text.Timer_BusyToCollision_WritePeriod
                0x0000154c       0x20 .\CortexM3\ARM_GCC_473\Debug\Networking Project.a(Timer_BusyToCollision.o)
                0x0000154c                Timer_BusyToCollision_WritePeriod
 .text.Timer_BusyToCollision_ReadCapture
                0x0000156c       0x18 .\CortexM3\ARM_GCC_473\Debug\Networking Project.a(Timer_BusyToCollision.o)
                0x0000156c                Timer_BusyToCollision_ReadCapture
 .text.Timer_BusyToCollision_WriteCounter
                0x00001584       0x20 .\CortexM3\ARM_GCC_473\Debug\Networking Project.a(Timer_BusyToCollision.o)
                0x00001584                Timer_BusyToCollision_WriteCounter
 .text.Timer_BusyToCollision_ClearFIFO
                0x000015a4       0x1c .\CortexM3\ARM_GCC_473\Debug\Networking Project.a(Timer_BusyToCollision.o)
                0x000015a4                Timer_BusyToCollision_ClearFIFO
 .text.Timer_BusyToIdle_Init
                0x000015c0       0x58 .\CortexM3\ARM_GCC_473\Debug\Networking Project.a(Timer_BusyToIdle.o)
                0x000015c0                Timer_BusyToIdle_Init
 .text.Timer_BusyToIdle_Enable
                0x00001618       0x28 .\CortexM3\ARM_GCC_473\Debug\Networking Project.a(Timer_BusyToIdle.o)
                0x00001618                Timer_BusyToIdle_Enable
 .text.Timer_BusyToIdle_Start
                0x00001640       0x2c .\CortexM3\ARM_GCC_473\Debug\Networking Project.a(Timer_BusyToIdle.o)
                0x00001640                Timer_BusyToIdle_Start
 .text.Timer_BusyToIdle_SetInterruptMode
                0x0000166c       0x20 .\CortexM3\ARM_GCC_473\Debug\Networking Project.a(Timer_BusyToIdle.o)
                0x0000166c                Timer_BusyToIdle_SetInterruptMode
 .text.Timer_BusyToIdle_ReadStatusRegister
                0x0000168c       0x18 .\CortexM3\ARM_GCC_473\Debug\Networking Project.a(Timer_BusyToIdle.o)
                0x0000168c                Timer_BusyToIdle_ReadStatusRegister
 .text.Timer_BusyToIdle_WritePeriod
                0x000016a4       0x20 .\CortexM3\ARM_GCC_473\Debug\Networking Project.a(Timer_BusyToIdle.o)
                0x000016a4                Timer_BusyToIdle_WritePeriod
 .text.Timer_BusyToIdle_ReadCapture
                0x000016c4       0x18 .\CortexM3\ARM_GCC_473\Debug\Networking Project.a(Timer_BusyToIdle.o)
                0x000016c4                Timer_BusyToIdle_ReadCapture
 .text.Timer_BusyToIdle_WriteCounter
                0x000016dc       0x20 .\CortexM3\ARM_GCC_473\Debug\Networking Project.a(Timer_BusyToIdle.o)
                0x000016dc                Timer_BusyToIdle_WriteCounter
 .text.Timer_BusyToIdle_ClearFIFO
                0x000016fc       0x1c .\CortexM3\ARM_GCC_473\Debug\Networking Project.a(Timer_BusyToIdle.o)
                0x000016fc                Timer_BusyToIdle_ClearFIFO
 .text.isr_BusyToCollision_StartEx
                0x00001718       0x28 .\CortexM3\ARM_GCC_473\Debug\Networking Project.a(isr_BusyToCollision.o)
                0x00001718                isr_BusyToCollision_StartEx
 .text.isr_BusyToCollision_SetVector
                0x00001740       0x28 .\CortexM3\ARM_GCC_473\Debug\Networking Project.a(isr_BusyToCollision.o)
                0x00001740                isr_BusyToCollision_SetVector
 .text.isr_BusyToCollision_SetPriority
                0x00001768       0x28 .\CortexM3\ARM_GCC_473\Debug\Networking Project.a(isr_BusyToCollision.o)
                0x00001768                isr_BusyToCollision_SetPriority
 .text.isr_BusyToCollision_Enable
                0x00001790       0x18 .\CortexM3\ARM_GCC_473\Debug\Networking Project.a(isr_BusyToCollision.o)
                0x00001790                isr_BusyToCollision_Enable
 .text.isr_BusyToCollision_Disable
                0x000017a8       0x18 .\CortexM3\ARM_GCC_473\Debug\Networking Project.a(isr_BusyToCollision.o)
                0x000017a8                isr_BusyToCollision_Disable
 .text.isr_BusyToIdle_StartEx
                0x000017c0       0x28 .\CortexM3\ARM_GCC_473\Debug\Networking Project.a(isr_BusyToIdle.o)
                0x000017c0                isr_BusyToIdle_StartEx
 .text.isr_BusyToIdle_SetVector
                0x000017e8       0x28 .\CortexM3\ARM_GCC_473\Debug\Networking Project.a(isr_BusyToIdle.o)
                0x000017e8                isr_BusyToIdle_SetVector
 .text.isr_BusyToIdle_SetPriority
                0x00001810       0x28 .\CortexM3\ARM_GCC_473\Debug\Networking Project.a(isr_BusyToIdle.o)
                0x00001810                isr_BusyToIdle_SetPriority
 .text.isr_BusyToIdle_Enable
                0x00001838       0x18 .\CortexM3\ARM_GCC_473\Debug\Networking Project.a(isr_BusyToIdle.o)
                0x00001838                isr_BusyToIdle_Enable
 .text.isr_BusyToIdle_Disable
                0x00001850       0x18 .\CortexM3\ARM_GCC_473\Debug\Networking Project.a(isr_BusyToIdle.o)
                0x00001850                isr_BusyToIdle_Disable
 .text.USB_Start
                0x00001868       0x44 .\CortexM3\ARM_GCC_473\Debug\Networking Project.a(USB.o)
                0x00001868                USB_Start
 .text.USB_Init
                0x000018ac      0x238 .\CortexM3\ARM_GCC_473\Debug\Networking Project.a(USB.o)
                0x000018ac                USB_Init
 .text.USB_InitComponent
                0x00001ae4      0x160 .\CortexM3\ARM_GCC_473\Debug\Networking Project.a(USB.o)
                0x00001ae4                USB_InitComponent
 .text.USB_ReInitComponent
                0x00001c44       0xb4 .\CortexM3\ARM_GCC_473\Debug\Networking Project.a(USB.o)
                0x00001c44                USB_ReInitComponent
 .text.USB_GetConfiguration
                0x00001cf8       0x18 .\CortexM3\ARM_GCC_473\Debug\Networking Project.a(USB.o)
                0x00001cf8                USB_GetConfiguration
 .text.USB_GetEPCount
                0x00001d10       0x74 .\CortexM3\ARM_GCC_473\Debug\Networking Project.a(USB.o)
                0x00001d10                USB_GetEPCount
 .text.USB_LoadInEP
                0x00001d84      0x150 .\CortexM3\ARM_GCC_473\Debug\Networking Project.a(USB.o)
                0x00001d84                USB_LoadInEP
 .text.USB_ReadOutEP
                0x00001ed4       0x98 .\CortexM3\ARM_GCC_473\Debug\Networking Project.a(USB.o)
                0x00001ed4                USB_ReadOutEP
 .text.USB_EnableOutEP
                0x00001f6c       0x78 .\CortexM3\ARM_GCC_473\Debug\Networking Project.a(USB.o)
                0x00001f6c                USB_EnableOutEP
 .text.USB_DispatchCDCClassRqst
                0x00001fe4      0x11c .\CortexM3\ARM_GCC_473\Debug\Networking Project.a(USB_cdc.o)
                0x00001fe4                USB_DispatchCDCClassRqst
 .text.USB_CDC_Init
                0x00002100       0x28 .\CortexM3\ARM_GCC_473\Debug\Networking Project.a(USB_cdc.o)
                0x00002100                USB_CDC_Init
 .text.USB_PutData
                0x00002128       0x94 .\CortexM3\ARM_GCC_473\Debug\Networking Project.a(USB_cdc.o)
                0x00002128                USB_PutData
 .text.USB_PutChar
                0x000021bc       0x34 .\CortexM3\ARM_GCC_473\Debug\Networking Project.a(USB_cdc.o)
                0x000021bc                USB_PutChar
 .text.USB_DataIsReady
                0x000021f0       0x34 .\CortexM3\ARM_GCC_473\Debug\Networking Project.a(USB_cdc.o)
                0x000021f0                USB_DataIsReady
 .text.USB_CDCIsReady
                0x00002224       0x34 .\CortexM3\ARM_GCC_473\Debug\Networking Project.a(USB_cdc.o)
                0x00002224                USB_CDCIsReady
 .text.USB_GetAll
                0x00002258       0x54 .\CortexM3\ARM_GCC_473\Debug\Networking Project.a(USB_cdc.o)
                0x00002258                USB_GetAll
 .text.USB_EP_0_ISR
                0x000022ac      0x140 .\CortexM3\ARM_GCC_473\Debug\Networking Project.a(USB_drv.o)
                0x000022ac                USB_EP_0_ISR
 .text.USB_HandleSetup
                0x000023ec       0xa8 .\CortexM3\ARM_GCC_473\Debug\Networking Project.a(USB_drv.o)
                0x000023ec                USB_HandleSetup
 .text.USB_HandleIN
                0x00002494       0x50 .\CortexM3\ARM_GCC_473\Debug\Networking Project.a(USB_drv.o)
                0x00002494                USB_HandleIN
 .text.USB_HandleOUT
                0x000024e4       0x60 .\CortexM3\ARM_GCC_473\Debug\Networking Project.a(USB_drv.o)
                0x000024e4                USB_HandleOUT
 .text.USB_LoadEP0
                0x00002544      0x138 .\CortexM3\ARM_GCC_473\Debug\Networking Project.a(USB_drv.o)
                0x00002544                USB_LoadEP0
 .text.USB_InitControlRead
                0x0000267c       0x90 .\CortexM3\ARM_GCC_473\Debug\Networking Project.a(USB_drv.o)
                0x0000267c                USB_InitControlRead
 .text.USB_InitZeroLengthControlTransfer
                0x0000270c       0x58 .\CortexM3\ARM_GCC_473\Debug\Networking Project.a(USB_drv.o)
                0x0000270c                USB_InitZeroLengthControlTransfer
 .text.USB_ControlReadDataStage
                0x00002764        0xc .\CortexM3\ARM_GCC_473\Debug\Networking Project.a(USB_drv.o)
                0x00002764                USB_ControlReadDataStage
 .text.USB_ControlReadStatusStage
                0x00002770       0x54 .\CortexM3\ARM_GCC_473\Debug\Networking Project.a(USB_drv.o)
                0x00002770                USB_ControlReadStatusStage
 .text.USB_InitControlWrite
                0x000027c4       0x84 .\CortexM3\ARM_GCC_473\Debug\Networking Project.a(USB_drv.o)
                0x000027c4                USB_InitControlWrite
 .text.USB_ControlWriteDataStage
                0x00002848       0xfc .\CortexM3\ARM_GCC_473\Debug\Networking Project.a(USB_drv.o)
                0x00002848                USB_ControlWriteDataStage
 .text.USB_ControlWriteStatusStage
                0x00002944       0x2c .\CortexM3\ARM_GCC_473\Debug\Networking Project.a(USB_drv.o)
                0x00002944                USB_ControlWriteStatusStage
 .text.USB_InitNoDataControlTransfer
                0x00002970       0x48 .\CortexM3\ARM_GCC_473\Debug\Networking Project.a(USB_drv.o)
                0x00002970                USB_InitNoDataControlTransfer
 .text.USB_NoDataControlStatusStage
                0x000029b8       0x64 .\CortexM3\ARM_GCC_473\Debug\Networking Project.a(USB_drv.o)
                0x000029b8                USB_NoDataControlStatusStage
 .text.USB_UpdateStatusBlock
                0x00002a1c       0x58 .\CortexM3\ARM_GCC_473\Debug\Networking Project.a(USB_drv.o)
                0x00002a1c                USB_UpdateStatusBlock
 .text.USB_InitializeStatusBlock
                0x00002a74       0x48 .\CortexM3\ARM_GCC_473\Debug\Networking Project.a(USB_drv.o)
                0x00002a74                USB_InitializeStatusBlock
 .text.USB_EP_1_ISR
                0x00002abc       0x74 .\CortexM3\ARM_GCC_473\Debug\Networking Project.a(USB_episr.o)
                0x00002abc                USB_EP_1_ISR
 .text.USB_EP_2_ISR
                0x00002b30       0x74 .\CortexM3\ARM_GCC_473\Debug\Networking Project.a(USB_episr.o)
                0x00002b30                USB_EP_2_ISR
 .text.USB_EP_3_ISR
                0x00002ba4       0x7c .\CortexM3\ARM_GCC_473\Debug\Networking Project.a(USB_episr.o)
                0x00002ba4                USB_EP_3_ISR
 .text.USB_SOF_ISR
                0x00002c20        0xc .\CortexM3\ARM_GCC_473\Debug\Networking Project.a(USB_episr.o)
                0x00002c20                USB_SOF_ISR
 .text.USB_BUS_RESET_ISR
                0x00002c2c        0xc .\CortexM3\ARM_GCC_473\Debug\Networking Project.a(USB_episr.o)
                0x00002c2c                USB_BUS_RESET_ISR
 .text.USB_DispatchHIDClassRqst
                0x00002c38      0x2bc .\CortexM3\ARM_GCC_473\Debug\Networking Project.a(USB_hid.o)
                0x00002c38                USB_DispatchHIDClassRqst
 .text.USB_FindHidClassDecriptor
                0x00002ef4       0x94 .\CortexM3\ARM_GCC_473\Debug\Networking Project.a(USB_hid.o)
                0x00002ef4                USB_FindHidClassDecriptor
 .text.USB_FindReportDescriptor
                0x00002f88       0xac .\CortexM3\ARM_GCC_473\Debug\Networking Project.a(USB_hid.o)
                0x00002f88                USB_FindReportDescriptor
 .text.USB_FindReport
                0x00003034      0x100 .\CortexM3\ARM_GCC_473\Debug\Networking Project.a(USB_hid.o)
                0x00003034                USB_FindReport
 .text.USB_HandleStandardRqst
                0x00003134      0x654 .\CortexM3\ARM_GCC_473\Debug\Networking Project.a(USB_std.o)
                0x00003134                USB_HandleStandardRqst
 .text.USB_ReadDieID
                0x00003788       0xa8 .\CortexM3\ARM_GCC_473\Debug\Networking Project.a(USB_std.o)
                0x00003788                USB_ReadDieID
 .text.USB_ConfigReg
                0x00003830      0x204 .\CortexM3\ARM_GCC_473\Debug\Networking Project.a(USB_std.o)
                0x00003830                USB_ConfigReg
 .text.USB_Config
                0x00003a34      0x474 .\CortexM3\ARM_GCC_473\Debug\Networking Project.a(USB_std.o)
                0x00003a34                USB_Config
 .text.USB_ConfigAltChanged
                0x00003ea8      0x354 .\CortexM3\ARM_GCC_473\Debug\Networking Project.a(USB_std.o)
                0x00003ea8                USB_ConfigAltChanged
 .text.USB_GetConfigTablePtr
                0x000041fc       0x60 .\CortexM3\ARM_GCC_473\Debug\Networking Project.a(USB_std.o)
                0x000041fc                USB_GetConfigTablePtr
 .text.USB_GetDeviceTablePtr
                0x0000425c       0x28 .\CortexM3\ARM_GCC_473\Debug\Networking Project.a(USB_std.o)
                0x0000425c                USB_GetDeviceTablePtr
 .text.USB_GetInterfaceClassTablePtr
                0x00004284       0x58 .\CortexM3\ARM_GCC_473\Debug\Networking Project.a(USB_std.o)
                0x00004284                USB_GetInterfaceClassTablePtr
 .text.USB_SetEndpointHalt
                0x000042dc      0x130 .\CortexM3\ARM_GCC_473\Debug\Networking Project.a(USB_std.o)
                0x000042dc                USB_SetEndpointHalt
 .text.USB_ClearEndpointHalt
                0x0000440c      0x1c4 .\CortexM3\ARM_GCC_473\Debug\Networking Project.a(USB_std.o)
                0x0000440c                USB_ClearEndpointHalt
 .text.USB_ValidateAlternateSetting
                0x000045d0       0x90 .\CortexM3\ARM_GCC_473\Debug\Networking Project.a(USB_std.o)
                0x000045d0                USB_ValidateAlternateSetting
 .text.USB_HandleVendorRqst
                0x00004660       0x70 .\CortexM3\ARM_GCC_473\Debug\Networking Project.a(USB_vnd.o)
                0x00004660                USB_HandleVendorRqst
 .text.LCD_Init
                0x000046d0       0x90 .\CortexM3\ARM_GCC_473\Debug\Networking Project.a(LCD.o)
                0x000046d0                LCD_Init
 .text.LCD_Enable
                0x00004760       0x1c .\CortexM3\ARM_GCC_473\Debug\Networking Project.a(LCD.o)
                0x00004760                LCD_Enable
 .text.LCD_Start
                0x0000477c       0x2c .\CortexM3\ARM_GCC_473\Debug\Networking Project.a(LCD.o)
                0x0000477c                LCD_Start
 .text.LCD_Position
                0x000047a8       0x78 .\CortexM3\ARM_GCC_473\Debug\Networking Project.a(LCD.o)
                0x000047a8                LCD_Position
 .text.LCD_PrintString
                0x00004820       0x40 .\CortexM3\ARM_GCC_473\Debug\Networking Project.a(LCD.o)
                0x00004820                LCD_PrintString
 .text.LCD_WriteData
                0x00004860       0x38 .\CortexM3\ARM_GCC_473\Debug\Networking Project.a(LCD.o)
                0x00004860                LCD_WriteData
 .text.LCD_WriteControl
                0x00004898       0x38 .\CortexM3\ARM_GCC_473\Debug\Networking Project.a(LCD.o)
                0x00004898                LCD_WriteControl
 .text.LCD_IsReady
                0x000048d0      0x208 .\CortexM3\ARM_GCC_473\Debug\Networking Project.a(LCD.o)
                0x000048d0                LCD_IsReady
 .text.LCD_WrDatNib
                0x00004ad8       0xb4 .\CortexM3\ARM_GCC_473\Debug\Networking Project.a(LCD.o)
 .text.LCD_WrCntrlNib
                0x00004b8c       0x90 .\CortexM3\ARM_GCC_473\Debug\Networking Project.a(LCD.o)
 .text.Timer_sendData_Init
                0x00004c1c       0xe4 .\CortexM3\ARM_GCC_473\Debug\Networking Project.a(Timer_sendData.o)
                0x00004c1c                Timer_sendData_Init
 .text.Timer_sendData_Enable
                0x00004d00       0x60 .\CortexM3\ARM_GCC_473\Debug\Networking Project.a(Timer_sendData.o)
                0x00004d00                Timer_sendData_Enable
 .text.Timer_sendData_Start
                0x00004d60       0x2c .\CortexM3\ARM_GCC_473\Debug\Networking Project.a(Timer_sendData.o)
                0x00004d60                Timer_sendData_Start
 .text.Timer_sendData_Stop
                0x00004d8c       0x60 .\CortexM3\ARM_GCC_473\Debug\Networking Project.a(Timer_sendData.o)
                0x00004d8c                Timer_sendData_Stop
 .text.Timer_sendData_SetInterruptMode
                0x00004dec       0x20 .\CortexM3\ARM_GCC_473\Debug\Networking Project.a(Timer_sendData.o)
                0x00004dec                Timer_sendData_SetInterruptMode
 .text.Timer_sendData_WritePeriod
                0x00004e0c       0x24 .\CortexM3\ARM_GCC_473\Debug\Networking Project.a(Timer_sendData.o)
                0x00004e0c                Timer_sendData_WritePeriod
 .text.Timer_sendData_WriteCounter
                0x00004e30       0x20 .\CortexM3\ARM_GCC_473\Debug\Networking Project.a(Timer_sendData.o)
                0x00004e30                Timer_sendData_WriteCounter
 .text.Timer_sendData_SaveConfig
                0x00004e50        0xc .\CortexM3\ARM_GCC_473\Debug\Networking Project.a(Timer_sendData_PM.o)
                0x00004e50                Timer_sendData_SaveConfig
 .text.Timer_sendData_Sleep
                0x00004e5c       0x40 .\CortexM3\ARM_GCC_473\Debug\Networking Project.a(Timer_sendData_PM.o)
                0x00004e5c                Timer_sendData_Sleep
 .text.isr_sendData_StartEx
                0x00004e9c       0x28 .\CortexM3\ARM_GCC_473\Debug\Networking Project.a(isr_sendData.o)
                0x00004e9c                isr_sendData_StartEx
 .text.isr_sendData_SetVector
                0x00004ec4       0x28 .\CortexM3\ARM_GCC_473\Debug\Networking Project.a(isr_sendData.o)
                0x00004ec4                isr_sendData_SetVector
 .text.isr_sendData_SetPriority
                0x00004eec       0x28 .\CortexM3\ARM_GCC_473\Debug\Networking Project.a(isr_sendData.o)
                0x00004eec                isr_sendData_SetPriority
 .text.isr_sendData_Enable
                0x00004f14       0x18 .\CortexM3\ARM_GCC_473\Debug\Networking Project.a(isr_sendData.o)
                0x00004f14                isr_sendData_Enable
 .text.isr_sendData_Disable
                0x00004f2c       0x18 .\CortexM3\ARM_GCC_473\Debug\Networking Project.a(isr_sendData.o)
                0x00004f2c                isr_sendData_Disable
 .text.Transm_Output_Write
                0x00004f44       0x44 .\CortexM3\ARM_GCC_473\Debug\Networking Project.a(Transm_Output.o)
                0x00004f44                Transm_Output_Write
 .text.USB_DispatchClassRqst
                0x00004f88       0xb0 .\CortexM3\ARM_GCC_473\Debug\Networking Project.a(USB_cls.o)
                0x00004f88                USB_DispatchClassRqst
 .text.__libc_init_array
                0x00005038       0x4c c:/program files (x86)/cypress/psoc creator/3.0/psoc creator/import/gnu_cs/arm/4.7.3/bin/../lib/gcc/arm-none-eabi/4.7.3/../../../../arm-none-eabi/lib/armv7-m\libc_s.a(lib_a-init.o)
                0x00005038                __libc_init_array
 .text.memcpy   0x00005084       0x12 c:/program files (x86)/cypress/psoc creator/3.0/psoc creator/import/gnu_cs/arm/4.7.3/bin/../lib/gcc/arm-none-eabi/4.7.3/../../../../arm-none-eabi/lib/armv7-m\libc_s.a(lib_a-memcpy.o)
                0x00005084                memcpy
 .text.memset   0x00005096       0x10 c:/program files (x86)/cypress/psoc creator/3.0/psoc creator/import/gnu_cs/arm/4.7.3/bin/../lib/gcc/arm-none-eabi/4.7.3/../../../../arm-none-eabi/lib/armv7-m\libc_s.a(lib_a-memset.o)
                0x00005096                memset
 .text.strcpy   0x000050a6       0x10 c:/program files (x86)/cypress/psoc creator/3.0/psoc creator/import/gnu_cs/arm/4.7.3/bin/../lib/gcc/arm-none-eabi/4.7.3/../../../../arm-none-eabi/lib/armv7-m\libc_s.a(lib_a-strcpy.o)
                0x000050a6                strcpy
 *(.plt)
 *(.gnu.warning)
 *(.glue_7t)
 .glue_7t       0x00000000        0x0 linker stubs
 *(.glue_7)
 .glue_7        0x00000000        0x0 linker stubs
 *(.vfp11_veneer)
 .vfp11_veneer  0x00000000        0x0 linker stubs
 *(.bootloader)
 *(.ARM.extab* .gnu.linkonce.armextab.*)
 *(.gcc_except_table)

.v4_bx          0x000050b8        0x0
 .v4_bx         0x00000000        0x0 linker stubs

.iplt           0x000050b8        0x0
 .iplt          0x00000000        0x0 c:/program files (x86)/cypress/psoc creator/3.0/psoc creator/import/gnu_cs/arm/4.7.3/bin/../lib/gcc/arm-none-eabi/4.7.3/armv7-m/crtbegin.o

.eh_frame_hdr
 *(.eh_frame_hdr)

.eh_frame       0x000050b8        0x4
 *(.eh_frame)
 .eh_frame      0x000050b8        0x0 c:/program files (x86)/cypress/psoc creator/3.0/psoc creator/import/gnu_cs/arm/4.7.3/bin/../lib/gcc/arm-none-eabi/4.7.3/armv7-m/crtbegin.o
 .eh_frame      0x000050b8        0x4 c:/program files (x86)/cypress/psoc creator/3.0/psoc creator/import/gnu_cs/arm/4.7.3/bin/../lib/gcc/arm-none-eabi/4.7.3/armv7-m/crtend.o
                0x000050bc                PROVIDE (__exidx_start, .)

.ARM.exidx
 *(.ARM.exidx* .gnu.linkonce.armexidx.*)
                0x000050bc                __exidx_end = .

.rodata         0x000050bc      0x24c
 *(.rodata .rodata.* .gnu.linkonce.r.*)
 .rodata        0x000050bc        0x8 .\CortexM3\ARM_GCC_473\Debug\main.o
 .rodata        0x000050c4       0x30 .\CortexM3\ARM_GCC_473\Debug\Networking Project.a(cyfitter_cfg.o)
 .rodata        0x000050f4       0x14 .\CortexM3\ARM_GCC_473\Debug\Networking Project.a(USB_std.o)
 .rodata        0x00005108      0x1cc .\CortexM3\ARM_GCC_473\Debug\Networking Project.a(USB_descr.o)
                0x00005108                USB_DEVICE0_DESCR
                0x0000511c                USB_DEVICE0_CONFIGURATION0_DESCR
                0x00005160                USB_STRING_DESCRIPTORS
                0x00005200                USB_SN_STRING_DESCRIPTOR
                0x00005204                USB_HIDREPORT_DESCRIPTOR1
                0x0000523c                USB_DEVICE0_CONFIGURATION0_EP_SETTINGS_TABLE
                0x00005254                USB_DEVICE0_CONFIGURATION0_INTERFACE_CLASS
                0x00005258                USB_DEVICE0_CONFIGURATION0_TABLE
                0x00005280                USB_DEVICE0_TABLE
                0x00005290                USB_TABLE
                0x00005298                USB_MSOS_DESCRIPTOR
                0x000052ac                USB_MSOS_CONFIGURATION_DESCR
                0x000052d4                . = ALIGN (0x4)
 *(.init)
 .init          0x000052d4        0x4 c:/program files (x86)/cypress/psoc creator/3.0/psoc creator/import/gnu_cs/arm/4.7.3/bin/../lib/gcc/arm-none-eabi/4.7.3/armv7-m/crti.o
                0x000052d4                _init
 .init          0x000052d8        0x8 c:/program files (x86)/cypress/psoc creator/3.0/psoc creator/import/gnu_cs/arm/4.7.3/bin/../lib/gcc/arm-none-eabi/4.7.3/armv7-m/crtn.o
                0x000052e0                . = ALIGN (0x4)
                0x000052e0                __preinit_array_start = .
 *(.preinit_array)
                0x000052e0                __preinit_array_end = .
                0x000052e0                . = ALIGN (0x4)
                0x000052e0                __init_array_start = .
 *(SORT(.init_array.*))
 *(.init_array)
 .init_array    0x000052e0        0x4 c:/program files (x86)/cypress/psoc creator/3.0/psoc creator/import/gnu_cs/arm/4.7.3/bin/../lib/gcc/arm-none-eabi/4.7.3/armv7-m/crtbegin.o
 .init_array    0x000052e4        0x4 .\CortexM3\ARM_GCC_473\Debug\Cm3Start.o
                0x000052e8                __init_array_end = .
                0x000052e8                . = ALIGN (0x4)
 *(.fini)
 .fini          0x000052e8        0x4 c:/program files (x86)/cypress/psoc creator/3.0/psoc creator/import/gnu_cs/arm/4.7.3/bin/../lib/gcc/arm-none-eabi/4.7.3/armv7-m/crti.o
                0x000052e8                _fini
 .fini          0x000052ec        0x8 c:/program files (x86)/cypress/psoc creator/3.0/psoc creator/import/gnu_cs/arm/4.7.3/bin/../lib/gcc/arm-none-eabi/4.7.3/armv7-m/crtn.o
                0x000052f4                . = ALIGN (0x4)
                0x000052f4                __fini_array_start = .
 *(.fini_array)
 .fini_array    0x000052f4        0x4 c:/program files (x86)/cypress/psoc creator/3.0/psoc creator/import/gnu_cs/arm/4.7.3/bin/../lib/gcc/arm-none-eabi/4.7.3/armv7-m/crtbegin.o
 *(SORT(.fini_array.*))
                0x000052f8                __fini_array_end = .
                0x000052f8                . = ALIGN (0x4)
 *crtbegin.o(.ctors)
 *(EXCLUDE_FILE(*crtend.o) .ctors)
 *(SORT(.ctors.*))
 *crtend.o(.ctors)
                0x000052f8                . = ALIGN (0x4)
 *crtbegin.o(.dtors)
 *(EXCLUDE_FILE(*crtend.o) .dtors)
 *(SORT(.dtors.*))
 *crtend.o(.dtors)
                0x000052f8                . = ALIGN (0x4)
                0x000052f8                __cy_regions = .
                0x000052f8        0x4 LONG 0x5308 __cy_region_init_ram
                0x000052fc        0x4 LONG 0x1fff8108 __cy_region_start_data
                0x00005300        0x4 LONG 0x20 __cy_region_init_size_ram
                0x00005304        0x4 LONG 0x4d0 __cy_region_zero_size_ram
                0x00005308                __cy_regions_end = .
                0x00005308                . = ALIGN (0x8)
                0x00005308                _etext = .

.ramvectors     0x1fff8000      0x100
                0x1fff8000                __cy_region_start_ram = .
 *(.ramvectors)
 .ramvectors    0x1fff8000      0x100 .\CortexM3\ARM_GCC_473\Debug\Cm3Start.o
                0x1fff8000                CyRamVectors

.noinit         0x1fff8100        0x5
 *(.noinit)
 .noinit        0x1fff8100        0x4 .\CortexM3\ARM_GCC_473\Debug\Cm3Start.o
 .noinit        0x1fff8104        0x1 .\CortexM3\ARM_GCC_473\Debug\Networking Project.a(CyLib.o)
                0x1fff8104                CyResetStatus

.data           0x1fff8108       0x20 load address 0x00005308
                0x1fff8108                __cy_region_start_data = .
 *(.jcr)
 .jcr           0x1fff8108        0x0 c:/program files (x86)/cypress/psoc creator/3.0/psoc creator/import/gnu_cs/arm/4.7.3/bin/../lib/gcc/arm-none-eabi/4.7.3/armv7-m/crtbegin.o
 .jcr           0x1fff8108        0x4 c:/program files (x86)/cypress/psoc creator/3.0/psoc creator/import/gnu_cs/arm/4.7.3/bin/../lib/gcc/arm-none-eabi/4.7.3/armv7-m/crtend.o
 *(.got.plt)
 *(.got)
 *(.shdata)
 *(.data .data.* .gnu.linkonce.d.*)
 .data          0x1fff810c       0x10 .\CortexM3\ARM_GCC_473\Debug\Networking Project.a(CyLib.o)
                0x1fff810c                cydelay_freq_hz
                0x1fff8110                cydelay_freq_khz
                0x1fff8114                cydelay_freq_mhz
                0x1fff8118                cydelay_32k_ms
 .data          0x1fff811c        0x8 .\CortexM3\ARM_GCC_473\Debug\Networking Project.a(USB_cdc.o)
                0x1fff811c                USB_lineCoding
                0x1fff8128                . = ALIGN (0x8)
 *fill*         0x1fff8124        0x4 00
 *(.ram)
                0x1fff8128                _edata = .

.igot.plt       0x1fff8128        0x0 load address 0x00005328
 .igot.plt      0x00000000        0x0 c:/program files (x86)/cypress/psoc creator/3.0/psoc creator/import/gnu_cs/arm/4.7.3/bin/../lib/gcc/arm-none-eabi/4.7.3/armv7-m/crtbegin.o

.bss            0x1fff8128      0x4d0 load address 0x00005328
                0x1fff8128                PROVIDE (__bss_start__, .)
 *(.shbss)
 *(.bss .bss.* .gnu.linkonce.b.*)
 .bss           0x1fff8128       0x1c c:/program files (x86)/cypress/psoc creator/3.0/psoc creator/import/gnu_cs/arm/4.7.3/bin/../lib/gcc/arm-none-eabi/4.7.3/armv7-m/crtbegin.o
 .bss           0x1fff8144       0x10 .\CortexM3\ARM_GCC_473\Debug\main.o
                0x1fff8144                currentState
                0x1fff8148                dataReady
                0x1fff814c                i_send
                0x1fff8150                messageBufferPosition
 .bss           0x1fff8154        0x1 .\CortexM3\ARM_GCC_473\Debug\Networking Project.a(Timer_BusyToCollision.o)
                0x1fff8154                Timer_BusyToCollision_initVar
 .bss           0x1fff8155        0x1 .\CortexM3\ARM_GCC_473\Debug\Networking Project.a(Timer_BusyToIdle.o)
                0x1fff8155                Timer_BusyToIdle_initVar
 .bss           0x1fff8156        0x1 .\CortexM3\ARM_GCC_473\Debug\Networking Project.a(USB.o)
                0x1fff8156                USB_initVar
 *fill*         0x1fff8157        0x1 00
 .bss           0x1fff8158        0x4 .\CortexM3\ARM_GCC_473\Debug\Networking Project.a(USB_std.o)
 .bss           0x1fff815c        0x2 .\CortexM3\ARM_GCC_473\Debug\Networking Project.a(LCD.o)
                0x1fff815c                LCD_enableState
                0x1fff815d                LCD_initVar
 .bss           0x1fff815e        0x1 .\CortexM3\ARM_GCC_473\Debug\Networking Project.a(Timer_sendData.o)
                0x1fff815e                Timer_sendData_initVar
 *fill*         0x1fff815f        0x1 00
 .bss           0x1fff8160        0x4 .\CortexM3\ARM_GCC_473\Debug\Networking Project.a(Timer_sendData_PM.o)
 *(COMMON)
 COMMON         0x1fff8164      0x3c5 .\CortexM3\ARM_GCC_473\Debug\main.o
                0x1fff8164                packetSend
                0x1fff83e4                packetHex
                0x1fff8484                packetUSB
                0x1fff84d4                packetMessage
                0x1fff8524                packetBinary
                0x1fff8528                dec
 *fill*         0x1fff8529        0x1 00
 COMMON         0x1fff852a        0x5 .\CortexM3\ARM_GCC_473\Debug\Networking Project.a(USB_cdc.o)
                0x1fff852a                USB_lineControlBitmap
                0x1fff852c                USB_cdc_data_out_ep
                0x1fff852d                USB_lineChanged
                0x1fff852e                USB_cdc_data_in_ep
 *fill*         0x1fff852f        0x1 00
 COMMON         0x1fff8530       0x98 .\CortexM3\ARM_GCC_473\Debug\Networking Project.a(USB_drv.o)
                0x1fff8530                USB_transferState
                0x1fff8531                USB_interfaceNumber
                0x1fff8532                USB_lastPacketSize
                0x1fff8534                USB_interfaceClass
                0x1fff8538                USB_interfaceSetting
                0x1fff853a                USB_ep0Mode
                0x1fff853b                USB_device
                0x1fff853c                USB_deviceAddress
                0x1fff853d                USB_ep0Toggle
                0x1fff853e                USB_configurationChanged
                0x1fff8540                USB_interfaceStatus
                0x1fff8542                USB_transferByteCount
                0x1fff8544                USB_configuration
                0x1fff8548                USB_interfaceSetting_last
                0x1fff854c                USB_currentTD
                0x1fff8558                USB_ep0Count
                0x1fff8559                USB_deviceStatus
                0x1fff855c                USB_EP
 COMMON         0x1fff85c8        0xa .\CortexM3\ARM_GCC_473\Debug\Networking Project.a(USB_hid.o)
                0x1fff85c8                USB_hidProtocol
                0x1fff85cc                USB_hidIdleRate
                0x1fff85d0                USB_hidIdleTimer
 *fill*         0x1fff85d2        0x2 00
 COMMON         0x1fff85d4       0x22 .\CortexM3\ARM_GCC_473\Debug\Networking Project.a(USB_descr.o)
                0x1fff85d4                USB_idSerialNumberStringDescriptor
                0x1fff85f8                . = ALIGN (0x8)
 *fill*         0x1fff85f6        0x2 00
 *(.ram.b)
                0x1fff85f8                _end = .
                0x1fff85f8                __end = .
                0x1fff85f8                PROVIDE (end, .)
                0x1fff85f8                PROVIDE (__bss_end__, .)
                0x00005308                __cy_region_init_ram = LOADADDR (.data)
                0x00000020                __cy_region_init_size_ram = (_edata - ADDR (.data))
                0x000004d0                __cy_region_zero_size_ram = (_end - _edata)

.heap           0x1fff85f8     0x1000 load address 0x00005328
                0x1fff85f8                . = _end
                0x1fff95f8                . = (. + 0x1000)
 *fill*         0x1fff85f8     0x1000 00
                0x1fff95f8                __cy_heap_limit = .

.stack          0x20004000     0x4000
                0x20004000                __cy_stack_limit = .
                0x20008000                . = (. + 0x4000)
 *fill*         0x20004000     0x4000 00
                0x00000001                ASSERT ((__cy_stack_limit >= __cy_heap_limit), region RAM overflowed with stack)

.cyloadermeta
 *(.cyloadermeta)

.cyloadablemeta
 *(.cyloadablemeta)

.cyconfigecc    0x80000000      0x2e4
 *(.cyconfigecc)
 .cyconfigecc   0x80000000      0x2e4 .\CortexM3\ARM_GCC_473\Debug\cymetadata.o
                0x80000000                cy_meta_configecc

.cycustnvl      0x90000000        0x4
 *(.cycustnvl)
 .cycustnvl     0x90000000        0x4 .\CortexM3\ARM_GCC_473\Debug\cymetadata.o
                0x90000000                cy_meta_custnvl

.cywolatch      0x90100000        0x4
 *(.cywolatch)
 .cywolatch     0x90100000        0x4 .\CortexM3\ARM_GCC_473\Debug\cymetadata.o
                0x90100000                cy_meta_wonvl

.cyeeprom       0x90200000        0x0
 *(.cyeeprom)
                0x00000001                ASSERT ((. <= ((0x90200000 + ee_offset) + ee_size)), .cyeeprom data will not fit in EEPROM)

.cyflashprotect
                0x90400000      0x100
 *(.cyflashprotect)
 .cyflashprotect
                0x90400000      0x100 .\CortexM3\ARM_GCC_473\Debug\cymetadata.o
                0x90400000                cy_meta_flashprotect

.cymeta         0x90500000        0xc
 *(.cymeta)
 .cymeta        0x90500000        0xc .\CortexM3\ARM_GCC_473\Debug\cymetadata.o
                0x90500000                cy_metadata

.rel.dyn        0x00005328        0x0 load address 0x9050000c
 .rel.iplt      0x00000000        0x0 c:/program files (x86)/cypress/psoc creator/3.0/psoc creator/import/gnu_cs/arm/4.7.3/bin/../lib/gcc/arm-none-eabi/4.7.3/armv7-m/crtbegin.o

.stab
 *(.stab)

.stabstr
 *(.stabstr)

.debug
 *(.debug)

.line
 *(.line)

.debug_srcinfo
 *(.debug_srcinfo)

.debug_sfnames
 *(.debug_sfnames)

.debug_aranges  0x00000000      0xe00
 *(.debug_aranges)
 .debug_aranges
                0x00000000       0x78 .\CortexM3\ARM_GCC_473\Debug\main.o
 .debug_aranges
                0x00000078       0x18 .\CortexM3\ARM_GCC_473\Debug\cymetadata.o
 .debug_aranges
                0x00000090       0x40 .\CortexM3\ARM_GCC_473\Debug\Cm3Start.o
 .debug_aranges
                0x000000d0       0x60 .\CortexM3\ARM_GCC_473\Debug\Networking Project.a(cyfitter_cfg.o)
 .debug_aranges
                0x00000130       0x80 .\CortexM3\ARM_GCC_473\Debug\Networking Project.a(isr_RisingEdge.o)
 .debug_aranges
                0x000001b0       0x80 .\CortexM3\ARM_GCC_473\Debug\Networking Project.a(isr_FallingEdge.o)
 .debug_aranges
                0x00000230       0x38 .\CortexM3\ARM_GCC_473\Debug\Networking Project.a(Pin_LEDCollision.o)
 .debug_aranges
                0x00000268       0x38 .\CortexM3\ARM_GCC_473\Debug\Networking Project.a(Pin_LEDIdle.o)
 .debug_aranges
                0x000002a0       0x20 .\CortexM3\ARM_GCC_473\Debug\Networking Project.a(CyBootAsmGnu.o)
 .debug_aranges
                0x000002c0      0x218 .\CortexM3\ARM_GCC_473\Debug\Networking Project.a(CyLib.o)
 .debug_aranges
                0x000004d8       0x90 .\CortexM3\ARM_GCC_473\Debug\Networking Project.a(cyPm.o)
 .debug_aranges
                0x00000568       0x38 .\CortexM3\ARM_GCC_473\Debug\Networking Project.a(Pin_LEDBusy.o)
 .debug_aranges
                0x000005a0       0x90 .\CortexM3\ARM_GCC_473\Debug\Networking Project.a(Timer_BusyToCollision.o)
 .debug_aranges
                0x00000630       0x90 .\CortexM3\ARM_GCC_473\Debug\Networking Project.a(Timer_BusyToIdle.o)
 .debug_aranges
                0x000006c0       0x80 .\CortexM3\ARM_GCC_473\Debug\Networking Project.a(isr_BusyToCollision.o)
 .debug_aranges
                0x00000740       0x80 .\CortexM3\ARM_GCC_473\Debug\Networking Project.a(isr_BusyToIdle.o)
 .debug_aranges
                0x000007c0       0xb0 .\CortexM3\ARM_GCC_473\Debug\Networking Project.a(USB.o)
 .debug_aranges
                0x00000870       0xb0 .\CortexM3\ARM_GCC_473\Debug\Networking Project.a(USB_cdc.o)
 .debug_aranges
                0x00000920       0x98 .\CortexM3\ARM_GCC_473\Debug\Networking Project.a(USB_drv.o)
 .debug_aranges
                0x000009b8       0x40 .\CortexM3\ARM_GCC_473\Debug\Networking Project.a(USB_episr.o)
 .debug_aranges
                0x000009f8       0x48 .\CortexM3\ARM_GCC_473\Debug\Networking Project.a(USB_hid.o)
 .debug_aranges
                0x00000a40       0x78 .\CortexM3\ARM_GCC_473\Debug\Networking Project.a(USB_std.o)
 .debug_aranges
                0x00000ab8       0x20 .\CortexM3\ARM_GCC_473\Debug\Networking Project.a(USB_vnd.o)
 .debug_aranges
                0x00000ad8       0x98 .\CortexM3\ARM_GCC_473\Debug\Networking Project.a(LCD.o)
 .debug_aranges
                0x00000b70       0x88 .\CortexM3\ARM_GCC_473\Debug\Networking Project.a(Timer_sendData.o)
 .debug_aranges
                0x00000bf8       0x38 .\CortexM3\ARM_GCC_473\Debug\Networking Project.a(Timer_sendData_PM.o)
 .debug_aranges
                0x00000c30       0x80 .\CortexM3\ARM_GCC_473\Debug\Networking Project.a(isr_sendData.o)
 .debug_aranges
                0x00000cb0       0x38 .\CortexM3\ARM_GCC_473\Debug\Networking Project.a(Transm_Output.o)
 .debug_aranges
                0x00000ce8       0x78 .\CortexM3\ARM_GCC_473\Debug\Networking Project.a(CyFlash.o)
 .debug_aranges
                0x00000d60       0x68 .\CortexM3\ARM_GCC_473\Debug\Networking Project.a(CySpc.o)
 .debug_aranges
                0x00000dc8       0x20 .\CortexM3\ARM_GCC_473\Debug\Networking Project.a(USB_cls.o)
 .debug_aranges
                0x00000de8       0x18 .\CortexM3\ARM_GCC_473\Debug\Networking Project.a(USB_descr.o)

.debug_pubnames
 *(.debug_pubnames)

.debug_info     0x00000000     0x6b1f
 *(.debug_info .gnu.linkonce.wi.*)
 .debug_info    0x00000000      0x48d .\CortexM3\ARM_GCC_473\Debug\main.o
 .debug_info    0x0000048d      0x13f .\CortexM3\ARM_GCC_473\Debug\cymetadata.o
 .debug_info    0x000005cc      0x2ea .\CortexM3\ARM_GCC_473\Debug\Cm3Start.o
 .debug_info    0x000008b6      0x3c0 .\CortexM3\ARM_GCC_473\Debug\Networking Project.a(cyfitter_cfg.o)
 .debug_info    0x00000c76      0x278 .\CortexM3\ARM_GCC_473\Debug\Networking Project.a(isr_RisingEdge.o)
 .debug_info    0x00000eee      0x278 .\CortexM3\ARM_GCC_473\Debug\Networking Project.a(isr_FallingEdge.o)
 .debug_info    0x00001166      0x134 .\CortexM3\ARM_GCC_473\Debug\Networking Project.a(Pin_LEDCollision.o)
 .debug_info    0x0000129a      0x134 .\CortexM3\ARM_GCC_473\Debug\Networking Project.a(Pin_LEDIdle.o)
 .debug_info    0x000013ce       0xcd .\CortexM3\ARM_GCC_473\Debug\Networking Project.a(CyBootAsmGnu.o)
 .debug_info    0x0000149b      0xcd7 .\CortexM3\ARM_GCC_473\Debug\Networking Project.a(CyLib.o)
 .debug_info    0x00002172      0x5c3 .\CortexM3\ARM_GCC_473\Debug\Networking Project.a(cyPm.o)
 .debug_info    0x00002735      0x134 .\CortexM3\ARM_GCC_473\Debug\Networking Project.a(Pin_LEDBusy.o)
 .debug_info    0x00002869      0x2a0 .\CortexM3\ARM_GCC_473\Debug\Networking Project.a(Timer_BusyToCollision.o)
 .debug_info    0x00002b09      0x2a0 .\CortexM3\ARM_GCC_473\Debug\Networking Project.a(Timer_BusyToIdle.o)
 .debug_info    0x00002da9      0x278 .\CortexM3\ARM_GCC_473\Debug\Networking Project.a(isr_BusyToCollision.o)
 .debug_info    0x00003021      0x278 .\CortexM3\ARM_GCC_473\Debug\Networking Project.a(isr_BusyToIdle.o)
 .debug_info    0x00003299      0x68b .\CortexM3\ARM_GCC_473\Debug\Networking Project.a(USB.o)
 .debug_info    0x00003924      0x5f7 .\CortexM3\ARM_GCC_473\Debug\Networking Project.a(USB_cdc.o)
 .debug_info    0x00003f1b      0x56e .\CortexM3\ARM_GCC_473\Debug\Networking Project.a(USB_drv.o)
 .debug_info    0x00004489      0x1d6 .\CortexM3\ARM_GCC_473\Debug\Networking Project.a(USB_episr.o)
 .debug_info    0x0000465f      0x386 .\CortexM3\ARM_GCC_473\Debug\Networking Project.a(USB_hid.o)
 .debug_info    0x000049e5      0x84c .\CortexM3\ARM_GCC_473\Debug\Networking Project.a(USB_std.o)
 .debug_info    0x00005231      0x18d .\CortexM3\ARM_GCC_473\Debug\Networking Project.a(USB_vnd.o)
 .debug_info    0x000053be      0x408 .\CortexM3\ARM_GCC_473\Debug\Networking Project.a(LCD.o)
 .debug_info    0x000057c6      0x285 .\CortexM3\ARM_GCC_473\Debug\Networking Project.a(Timer_sendData.o)
 .debug_info    0x00005a4b      0x132 .\CortexM3\ARM_GCC_473\Debug\Networking Project.a(Timer_sendData_PM.o)
 .debug_info    0x00005b7d      0x278 .\CortexM3\ARM_GCC_473\Debug\Networking Project.a(isr_sendData.o)
 .debug_info    0x00005df5      0x134 .\CortexM3\ARM_GCC_473\Debug\Networking Project.a(Transm_Output.o)
 .debug_info    0x00005f29      0x354 .\CortexM3\ARM_GCC_473\Debug\Networking Project.a(CyFlash.o)
 .debug_info    0x0000627d      0x3d9 .\CortexM3\ARM_GCC_473\Debug\Networking Project.a(CySpc.o)
 .debug_info    0x00006656      0x1b9 .\CortexM3\ARM_GCC_473\Debug\Networking Project.a(USB_cls.o)
 .debug_info    0x0000680f      0x310 .\CortexM3\ARM_GCC_473\Debug\Networking Project.a(USB_descr.o)

.debug_abbrev   0x00000000     0x2311
 *(.debug_abbrev)
 .debug_abbrev  0x00000000      0x168 .\CortexM3\ARM_GCC_473\Debug\main.o
 .debug_abbrev  0x00000168       0x66 .\CortexM3\ARM_GCC_473\Debug\cymetadata.o
 .debug_abbrev  0x000001ce      0x175 .\CortexM3\ARM_GCC_473\Debug\Cm3Start.o
 .debug_abbrev  0x00000343      0x19f .\CortexM3\ARM_GCC_473\Debug\Networking Project.a(cyfitter_cfg.o)
 .debug_abbrev  0x000004e2      0x12d .\CortexM3\ARM_GCC_473\Debug\Networking Project.a(isr_RisingEdge.o)
 .debug_abbrev  0x0000060f      0x12d .\CortexM3\ARM_GCC_473\Debug\Networking Project.a(isr_FallingEdge.o)
 .debug_abbrev  0x0000073c       0x92 .\CortexM3\ARM_GCC_473\Debug\Networking Project.a(Pin_LEDCollision.o)
 .debug_abbrev  0x000007ce       0x92 .\CortexM3\ARM_GCC_473\Debug\Networking Project.a(Pin_LEDIdle.o)
 .debug_abbrev  0x00000860       0x14 .\CortexM3\ARM_GCC_473\Debug\Networking Project.a(CyBootAsmGnu.o)
 .debug_abbrev  0x00000874      0x207 .\CortexM3\ARM_GCC_473\Debug\Networking Project.a(CyLib.o)
 .debug_abbrev  0x00000a7b      0x170 .\CortexM3\ARM_GCC_473\Debug\Networking Project.a(cyPm.o)
 .debug_abbrev  0x00000beb       0x92 .\CortexM3\ARM_GCC_473\Debug\Networking Project.a(Pin_LEDBusy.o)
 .debug_abbrev  0x00000c7d      0x11d .\CortexM3\ARM_GCC_473\Debug\Networking Project.a(Timer_BusyToCollision.o)
 .debug_abbrev  0x00000d9a      0x11d .\CortexM3\ARM_GCC_473\Debug\Networking Project.a(Timer_BusyToIdle.o)
 .debug_abbrev  0x00000eb7      0x12d .\CortexM3\ARM_GCC_473\Debug\Networking Project.a(isr_BusyToCollision.o)
 .debug_abbrev  0x00000fe4      0x12d .\CortexM3\ARM_GCC_473\Debug\Networking Project.a(isr_BusyToIdle.o)
 .debug_abbrev  0x00001111      0x1b4 .\CortexM3\ARM_GCC_473\Debug\Networking Project.a(USB.o)
 .debug_abbrev  0x000012c5      0x1d0 .\CortexM3\ARM_GCC_473\Debug\Networking Project.a(USB_cdc.o)
 .debug_abbrev  0x00001495      0x16e .\CortexM3\ARM_GCC_473\Debug\Networking Project.a(USB_drv.o)
 .debug_abbrev  0x00001603       0xc7 .\CortexM3\ARM_GCC_473\Debug\Networking Project.a(USB_episr.o)
 .debug_abbrev  0x000016ca      0x153 .\CortexM3\ARM_GCC_473\Debug\Networking Project.a(USB_hid.o)
 .debug_abbrev  0x0000181d      0x1a1 .\CortexM3\ARM_GCC_473\Debug\Networking Project.a(USB_std.o)
 .debug_abbrev  0x000019be       0xba .\CortexM3\ARM_GCC_473\Debug\Networking Project.a(USB_vnd.o)
 .debug_abbrev  0x00001a78      0x122 .\CortexM3\ARM_GCC_473\Debug\Networking Project.a(LCD.o)
 .debug_abbrev  0x00001b9a       0xeb .\CortexM3\ARM_GCC_473\Debug\Networking Project.a(Timer_sendData.o)
 .debug_abbrev  0x00001c85       0x9b .\CortexM3\ARM_GCC_473\Debug\Networking Project.a(Timer_sendData_PM.o)
 .debug_abbrev  0x00001d20      0x12d .\CortexM3\ARM_GCC_473\Debug\Networking Project.a(isr_sendData.o)
 .debug_abbrev  0x00001e4d       0x92 .\CortexM3\ARM_GCC_473\Debug\Networking Project.a(Transm_Output.o)
 .debug_abbrev  0x00001edf      0x172 .\CortexM3\ARM_GCC_473\Debug\Networking Project.a(CyFlash.o)
 .debug_abbrev  0x00002051      0x15f .\CortexM3\ARM_GCC_473\Debug\Networking Project.a(CySpc.o)
 .debug_abbrev  0x000021b0       0xba .\CortexM3\ARM_GCC_473\Debug\Networking Project.a(USB_cls.o)
 .debug_abbrev  0x0000226a       0xa7 .\CortexM3\ARM_GCC_473\Debug\Networking Project.a(USB_descr.o)

.debug_line     0x00000000     0x3505
 *(.debug_line)
 .debug_line    0x00000000      0x360 .\CortexM3\ARM_GCC_473\Debug\main.o
 .debug_line    0x00000360       0x53 .\CortexM3\ARM_GCC_473\Debug\cymetadata.o
 .debug_line    0x000003b3      0x1b0 .\CortexM3\ARM_GCC_473\Debug\Cm3Start.o
 .debug_line    0x00000563      0x1f5 .\CortexM3\ARM_GCC_473\Debug\Networking Project.a(cyfitter_cfg.o)
 .debug_line    0x00000758      0x159 .\CortexM3\ARM_GCC_473\Debug\Networking Project.a(isr_RisingEdge.o)
 .debug_line    0x000008b1      0x15a .\CortexM3\ARM_GCC_473\Debug\Networking Project.a(isr_FallingEdge.o)
 .debug_line    0x00000a0b       0xa2 .\CortexM3\ARM_GCC_473\Debug\Networking Project.a(Pin_LEDCollision.o)
 .debug_line    0x00000aad       0x9d .\CortexM3\ARM_GCC_473\Debug\Networking Project.a(Pin_LEDIdle.o)
 .debug_line    0x00000b4a       0x68 .\CortexM3\ARM_GCC_473\Debug\Networking Project.a(CyBootAsmGnu.o)
 .debug_line    0x00000bb2      0x73b .\CortexM3\ARM_GCC_473\Debug\Networking Project.a(CyLib.o)
 .debug_line    0x000012ed      0x370 .\CortexM3\ARM_GCC_473\Debug\Networking Project.a(cyPm.o)
 .debug_line    0x0000165d       0x9d .\CortexM3\ARM_GCC_473\Debug\Networking Project.a(Pin_LEDBusy.o)
 .debug_line    0x000016fa      0x184 .\CortexM3\ARM_GCC_473\Debug\Networking Project.a(Timer_BusyToCollision.o)
 .debug_line    0x0000187e      0x17f .\CortexM3\ARM_GCC_473\Debug\Networking Project.a(Timer_BusyToIdle.o)
 .debug_line    0x000019fd      0x15e .\CortexM3\ARM_GCC_473\Debug\Networking Project.a(isr_BusyToCollision.o)
 .debug_line    0x00001b5b      0x159 .\CortexM3\ARM_GCC_473\Debug\Networking Project.a(isr_BusyToIdle.o)
 .debug_line    0x00001cb4      0x2b8 .\CortexM3\ARM_GCC_473\Debug\Networking Project.a(USB.o)
 .debug_line    0x00001f6c      0x228 .\CortexM3\ARM_GCC_473\Debug\Networking Project.a(USB_cdc.o)
 .debug_line    0x00002194      0x21a .\CortexM3\ARM_GCC_473\Debug\Networking Project.a(USB_drv.o)
 .debug_line    0x000023ae       0xd9 .\CortexM3\ARM_GCC_473\Debug\Networking Project.a(USB_episr.o)
 .debug_line    0x00002487      0x179 .\CortexM3\ARM_GCC_473\Debug\Networking Project.a(USB_hid.o)
 .debug_line    0x00002600      0x421 .\CortexM3\ARM_GCC_473\Debug\Networking Project.a(USB_std.o)
 .debug_line    0x00002a21       0x7f .\CortexM3\ARM_GCC_473\Debug\Networking Project.a(USB_vnd.o)
 .debug_line    0x00002aa0      0x214 .\CortexM3\ARM_GCC_473\Debug\Networking Project.a(LCD.o)
 .debug_line    0x00002cb4      0x168 .\CortexM3\ARM_GCC_473\Debug\Networking Project.a(Timer_sendData.o)
 .debug_line    0x00002e1c       0xbd .\CortexM3\ARM_GCC_473\Debug\Networking Project.a(Timer_sendData_PM.o)
 .debug_line    0x00002ed9      0x157 .\CortexM3\ARM_GCC_473\Debug\Networking Project.a(isr_sendData.o)
 .debug_line    0x00003030       0x9f .\CortexM3\ARM_GCC_473\Debug\Networking Project.a(Transm_Output.o)
 .debug_line    0x000030cf      0x1a9 .\CortexM3\ARM_GCC_473\Debug\Networking Project.a(CyFlash.o)
 .debug_line    0x00003278      0x1a7 .\CortexM3\ARM_GCC_473\Debug\Networking Project.a(CySpc.o)
 .debug_line    0x0000341f       0x8b .\CortexM3\ARM_GCC_473\Debug\Networking Project.a(USB_cls.o)
 .debug_line    0x000034aa       0x5b .\CortexM3\ARM_GCC_473\Debug\Networking Project.a(USB_descr.o)

.debug_frame    0x00000000     0x2b04
 *(.debug_frame)
 .debug_frame   0x00000000      0x188 .\CortexM3\ARM_GCC_473\Debug\main.o
 .debug_frame   0x00000188       0xa4 .\CortexM3\ARM_GCC_473\Debug\Cm3Start.o
 .debug_frame   0x0000022c      0x120 .\CortexM3\ARM_GCC_473\Debug\Networking Project.a(cyfitter_cfg.o)
 .debug_frame   0x0000034c      0x180 .\CortexM3\ARM_GCC_473\Debug\Networking Project.a(isr_RisingEdge.o)
 .debug_frame   0x000004cc      0x180 .\CortexM3\ARM_GCC_473\Debug\Networking Project.a(isr_FallingEdge.o)
 .debug_frame   0x0000064c       0x80 .\CortexM3\ARM_GCC_473\Debug\Networking Project.a(Pin_LEDCollision.o)
 .debug_frame   0x000006cc       0x80 .\CortexM3\ARM_GCC_473\Debug\Networking Project.a(Pin_LEDIdle.o)
 .debug_frame   0x0000074c      0x778 .\CortexM3\ARM_GCC_473\Debug\Networking Project.a(CyLib.o)
 .debug_frame   0x00000ec4      0x1d0 .\CortexM3\ARM_GCC_473\Debug\Networking Project.a(cyPm.o)
 .debug_frame   0x00001094       0x80 .\CortexM3\ARM_GCC_473\Debug\Networking Project.a(Pin_LEDBusy.o)
 .debug_frame   0x00001114      0x1b8 .\CortexM3\ARM_GCC_473\Debug\Networking Project.a(Timer_BusyToCollision.o)
 .debug_frame   0x000012cc      0x1b8 .\CortexM3\ARM_GCC_473\Debug\Networking Project.a(Timer_BusyToIdle.o)
 .debug_frame   0x00001484      0x180 .\CortexM3\ARM_GCC_473\Debug\Networking Project.a(isr_BusyToCollision.o)
 .debug_frame   0x00001604      0x180 .\CortexM3\ARM_GCC_473\Debug\Networking Project.a(isr_BusyToIdle.o)
 .debug_frame   0x00001784      0x238 .\CortexM3\ARM_GCC_473\Debug\Networking Project.a(USB.o)
 .debug_frame   0x000019bc      0x248 .\CortexM3\ARM_GCC_473\Debug\Networking Project.a(USB_cdc.o)
 .debug_frame   0x00001c04      0x1e0 .\CortexM3\ARM_GCC_473\Debug\Networking Project.a(USB_drv.o)
 .debug_frame   0x00001de4       0x9c .\CortexM3\ARM_GCC_473\Debug\Networking Project.a(USB_episr.o)
 .debug_frame   0x00001e80       0xc8 .\CortexM3\ARM_GCC_473\Debug\Networking Project.a(USB_hid.o)
 .debug_frame   0x00001f48      0x180 .\CortexM3\ARM_GCC_473\Debug\Networking Project.a(USB_std.o)
 .debug_frame   0x000020c8       0x30 .\CortexM3\ARM_GCC_473\Debug\Networking Project.a(USB_vnd.o)
 .debug_frame   0x000020f8      0x200 .\CortexM3\ARM_GCC_473\Debug\Networking Project.a(LCD.o)
 .debug_frame   0x000022f8      0x198 .\CortexM3\ARM_GCC_473\Debug\Networking Project.a(Timer_sendData.o)
 .debug_frame   0x00002490       0x80 .\CortexM3\ARM_GCC_473\Debug\Networking Project.a(Timer_sendData_PM.o)
 .debug_frame   0x00002510      0x180 .\CortexM3\ARM_GCC_473\Debug\Networking Project.a(isr_sendData.o)
 .debug_frame   0x00002690       0x80 .\CortexM3\ARM_GCC_473\Debug\Networking Project.a(Transm_Output.o)
 .debug_frame   0x00002710      0x178 .\CortexM3\ARM_GCC_473\Debug\Networking Project.a(CyFlash.o)
 .debug_frame   0x00002888      0x13c .\CortexM3\ARM_GCC_473\Debug\Networking Project.a(CySpc.o)
 .debug_frame   0x000029c4       0x30 .\CortexM3\ARM_GCC_473\Debug\Networking Project.a(USB_cls.o)
 .debug_frame   0x000029f4       0x28 c:/program files (x86)/cypress/psoc creator/3.0/psoc creator/import/gnu_cs/arm/4.7.3/bin/../lib/gcc/arm-none-eabi/4.7.3/../../../../arm-none-eabi/lib/armv7-m\libc_s.a(lib_a-__atexit2.o)
 .debug_frame   0x00002a1c       0x28 c:/program files (x86)/cypress/psoc creator/3.0/psoc creator/import/gnu_cs/arm/4.7.3/bin/../lib/gcc/arm-none-eabi/4.7.3/../../../../arm-none-eabi/lib/armv7-m\libc_s.a(lib_a-exit.o)
 .debug_frame   0x00002a44       0x2c c:/program files (x86)/cypress/psoc creator/3.0/psoc creator/import/gnu_cs/arm/4.7.3/bin/../lib/gcc/arm-none-eabi/4.7.3/../../../../arm-none-eabi/lib/armv7-m\libc_s.a(lib_a-fini.o)
 .debug_frame   0x00002a70       0x2c c:/program files (x86)/cypress/psoc creator/3.0/psoc creator/import/gnu_cs/arm/4.7.3/bin/../lib/gcc/arm-none-eabi/4.7.3/../../../../arm-none-eabi/lib/armv7-m\libc_s.a(lib_a-init.o)
 .debug_frame   0x00002a9c       0x28 c:/program files (x86)/cypress/psoc creator/3.0/psoc creator/import/gnu_cs/arm/4.7.3/bin/../lib/gcc/arm-none-eabi/4.7.3/../../../../arm-none-eabi/lib/armv7-m\libc_s.a(lib_a-memcpy.o)
 .debug_frame   0x00002ac4       0x20 c:/program files (x86)/cypress/psoc creator/3.0/psoc creator/import/gnu_cs/arm/4.7.3/bin/../lib/gcc/arm-none-eabi/4.7.3/../../../../arm-none-eabi/lib/armv7-m\libc_s.a(lib_a-memset.o)
 .debug_frame   0x00002ae4       0x20 c:/program files (x86)/cypress/psoc creator/3.0/psoc creator/import/gnu_cs/arm/4.7.3/bin/../lib/gcc/arm-none-eabi/4.7.3/../../../../arm-none-eabi/lib/armv7-m\libc_s.a(lib_a-strcpy.o)

.debug_str      0x00000000     0x3003
 *(.debug_str)
 .debug_str     0x00000000      0x2d8 .\CortexM3\ARM_GCC_473\Debug\main.o
                                0x323 (size before relaxing)
 .debug_str     0x000002d8       0x77 .\CortexM3\ARM_GCC_473\Debug\cymetadata.o
                                0x1e2 (size before relaxing)
 .debug_str     0x0000034f      0x10e .\CortexM3\ARM_GCC_473\Debug\Cm3Start.o
                                0x29e (size before relaxing)
 .debug_str     0x0000045d      0x157 .\CortexM3\ARM_GCC_473\Debug\Networking Project.a(cyfitter_cfg.o)
                                0x2ef (size before relaxing)
 .debug_str     0x000005b4      0x17e .\CortexM3\ARM_GCC_473\Debug\Networking Project.a(isr_RisingEdge.o)
                                0x310 (size before relaxing)
 .debug_str     0x00000732      0x174 .\CortexM3\ARM_GCC_473\Debug\Networking Project.a(isr_FallingEdge.o)
                                0x31e (size before relaxing)
 .debug_str     0x000008a6       0xa4 .\CortexM3\ARM_GCC_473\Debug\Networking Project.a(Pin_LEDCollision.o)
                                0x211 (size before relaxing)
 .debug_str     0x0000094a       0x7b .\CortexM3\ARM_GCC_473\Debug\Networking Project.a(Pin_LEDIdle.o)
                                0x1f8 (size before relaxing)
 .debug_str     0x000009c5      0x616 .\CortexM3\ARM_GCC_473\Debug\Networking Project.a(CyLib.o)
                                0x804 (size before relaxing)
 .debug_str     0x00000fdb      0x371 .\CortexM3\ARM_GCC_473\Debug\Networking Project.a(cyPm.o)
                                0x513 (size before relaxing)
 .debug_str     0x0000134c       0x7b .\CortexM3\ARM_GCC_473\Debug\Networking Project.a(Pin_LEDBusy.o)
                                0x1f8 (size before relaxing)
 .debug_str     0x000013c7      0x295 .\CortexM3\ARM_GCC_473\Debug\Networking Project.a(Timer_BusyToCollision.o)
                                0x41a (size before relaxing)
 .debug_str     0x0000165c      0x21e .\CortexM3\ARM_GCC_473\Debug\Networking Project.a(Timer_BusyToIdle.o)
                                0x3c0 (size before relaxing)
 .debug_str     0x0000187a      0x1ac .\CortexM3\ARM_GCC_473\Debug\Networking Project.a(isr_BusyToCollision.o)
                                0x356 (size before relaxing)
 .debug_str     0x00001a26      0x166 .\CortexM3\ARM_GCC_473\Debug\Networking Project.a(isr_BusyToIdle.o)
                                0x310 (size before relaxing)
 .debug_str     0x00001b8c      0x2c5 .\CortexM3\ARM_GCC_473\Debug\Networking Project.a(USB.o)
                                0x46c (size before relaxing)
 .debug_str     0x00001e51      0x241 .\CortexM3\ARM_GCC_473\Debug\Networking Project.a(USB_cdc.o)
                                0x45c (size before relaxing)
 .debug_str     0x00002092      0x230 .\CortexM3\ARM_GCC_473\Debug\Networking Project.a(USB_drv.o)
                                0x531 (size before relaxing)
 .debug_str     0x000022c2       0x6a .\CortexM3\ARM_GCC_473\Debug\Networking Project.a(USB_episr.o)
                                0x24c (size before relaxing)
 .debug_str     0x0000232c       0xfa .\CortexM3\ARM_GCC_473\Debug\Networking Project.a(USB_hid.o)
                                0x327 (size before relaxing)
 .debug_str     0x00002426      0x250 .\CortexM3\ARM_GCC_473\Debug\Networking Project.a(USB_std.o)
                                0x5ba (size before relaxing)
 .debug_str     0x00002676       0x55 .\CortexM3\ARM_GCC_473\Debug\Networking Project.a(USB_vnd.o)
                                0x231 (size before relaxing)
 .debug_str     0x000026cb      0x15d .\CortexM3\ARM_GCC_473\Debug\Networking Project.a(LCD.o)
                                0x2fd (size before relaxing)
 .debug_str     0x00002828      0x1cf .\CortexM3\ARM_GCC_473\Debug\Networking Project.a(Timer_sendData.o)
                                0x371 (size before relaxing)
 .debug_str     0x000029f7       0xd2 .\CortexM3\ARM_GCC_473\Debug\Networking Project.a(Timer_sendData_PM.o)
                                0x242 (size before relaxing)
 .debug_str     0x00002ac9      0x14a .\CortexM3\ARM_GCC_473\Debug\Networking Project.a(isr_sendData.o)
                                0x2f4 (size before relaxing)
 .debug_str     0x00002c13       0x85 .\CortexM3\ARM_GCC_473\Debug\Networking Project.a(Transm_Output.o)
                                0x202 (size before relaxing)
 .debug_str     0x00002c98      0x130 .\CortexM3\ARM_GCC_473\Debug\Networking Project.a(CyFlash.o)
                                0x2d9 (size before relaxing)
 .debug_str     0x00002dc8       0xfe .\CortexM3\ARM_GCC_473\Debug\Networking Project.a(CySpc.o)
                                0x2b5 (size before relaxing)
 .debug_str     0x00002ec6       0x39 .\CortexM3\ARM_GCC_473\Debug\Networking Project.a(USB_cls.o)
                                0x24d (size before relaxing)
 .debug_str     0x00002eff      0x104 .\CortexM3\ARM_GCC_473\Debug\Networking Project.a(USB_descr.o)
                                0x35c (size before relaxing)

.debug_loc      0x00000000     0x457a
 *(.debug_loc)
 .debug_loc     0x00000000      0x25a .\CortexM3\ARM_GCC_473\Debug\main.o
 .debug_loc     0x0000025a      0x100 .\CortexM3\ARM_GCC_473\Debug\Cm3Start.o
 .debug_loc     0x0000035a      0x1f8 .\CortexM3\ARM_GCC_473\Debug\Networking Project.a(cyfitter_cfg.o)
 .debug_loc     0x00000552      0x278 .\CortexM3\ARM_GCC_473\Debug\Networking Project.a(isr_RisingEdge.o)
 .debug_loc     0x000007ca      0x278 .\CortexM3\ARM_GCC_473\Debug\Networking Project.a(isr_FallingEdge.o)
 .debug_loc     0x00000a42       0xc8 .\CortexM3\ARM_GCC_473\Debug\Networking Project.a(Pin_LEDCollision.o)
 .debug_loc     0x00000b0a       0xc8 .\CortexM3\ARM_GCC_473\Debug\Networking Project.a(Pin_LEDIdle.o)
 .debug_loc     0x00000bd2      0xce0 .\CortexM3\ARM_GCC_473\Debug\Networking Project.a(CyLib.o)
 .debug_loc     0x000018b2      0x2e8 .\CortexM3\ARM_GCC_473\Debug\Networking Project.a(cyPm.o)
 .debug_loc     0x00001b9a       0xc8 .\CortexM3\ARM_GCC_473\Debug\Networking Project.a(Pin_LEDBusy.o)
 .debug_loc     0x00001c62      0x2d0 .\CortexM3\ARM_GCC_473\Debug\Networking Project.a(Timer_BusyToCollision.o)
 .debug_loc     0x00001f32      0x2d0 .\CortexM3\ARM_GCC_473\Debug\Networking Project.a(Timer_BusyToIdle.o)
 .debug_loc     0x00002202      0x278 .\CortexM3\ARM_GCC_473\Debug\Networking Project.a(isr_BusyToCollision.o)
 .debug_loc     0x0000247a      0x278 .\CortexM3\ARM_GCC_473\Debug\Networking Project.a(isr_BusyToIdle.o)
 .debug_loc     0x000026f2      0x410 .\CortexM3\ARM_GCC_473\Debug\Networking Project.a(USB.o)
 .debug_loc     0x00002b02      0x3d4 .\CortexM3\ARM_GCC_473\Debug\Networking Project.a(USB_cdc.o)
 .debug_loc     0x00002ed6      0x314 .\CortexM3\ARM_GCC_473\Debug\Networking Project.a(USB_drv.o)
 .debug_loc     0x000031ea       0xdc .\CortexM3\ARM_GCC_473\Debug\Networking Project.a(USB_episr.o)
 .debug_loc     0x000032c6      0x150 .\CortexM3\ARM_GCC_473\Debug\Networking Project.a(USB_hid.o)
 .debug_loc     0x00003416      0x294 .\CortexM3\ARM_GCC_473\Debug\Networking Project.a(USB_std.o)
 .debug_loc     0x000036aa       0x38 .\CortexM3\ARM_GCC_473\Debug\Networking Project.a(USB_vnd.o)
 .debug_loc     0x000036e2      0x350 .\CortexM3\ARM_GCC_473\Debug\Networking Project.a(LCD.o)
 .debug_loc     0x00003a32      0x298 .\CortexM3\ARM_GCC_473\Debug\Networking Project.a(Timer_sendData.o)
 .debug_loc     0x00003cca       0xb0 .\CortexM3\ARM_GCC_473\Debug\Networking Project.a(Timer_sendData_PM.o)
 .debug_loc     0x00003d7a      0x278 .\CortexM3\ARM_GCC_473\Debug\Networking Project.a(isr_sendData.o)
 .debug_loc     0x00003ff2       0xc8 .\CortexM3\ARM_GCC_473\Debug\Networking Project.a(Transm_Output.o)
 .debug_loc     0x000040ba      0x258 .\CortexM3\ARM_GCC_473\Debug\Networking Project.a(CyFlash.o)
 .debug_loc     0x00004312      0x230 .\CortexM3\ARM_GCC_473\Debug\Networking Project.a(CySpc.o)
 .debug_loc     0x00004542       0x38 .\CortexM3\ARM_GCC_473\Debug\Networking Project.a(USB_cls.o)

.debug_macinfo
 *(.debug_macinfo)

.debug_ranges   0x00000000      0xbe0
 *(.debug_ranges)
 .debug_ranges  0x00000000       0x68 .\CortexM3\ARM_GCC_473\Debug\main.o
 .debug_ranges  0x00000068       0x30 .\CortexM3\ARM_GCC_473\Debug\Cm3Start.o
 .debug_ranges  0x00000098       0x50 .\CortexM3\ARM_GCC_473\Debug\Networking Project.a(cyfitter_cfg.o)
 .debug_ranges  0x000000e8       0x70 .\CortexM3\ARM_GCC_473\Debug\Networking Project.a(isr_RisingEdge.o)
 .debug_ranges  0x00000158       0x70 .\CortexM3\ARM_GCC_473\Debug\Networking Project.a(isr_FallingEdge.o)
 .debug_ranges  0x000001c8       0x28 .\CortexM3\ARM_GCC_473\Debug\Networking Project.a(Pin_LEDCollision.o)
 .debug_ranges  0x000001f0       0x28 .\CortexM3\ARM_GCC_473\Debug\Networking Project.a(Pin_LEDIdle.o)
 .debug_ranges  0x00000218      0x208 .\CortexM3\ARM_GCC_473\Debug\Networking Project.a(CyLib.o)
 .debug_ranges  0x00000420       0x80 .\CortexM3\ARM_GCC_473\Debug\Networking Project.a(cyPm.o)
 .debug_ranges  0x000004a0       0x28 .\CortexM3\ARM_GCC_473\Debug\Networking Project.a(Pin_LEDBusy.o)
 .debug_ranges  0x000004c8       0x80 .\CortexM3\ARM_GCC_473\Debug\Networking Project.a(Timer_BusyToCollision.o)
 .debug_ranges  0x00000548       0x80 .\CortexM3\ARM_GCC_473\Debug\Networking Project.a(Timer_BusyToIdle.o)
 .debug_ranges  0x000005c8       0x70 .\CortexM3\ARM_GCC_473\Debug\Networking Project.a(isr_BusyToCollision.o)
 .debug_ranges  0x00000638       0x70 .\CortexM3\ARM_GCC_473\Debug\Networking Project.a(isr_BusyToIdle.o)
 .debug_ranges  0x000006a8       0xa0 .\CortexM3\ARM_GCC_473\Debug\Networking Project.a(USB.o)
 .debug_ranges  0x00000748       0xa0 .\CortexM3\ARM_GCC_473\Debug\Networking Project.a(USB_cdc.o)
 .debug_ranges  0x000007e8       0x88 .\CortexM3\ARM_GCC_473\Debug\Networking Project.a(USB_drv.o)
 .debug_ranges  0x00000870       0x30 .\CortexM3\ARM_GCC_473\Debug\Networking Project.a(USB_episr.o)
 .debug_ranges  0x000008a0       0x38 .\CortexM3\ARM_GCC_473\Debug\Networking Project.a(USB_hid.o)
 .debug_ranges  0x000008d8       0x68 .\CortexM3\ARM_GCC_473\Debug\Networking Project.a(USB_std.o)
 .debug_ranges  0x00000940       0x10 .\CortexM3\ARM_GCC_473\Debug\Networking Project.a(USB_vnd.o)
 .debug_ranges  0x00000950       0x88 .\CortexM3\ARM_GCC_473\Debug\Networking Project.a(LCD.o)
 .debug_ranges  0x000009d8       0x78 .\CortexM3\ARM_GCC_473\Debug\Networking Project.a(Timer_sendData.o)
 .debug_ranges  0x00000a50       0x28 .\CortexM3\ARM_GCC_473\Debug\Networking Project.a(Timer_sendData_PM.o)
 .debug_ranges  0x00000a78       0x70 .\CortexM3\ARM_GCC_473\Debug\Networking Project.a(isr_sendData.o)
 .debug_ranges  0x00000ae8       0x28 .\CortexM3\ARM_GCC_473\Debug\Networking Project.a(Transm_Output.o)
 .debug_ranges  0x00000b10       0x68 .\CortexM3\ARM_GCC_473\Debug\Networking Project.a(CyFlash.o)
 .debug_ranges  0x00000b78       0x58 .\CortexM3\ARM_GCC_473\Debug\Networking Project.a(CySpc.o)
 .debug_ranges  0x00000bd0       0x10 .\CortexM3\ARM_GCC_473\Debug\Networking Project.a(USB_cls.o)

.comment        0x00000000       0x70
 .comment       0x00000000       0x70 .\CortexM3\ARM_GCC_473\Debug\main.o
                                 0x71 (size before relaxing)
 .comment       0x00000000       0x71 .\CortexM3\ARM_GCC_473\Debug\cymetadata.o
 .comment       0x00000000       0x71 .\CortexM3\ARM_GCC_473\Debug\Cm3Start.o
 .comment       0x00000000       0x71 .\CortexM3\ARM_GCC_473\Debug\Networking Project.a(cyfitter_cfg.o)
 .comment       0x00000000       0x71 .\CortexM3\ARM_GCC_473\Debug\Networking Project.a(isr_RisingEdge.o)
 .comment       0x00000000       0x71 .\CortexM3\ARM_GCC_473\Debug\Networking Project.a(isr_FallingEdge.o)
 .comment       0x00000000       0x71 .\CortexM3\ARM_GCC_473\Debug\Networking Project.a(Pin_LEDCollision.o)
 .comment       0x00000000       0x71 .\CortexM3\ARM_GCC_473\Debug\Networking Project.a(Pin_LEDIdle.o)
 .comment       0x00000000       0x71 .\CortexM3\ARM_GCC_473\Debug\Networking Project.a(CyLib.o)
 .comment       0x00000000       0x71 .\CortexM3\ARM_GCC_473\Debug\Networking Project.a(cyPm.o)
 .comment       0x00000000       0x71 .\CortexM3\ARM_GCC_473\Debug\Networking Project.a(Pin_LEDBusy.o)
 .comment       0x00000000       0x71 .\CortexM3\ARM_GCC_473\Debug\Networking Project.a(Timer_BusyToCollision.o)
 .comment       0x00000000       0x71 .\CortexM3\ARM_GCC_473\Debug\Networking Project.a(Timer_BusyToIdle.o)
 .comment       0x00000000       0x71 .\CortexM3\ARM_GCC_473\Debug\Networking Project.a(isr_BusyToCollision.o)
 .comment       0x00000000       0x71 .\CortexM3\ARM_GCC_473\Debug\Networking Project.a(isr_BusyToIdle.o)
 .comment       0x00000000       0x71 .\CortexM3\ARM_GCC_473\Debug\Networking Project.a(USB.o)
 .comment       0x00000000       0x71 .\CortexM3\ARM_GCC_473\Debug\Networking Project.a(USB_cdc.o)
 .comment       0x00000000       0x71 .\CortexM3\ARM_GCC_473\Debug\Networking Project.a(USB_drv.o)
 .comment       0x00000000       0x71 .\CortexM3\ARM_GCC_473\Debug\Networking Project.a(USB_episr.o)
 .comment       0x00000000       0x71 .\CortexM3\ARM_GCC_473\Debug\Networking Project.a(USB_hid.o)
 .comment       0x00000000       0x71 .\CortexM3\ARM_GCC_473\Debug\Networking Project.a(USB_std.o)
 .comment       0x00000000       0x71 .\CortexM3\ARM_GCC_473\Debug\Networking Project.a(USB_vnd.o)
 .comment       0x00000000       0x71 .\CortexM3\ARM_GCC_473\Debug\Networking Project.a(LCD.o)
 .comment       0x00000000       0x71 .\CortexM3\ARM_GCC_473\Debug\Networking Project.a(Timer_sendData.o)
 .comment       0x00000000       0x71 .\CortexM3\ARM_GCC_473\Debug\Networking Project.a(Timer_sendData_PM.o)
 .comment       0x00000000       0x71 .\CortexM3\ARM_GCC_473\Debug\Networking Project.a(isr_sendData.o)
 .comment       0x00000000       0x71 .\CortexM3\ARM_GCC_473\Debug\Networking Project.a(Transm_Output.o)
 .comment       0x00000000       0x71 .\CortexM3\ARM_GCC_473\Debug\Networking Project.a(CyFlash.o)
 .comment       0x00000000       0x71 .\CortexM3\ARM_GCC_473\Debug\Networking Project.a(CySpc.o)
 .comment       0x00000000       0x71 .\CortexM3\ARM_GCC_473\Debug\Networking Project.a(USB_cls.o)
 .comment       0x00000000       0x71 .\CortexM3\ARM_GCC_473\Debug\Networking Project.a(USB_descr.o)

.debug_weaknames
 *(.debug_weaknames)

.debug_funcnames
 *(.debug_funcnames)

.debug_typenames
 *(.debug_typenames)

.debug_varnames
 *(.debug_varnames)

.note.gnu.arm.ident
 *(.note.gnu.arm.ident)

.ARM.attributes
                0x00000000       0x29
 *(.ARM.attributes)
 .ARM.attributes
                0x00000000       0x1d c:/program files (x86)/cypress/psoc creator/3.0/psoc creator/import/gnu_cs/arm/4.7.3/bin/../lib/gcc/arm-none-eabi/4.7.3/armv7-m/crti.o
 .ARM.attributes
                0x0000001d       0x2d c:/program files (x86)/cypress/psoc creator/3.0/psoc creator/import/gnu_cs/arm/4.7.3/bin/../lib/gcc/arm-none-eabi/4.7.3/armv7-m/crtbegin.o
 .ARM.attributes
                0x0000004a       0x1b c:/program files (x86)/cypress/psoc creator/3.0/psoc creator/import/gnu_cs/arm/4.7.3/bin/../lib/gcc/arm-none-eabi/4.7.3/../../../../arm-none-eabi/lib/armv7-m/crt0.o
 .ARM.attributes
                0x00000065       0x33 .\CortexM3\ARM_GCC_473\Debug\main.o
 .ARM.attributes
                0x00000098       0x33 .\CortexM3\ARM_GCC_473\Debug\cymetadata.o
 .ARM.attributes
                0x000000cb       0x33 .\CortexM3\ARM_GCC_473\Debug\Cm3Start.o
 .ARM.attributes
                0x000000fe       0x33 .\CortexM3\ARM_GCC_473\Debug\Networking Project.a(cyfitter_cfg.o)
 .ARM.attributes
                0x00000131       0x33 .\CortexM3\ARM_GCC_473\Debug\Networking Project.a(isr_RisingEdge.o)
 .ARM.attributes
                0x00000164       0x33 .\CortexM3\ARM_GCC_473\Debug\Networking Project.a(isr_FallingEdge.o)
 .ARM.attributes
                0x00000197       0x33 .\CortexM3\ARM_GCC_473\Debug\Networking Project.a(Pin_LEDCollision.o)
 .ARM.attributes
                0x000001ca       0x33 .\CortexM3\ARM_GCC_473\Debug\Networking Project.a(Pin_LEDIdle.o)
 .ARM.attributes
                0x000001fd       0x21 .\CortexM3\ARM_GCC_473\Debug\Networking Project.a(CyBootAsmGnu.o)
 .ARM.attributes
                0x0000021e       0x33 .\CortexM3\ARM_GCC_473\Debug\Networking Project.a(CyLib.o)
 .ARM.attributes
                0x00000251       0x33 .\CortexM3\ARM_GCC_473\Debug\Networking Project.a(cyPm.o)
 .ARM.attributes
                0x00000284       0x33 .\CortexM3\ARM_GCC_473\Debug\Networking Project.a(Pin_LEDBusy.o)
 .ARM.attributes
                0x000002b7       0x33 .\CortexM3\ARM_GCC_473\Debug\Networking Project.a(Timer_BusyToCollision.o)
 .ARM.attributes
                0x000002ea       0x33 .\CortexM3\ARM_GCC_473\Debug\Networking Project.a(Timer_BusyToIdle.o)
 .ARM.attributes
                0x0000031d       0x33 .\CortexM3\ARM_GCC_473\Debug\Networking Project.a(isr_BusyToCollision.o)
 .ARM.attributes
                0x00000350       0x33 .\CortexM3\ARM_GCC_473\Debug\Networking Project.a(isr_BusyToIdle.o)
 .ARM.attributes
                0x00000383       0x33 .\CortexM3\ARM_GCC_473\Debug\Networking Project.a(USB.o)
 .ARM.attributes
                0x000003b6       0x33 .\CortexM3\ARM_GCC_473\Debug\Networking Project.a(USB_cdc.o)
 .ARM.attributes
                0x000003e9       0x33 .\CortexM3\ARM_GCC_473\Debug\Networking Project.a(USB_drv.o)
 .ARM.attributes
                0x0000041c       0x33 .\CortexM3\ARM_GCC_473\Debug\Networking Project.a(USB_episr.o)
 .ARM.attributes
                0x0000044f       0x33 .\CortexM3\ARM_GCC_473\Debug\Networking Project.a(USB_hid.o)
 .ARM.attributes
                0x00000482       0x33 .\CortexM3\ARM_GCC_473\Debug\Networking Project.a(USB_std.o)
 .ARM.attributes
                0x000004b5       0x33 .\CortexM3\ARM_GCC_473\Debug\Networking Project.a(USB_vnd.o)
 .ARM.attributes
                0x000004e8       0x33 .\CortexM3\ARM_GCC_473\Debug\Networking Project.a(LCD.o)
 .ARM.attributes
                0x0000051b       0x33 .\CortexM3\ARM_GCC_473\Debug\Networking Project.a(Timer_sendData.o)
 .ARM.attributes
                0x0000054e       0x33 .\CortexM3\ARM_GCC_473\Debug\Networking Project.a(Timer_sendData_PM.o)
 .ARM.attributes
                0x00000581       0x33 .\CortexM3\ARM_GCC_473\Debug\Networking Project.a(isr_sendData.o)
 .ARM.attributes
                0x000005b4       0x33 .\CortexM3\ARM_GCC_473\Debug\Networking Project.a(Transm_Output.o)
 .ARM.attributes
                0x000005e7       0x33 .\CortexM3\ARM_GCC_473\Debug\Networking Project.a(CyFlash.o)
 .ARM.attributes
                0x0000061a       0x33 .\CortexM3\ARM_GCC_473\Debug\Networking Project.a(CySpc.o)
 .ARM.attributes
                0x0000064d       0x33 .\CortexM3\ARM_GCC_473\Debug\Networking Project.a(USB_cls.o)
 .ARM.attributes
                0x00000680       0x33 .\CortexM3\ARM_GCC_473\Debug\Networking Project.a(USB_descr.o)
 .ARM.attributes
                0x000006b3       0x2d c:/program files (x86)/cypress/psoc creator/3.0/psoc creator/import/gnu_cs/arm/4.7.3/bin/../lib/gcc/arm-none-eabi/4.7.3/../../../../arm-none-eabi/lib/armv7-m\libc_s.a(lib_a-__atexit2.o)
 .ARM.attributes
                0x000006e0       0x2d c:/program files (x86)/cypress/psoc creator/3.0/psoc creator/import/gnu_cs/arm/4.7.3/bin/../lib/gcc/arm-none-eabi/4.7.3/../../../../arm-none-eabi/lib/armv7-m\libc_s.a(lib_a-exit.o)
 .ARM.attributes
                0x0000070d       0x2d c:/program files (x86)/cypress/psoc creator/3.0/psoc creator/import/gnu_cs/arm/4.7.3/bin/../lib/gcc/arm-none-eabi/4.7.3/../../../../arm-none-eabi/lib/armv7-m\libc_s.a(lib_a-fini.o)
 .ARM.attributes
                0x0000073a       0x2d c:/program files (x86)/cypress/psoc creator/3.0/psoc creator/import/gnu_cs/arm/4.7.3/bin/../lib/gcc/arm-none-eabi/4.7.3/../../../../arm-none-eabi/lib/armv7-m\libc_s.a(lib_a-impure.o)
 .ARM.attributes
                0x00000767       0x2d c:/program files (x86)/cypress/psoc creator/3.0/psoc creator/import/gnu_cs/arm/4.7.3/bin/../lib/gcc/arm-none-eabi/4.7.3/../../../../arm-none-eabi/lib/armv7-m\libc_s.a(lib_a-init.o)
 .ARM.attributes
                0x00000794       0x2d c:/program files (x86)/cypress/psoc creator/3.0/psoc creator/import/gnu_cs/arm/4.7.3/bin/../lib/gcc/arm-none-eabi/4.7.3/../../../../arm-none-eabi/lib/armv7-m\libc_s.a(lib_a-memcpy.o)
 .ARM.attributes
                0x000007c1       0x2d c:/program files (x86)/cypress/psoc creator/3.0/psoc creator/import/gnu_cs/arm/4.7.3/bin/../lib/gcc/arm-none-eabi/4.7.3/../../../../arm-none-eabi/lib/armv7-m\libc_s.a(lib_a-memset.o)
 .ARM.attributes
                0x000007ee       0x2d c:/program files (x86)/cypress/psoc creator/3.0/psoc creator/import/gnu_cs/arm/4.7.3/bin/../lib/gcc/arm-none-eabi/4.7.3/../../../../arm-none-eabi/lib/armv7-m\libc_s.a(lib_a-strcpy.o)
 .ARM.attributes
                0x0000081b       0x2d c:/program files (x86)/cypress/psoc creator/3.0/psoc creator/import/gnu_cs/arm/4.7.3/bin/../lib/gcc/arm-none-eabi/4.7.3/armv7-m/crtend.o
 .ARM.attributes
                0x00000848       0x1d c:/program files (x86)/cypress/psoc creator/3.0/psoc creator/import/gnu_cs/arm/4.7.3/bin/../lib/gcc/arm-none-eabi/4.7.3/armv7-m/crtn.o

/DISCARD/
 *(.note.GNU-stack)
OUTPUT(.\CortexM3\ARM_GCC_473\Debug\Networking Project.elf elf32-littlearm)
