Archive member included because of file (symbol)

.\CortexM3\ARM_GCC_473\Debug\usbCharBin.a(cyfitter_cfg.o)
                              .\CortexM3\ARM_GCC_473\Debug\Cm3Start.o (cyfitter_cfg)
.\CortexM3\ARM_GCC_473\Debug\usbCharBin.a(USB.o)
                              .\CortexM3\ARM_GCC_473\Debug\main.o (USB_Start)
.\CortexM3\ARM_GCC_473\Debug\usbCharBin.a(USB_cdc.o)
                              .\CortexM3\ARM_GCC_473\Debug\main.o (USB_CDC_Init)
.\CortexM3\ARM_GCC_473\Debug\usbCharBin.a(USB_drv.o)
                              .\CortexM3\ARM_GCC_473\Debug\usbCharBin.a(USB.o) (USB_EP)
.\CortexM3\ARM_GCC_473\Debug\usbCharBin.a(USB_episr.o)
                              .\CortexM3\ARM_GCC_473\Debug\usbCharBin.a(USB.o) (USB_EP_1_ISR)
.\CortexM3\ARM_GCC_473\Debug\usbCharBin.a(USB_hid.o)
                              .\CortexM3\ARM_GCC_473\Debug\usbCharBin.a(USB.o) (USB_hidProtocol)
.\CortexM3\ARM_GCC_473\Debug\usbCharBin.a(USB_std.o)
                              .\CortexM3\ARM_GCC_473\Debug\usbCharBin.a(USB_drv.o) (USB_HandleStandardRqst)
.\CortexM3\ARM_GCC_473\Debug\usbCharBin.a(USB_vnd.o)
                              .\CortexM3\ARM_GCC_473\Debug\usbCharBin.a(USB_drv.o) (USB_HandleVendorRqst)
.\CortexM3\ARM_GCC_473\Debug\usbCharBin.a(isr_sendData.o)
                              .\CortexM3\ARM_GCC_473\Debug\main.o (isr_sendData_StartEx)
.\CortexM3\ARM_GCC_473\Debug\usbCharBin.a(Timer_sendData.o)
                              .\CortexM3\ARM_GCC_473\Debug\main.o (Timer_sendData_Start)
.\CortexM3\ARM_GCC_473\Debug\usbCharBin.a(Timer_sendData_PM.o)
                              .\CortexM3\ARM_GCC_473\Debug\main.o (Timer_sendData_Sleep)
.\CortexM3\ARM_GCC_473\Debug\usbCharBin.a(CyBootAsmGnu.o)
                              .\CortexM3\ARM_GCC_473\Debug\usbCharBin.a(cyfitter_cfg.o) (CyDelayCycles)
.\CortexM3\ARM_GCC_473\Debug\usbCharBin.a(CyLib.o)
                              .\CortexM3\ARM_GCC_473\Debug\Cm3Start.o (CyResetStatus)
.\CortexM3\ARM_GCC_473\Debug\usbCharBin.a(cyPm.o)
                              .\CortexM3\ARM_GCC_473\Debug\usbCharBin.a(CyLib.o) (CyPmReadStatus)
.\CortexM3\ARM_GCC_473\Debug\usbCharBin.a(USB_cls.o)
                              .\CortexM3\ARM_GCC_473\Debug\usbCharBin.a(USB_drv.o) (USB_DispatchClassRqst)
.\CortexM3\ARM_GCC_473\Debug\usbCharBin.a(USB_descr.o)
                              .\CortexM3\ARM_GCC_473\Debug\usbCharBin.a(USB_std.o) (USB_DEVICE0_DESCR)
.\CortexM3\ARM_GCC_473\Debug\usbCharBin.a(CyFlash.o)
                              .\CortexM3\ARM_GCC_473\Debug\usbCharBin.a(cyPm.o) (CyFlash_SetWaitCycles)
.\CortexM3\ARM_GCC_473\Debug\usbCharBin.a(CySpc.o)
                              .\CortexM3\ARM_GCC_473\Debug\usbCharBin.a(CyFlash.o) (CySpcStart)
c:/program files (x86)/cypress/psoc creator/3.0/psoc creator/import/gnu_cs/arm/4.7.3/bin/../lib/gcc/arm-none-eabi/4.7.3/armv7-m\libgcc.a(_arm_addsubdf3.o)
                              .\CortexM3\ARM_GCC_473\Debug\main.o (__aeabi_dadd)
c:/program files (x86)/cypress/psoc creator/3.0/psoc creator/import/gnu_cs/arm/4.7.3/bin/../lib/gcc/arm-none-eabi/4.7.3/armv7-m\libgcc.a(_arm_muldivdf3.o)
                              .\CortexM3\ARM_GCC_473\Debug\main.o (__aeabi_dmul)
c:/program files (x86)/cypress/psoc creator/3.0/psoc creator/import/gnu_cs/arm/4.7.3/bin/../lib/gcc/arm-none-eabi/4.7.3/armv7-m\libgcc.a(_arm_fixdfsi.o)
                              .\CortexM3\ARM_GCC_473\Debug\main.o (__aeabi_d2iz)
c:/program files (x86)/cypress/psoc creator/3.0/psoc creator/import/gnu_cs/arm/4.7.3/bin/../lib/gcc/arm-none-eabi/4.7.3/../../../../arm-none-eabi/lib/armv7-m\libc_s.a(lib_a-__atexit2.o)
                              c:/program files (x86)/cypress/psoc creator/3.0/psoc creator/import/gnu_cs/arm/4.7.3/bin/../lib/gcc/arm-none-eabi/4.7.3/../../../../arm-none-eabi/lib/armv7-m/crt0.o (__register_exitproc)
c:/program files (x86)/cypress/psoc creator/3.0/psoc creator/import/gnu_cs/arm/4.7.3/bin/../lib/gcc/arm-none-eabi/4.7.3/../../../../arm-none-eabi/lib/armv7-m\libc_s.a(lib_a-exit.o)
                              c:/program files (x86)/cypress/psoc creator/3.0/psoc creator/import/gnu_cs/arm/4.7.3/bin/../lib/gcc/arm-none-eabi/4.7.3/../../../../arm-none-eabi/lib/armv7-m/crt0.o (exit)
c:/program files (x86)/cypress/psoc creator/3.0/psoc creator/import/gnu_cs/arm/4.7.3/bin/../lib/gcc/arm-none-eabi/4.7.3/../../../../arm-none-eabi/lib/armv7-m\libc_s.a(lib_a-fini.o)
                              c:/program files (x86)/cypress/psoc creator/3.0/psoc creator/import/gnu_cs/arm/4.7.3/bin/../lib/gcc/arm-none-eabi/4.7.3/../../../../arm-none-eabi/lib/armv7-m/crt0.o (__libc_fini_array)
c:/program files (x86)/cypress/psoc creator/3.0/psoc creator/import/gnu_cs/arm/4.7.3/bin/../lib/gcc/arm-none-eabi/4.7.3/../../../../arm-none-eabi/lib/armv7-m\libc_s.a(lib_a-impure.o)
[...]
Memory Configuration

Name             Origin             Length             Attributes
rom              0x00000000         0x00040000         xr
ram              0x1fff8000         0x00010000         xrw
*default*        0x00000000         0xffffffff

Linker script and memory map

LOAD c:/program files (x86)/cypress/psoc creator/3.0/psoc creator/import/gnu_cs/arm/4.7.3/bin/../lib/gcc/arm-none-eabi/4.7.3/armv7-m/crti.o
LOAD c:/program files (x86)/cypress/psoc creator/3.0/psoc creator/import/gnu_cs/arm/4.7.3/bin/../lib/gcc/arm-none-eabi/4.7.3/armv7-m/crtbegin.o
LOAD c:/program files (x86)/cypress/psoc creator/3.0/psoc creator/import/gnu_cs/arm/4.7.3/bin/../lib/gcc/arm-none-eabi/4.7.3/../../../../arm-none-eabi/lib/armv7-m/crt0.o
START GROUP
LOAD .\CortexM3\ARM_GCC_473\Debug\main.o
LOAD .\CortexM3\ARM_GCC_473\Debug\cymetadata.o
LOAD .\CortexM3\ARM_GCC_473\Debug\Cm3Start.o
LOAD .\CortexM3\ARM_GCC_473\Debug\usbCharBin.a
LOAD C:\Program Files (x86)\Cypress\PSoC Creator\3.0\PSoC Creator\psoc\content\cycomponentlibrary\CyComponentLibrary.cylib\CortexM3\ARM_GCC_473\Debug\CyComponentLibrary.a
END GROUP
START GROUP
LOAD c:/program files (x86)/cypress/psoc creator/3.0/psoc creator/import/gnu_cs/arm/4.7.3/bin/../lib/gcc/arm-none-eabi/4.7.3/armv7-m\libgcc.a
LOAD c:/program files (x86)/cypress/psoc creator/3.0/psoc creator/import/gnu_cs/arm/4.7.3/bin/../lib/gcc/arm-none-eabi/4.7.3/../../../../arm-none-eabi/lib/armv7-m\libc_s.a
END GROUP
LOAD c:/program files (x86)/cypress/psoc creator/3.0/psoc creator/import/gnu_cs/arm/4.7.3/bin/../lib/gcc/arm-none-eabi/4.7.3/armv7-m/crtend.o
LOAD c:/program files (x86)/cypress/psoc creator/3.0/psoc creator/import/gnu_cs/arm/4.7.3/bin/../lib/gcc/arm-none-eabi/4.7.3/armv7-m/crtn.o
START GROUP
LOAD c:/program files (x86)/cypress/psoc creator/3.0/psoc creator/import/gnu_cs/arm/4.7.3/bin/../lib/gcc/arm-none-eabi/4.7.3/armv7-m\libgcc.a
LOAD c:/program files (x86)/cypress/psoc creator/3.0/psoc creator/import/gnu_cs/arm/4.7.3/bin/../lib/gcc/arm-none-eabi/4.7.3/../../../../arm-none-eabi/lib/armv7-m\libc.a
LOAD c:/program files (x86)/cypress/psoc creator/3.0/psoc creator/import/gnu_cs/arm/4.7.3/bin/../lib/gcc/arm-none-eabi/4.7.3/../../../../arm-none-eabi/lib/armv7-m\libnosys.a
END GROUP
                0x00000000                CY_APPL_ORIGIN = 0x0
                0x00000100                CY_FLASH_ROW_SIZE = 0x100
                0x00000020                CY_ECC_ROW_SIZE = 0x20
                0x00000000                CY_EE_IN_BTLDR = 0x0
                0x00000000                CY_APPL_LOADABLE = 0x0
                0x00000800                CY_EE_SIZE = 0x800
                0x00000001                CY_APPL_NUM = 0x1
                0x00000001                CY_APPL_MAX = 0x1
                0x00000040                CY_METADATA_SIZE = 0x40
                0x1fff8600                PROVIDE (__cy_heap_start, _end)
                0x00000001                PROVIDE (__cy_region_num, ((__cy_regions_end - __cy_regions) / 0x10))
                0x20008000                PROVIDE (__cy_stack, (ORIGIN (ram) + 0x10000))
                0x20004000                PROVIDE (__cy_heap_end, (__cy_stack - 0x4000))

.cybootloader   0x00000000        0x0
 *(.cybootloader)
                0x00000000                appl1_start = CY_APPL_ORIGIN?CY_APPL_ORIGIN:ALIGN (CY_FLASH_ROW_SIZE)
                0x0001ff00                appl2_start = (appl1_start + ALIGN ((((0x40000 - appl1_start) - (0x2 * CY_FLASH_ROW_SIZE)) / 0x2), CY_FLASH_ROW_SIZE))
                0x00000000                appl_start = (CY_APPL_NUM == 0x1)?appl1_start:appl2_start
                0x00000000                ecc_offset = ((appl_start / CY_FLASH_ROW_SIZE) * CY_ECC_ROW_SIZE)
                0x00000000                ee_offset = (CY_APPL_LOADABLE && ! (CY_EE_IN_BTLDR))?((CY_EE_SIZE / CY_APPL_MAX) * (CY_APPL_NUM - 0x1)):0x0
                0x00000800                ee_size = (CY_APPL_LOADABLE && ! (CY_EE_IN_BTLDR))?(CY_EE_SIZE / CY_APPL_MAX):CY_EE_SIZE
                0x00000000                PROVIDE (CY_ECC_OFFSET, ecc_offset)

.text           0x00000000     0x4492
 CREATE_OBJECT_SYMBOLS
                0x00000000                PROVIDE (__cy_interrupt_vector, RomVectors)
 *(.romvectors)
 .romvectors    0x00000000       0x10 .\CortexM3\ARM_GCC_473\Debug\Cm3Start.o
                0x00000000                RomVectors
                0x00000001                ASSERT ((. != __cy_interrupt_vector), No interrupt vector)
                0x00000001                ASSERT (CY_APPL_ORIGIN?(SIZEOF (.cybootloader) <= CY_APPL_ORIGIN):0x1, Wrong image location)
                0x00000010                PROVIDE (__cy_reset, Reset)
 *(.text.Reset)
 .text.Reset    0x00000010       0x1c .\CortexM3\ARM_GCC_473\Debug\Cm3Start.o
                0x00000010                Reset
                0x00000001                ASSERT ((. != __cy_reset), No reset code)
 *(.dma_init)
                0x00000001                ASSERT ((((appl_start + .) <= 0x10000) || 0x1), DMA Init must be within the first 64k of flash)
 *(.text .text.* .gnu.linkonce.t.*)
 .text          0x0000002c       0x54 c:/program files (x86)/cypress/psoc creator/3.0/psoc creator/import/gnu_cs/arm/4.7.3/bin/../lib/gcc/arm-none-eabi/4.7.3/armv7-m/crtbegin.o
 .text.isr_sendingData
                0x00000080       0x24 .\CortexM3\ARM_GCC_473\Debug\main.o
                0x00000080                isr_sendingData
 .text.mystrrev
                0x000000a4       0xc8 .\CortexM3\ARM_GCC_473\Debug\main.o
                0x000000a4                mystrrev
 .text.decimal_hex
                0x0000016c       0xf8 .\CortexM3\ARM_GCC_473\Debug\main.o
                0x0000016c                decimal_hex
 .text.main     0x00000264      0x8bc .\CortexM3\ARM_GCC_473\Debug\main.o
                0x00000264                main
 .text.init     0x00000b20       0x98 .\CortexM3\ARM_GCC_473\Debug\main.o
                0x00000b20                init
 .text.IntDefaultHandler
                0x00000bb8        0x8 .\CortexM3\ARM_GCC_473\Debug\Cm3Start.o
                0x00000bb8                IntDefaultHandler
 .text.Start_c  0x00000bc0       0xcc .\CortexM3\ARM_GCC_473\Debug\Cm3Start.o
                0x00000bc0                Start_c
 .text.initialize_psoc
                0x00000c8c       0xb4 .\CortexM3\ARM_GCC_473\Debug\Cm3Start.o
                0x00000c8c                initialize_psoc
 .text.CYMEMZERO
                0x00000d40       0x20 .\CortexM3\ARM_GCC_473\Debug\usbCharBin.a(cyfitter_cfg.o)
 .text.CYCONFIGCPY
                0x00000d60       0x20 .\CortexM3\ARM_GCC_473\Debug\usbCharBin.a(cyfitter_cfg.o)
 .text.cfg_write_bytes32
                0x00000d80       0x84 .\CortexM3\ARM_GCC_473\Debug\usbCharBin.a(cyfitter_cfg.o)
 .text.ClockSetup
                0x00000e04      0x10c .\CortexM3\ARM_GCC_473\Debug\usbCharBin.a(cyfitter_cfg.o)
 .text.AnalogSetDefault
                0x00000f10       0x50 .\CortexM3\ARM_GCC_473\Debug\usbCharBin.a(cyfitter_cfg.o)
 .text.cyfitter_cfg
                0x00000f60      0x160 .\CortexM3\ARM_GCC_473\Debug\usbCharBin.a(cyfitter_cfg.o)
                0x00000f60                cyfitter_cfg
 .text.USB_Start
                0x000010c0       0x44 .\CortexM3\ARM_GCC_473\Debug\usbCharBin.a(USB.o)
                0x000010c0                USB_Start
 .text.USB_Init
                0x00001104      0x238 .\CortexM3\ARM_GCC_473\Debug\usbCharBin.a(USB.o)
                0x00001104                USB_Init
 .text.USB_InitComponent
                0x0000133c      0x160 .\CortexM3\ARM_GCC_473\Debug\usbCharBin.a(USB.o)
                0x0000133c                USB_InitComponent
 .text.USB_ReInitComponent
                0x0000149c       0xb4 .\CortexM3\ARM_GCC_473\Debug\usbCharBin.a(USB.o)
                0x0000149c                USB_ReInitComponent
 .text.USB_GetConfiguration
                0x00001550       0x18 .\CortexM3\ARM_GCC_473\Debug\usbCharBin.a(USB.o)
                0x00001550                USB_GetConfiguration
 .text.USB_GetEPCount
                0x00001568       0x74 .\CortexM3\ARM_GCC_473\Debug\usbCharBin.a(USB.o)
                0x00001568                USB_GetEPCount
 .text.USB_LoadInEP
                0x000015dc      0x150 .\CortexM3\ARM_GCC_473\Debug\usbCharBin.a(USB.o)
                0x000015dc                USB_LoadInEP
 .text.USB_ReadOutEP
                0x0000172c       0x98 .\CortexM3\ARM_GCC_473\Debug\usbCharBin.a(USB.o)
                0x0000172c                USB_ReadOutEP
 .text.USB_EnableOutEP
                0x000017c4       0x78 .\CortexM3\ARM_GCC_473\Debug\usbCharBin.a(USB.o)
                0x000017c4                USB_EnableOutEP
 .text.USB_DispatchCDCClassRqst
                0x0000183c      0x11c .\CortexM3\ARM_GCC_473\Debug\usbCharBin.a(USB_cdc.o)
                0x0000183c                USB_DispatchCDCClassRqst
 .text.USB_CDC_Init
                0x00001958       0x28 .\CortexM3\ARM_GCC_473\Debug\usbCharBin.a(USB_cdc.o)
                0x00001958                USB_CDC_Init
 .text.USB_PutData
                0x00001980       0x94 .\CortexM3\ARM_GCC_473\Debug\usbCharBin.a(USB_cdc.o)
                0x00001980                USB_PutData
 .text.USB_PutChar
                0x00001a14       0x34 .\CortexM3\ARM_GCC_473\Debug\usbCharBin.a(USB_cdc.o)
                0x00001a14                USB_PutChar
 .text.USB_DataIsReady
                0x00001a48       0x34 .\CortexM3\ARM_GCC_473\Debug\usbCharBin.a(USB_cdc.o)
                0x00001a48                USB_DataIsReady
 .text.USB_CDCIsReady
                0x00001a7c       0x34 .\CortexM3\ARM_GCC_473\Debug\usbCharBin.a(USB_cdc.o)
                0x00001a7c                USB_CDCIsReady
 .text.USB_GetAll
                0x00001ab0       0x54 .\CortexM3\ARM_GCC_473\Debug\usbCharBin.a(USB_cdc.o)
                0x00001ab0                USB_GetAll
 .text.USB_EP_0_ISR
                0x00001b04      0x140 .\CortexM3\ARM_GCC_473\Debug\usbCharBin.a(USB_drv.o)
                0x00001b04                USB_EP_0_ISR
 .text.USB_HandleSetup
                0x00001c44       0xa8 .\CortexM3\ARM_GCC_473\Debug\usbCharBin.a(USB_drv.o)
                0x00001c44                USB_HandleSetup
 .text.USB_HandleIN
                0x00001cec       0x50 .\CortexM3\ARM_GCC_473\Debug\usbCharBin.a(USB_drv.o)
                0x00001cec                USB_HandleIN
 .text.USB_HandleOUT
                0x00001d3c       0x60 .\CortexM3\ARM_GCC_473\Debug\usbCharBin.a(USB_drv.o)
                0x00001d3c                USB_HandleOUT
 .text.USB_LoadEP0
                0x00001d9c      0x138 .\CortexM3\ARM_GCC_473\Debug\usbCharBin.a(USB_drv.o)
                0x00001d9c                USB_LoadEP0
 .text.USB_InitControlRead
                0x00001ed4       0x90 .\CortexM3\ARM_GCC_473\Debug\usbCharBin.a(USB_drv.o)
                0x00001ed4                USB_InitControlRead
 .text.USB_InitZeroLengthControlTransfer
                0x00001f64       0x58 .\CortexM3\ARM_GCC_473\Debug\usbCharBin.a(USB_drv.o)
                0x00001f64                USB_InitZeroLengthControlTransfer
 .text.USB_ControlReadDataStage
                0x00001fbc        0xc .\CortexM3\ARM_GCC_473\Debug\usbCharBin.a(USB_drv.o)
                0x00001fbc                USB_ControlReadDataStage
 .text.USB_ControlReadStatusStage
                0x00001fc8       0x54 .\CortexM3\ARM_GCC_473\Debug\usbCharBin.a(USB_drv.o)
                0x00001fc8                USB_ControlReadStatusStage
 .text.USB_InitControlWrite
                0x0000201c       0x84 .\CortexM3\ARM_GCC_473\Debug\usbCharBin.a(USB_drv.o)
                0x0000201c                USB_InitControlWrite
 .text.USB_ControlWriteDataStage
                0x000020a0       0xfc .\CortexM3\ARM_GCC_473\Debug\usbCharBin.a(USB_drv.o)
                0x000020a0                USB_ControlWriteDataStage
 .text.USB_ControlWriteStatusStage
                0x0000219c       0x2c .\CortexM3\ARM_GCC_473\Debug\usbCharBin.a(USB_drv.o)
                0x0000219c                USB_ControlWriteStatusStage
 .text.USB_InitNoDataControlTransfer
                0x000021c8       0x48 .\CortexM3\ARM_GCC_473\Debug\usbCharBin.a(USB_drv.o)
                0x000021c8                USB_InitNoDataControlTransfer
 .text.USB_NoDataControlStatusStage
                0x00002210       0x64 .\CortexM3\ARM_GCC_473\Debug\usbCharBin.a(USB_drv.o)
                0x00002210                USB_NoDataControlStatusStage
 .text.USB_UpdateStatusBlock
                0x00002274       0x58 .\CortexM3\ARM_GCC_473\Debug\usbCharBin.a(USB_drv.o)
                0x00002274                USB_UpdateStatusBlock
 .text.USB_InitializeStatusBlock
                0x000022cc       0x48 .\CortexM3\ARM_GCC_473\Debug\usbCharBin.a(USB_drv.o)
                0x000022cc                USB_InitializeStatusBlock
 .text.USB_EP_1_ISR
                0x00002314       0x74 .\CortexM3\ARM_GCC_473\Debug\usbCharBin.a(USB_episr.o)
                0x00002314                USB_EP_1_ISR
 .text.USB_EP_2_ISR
                0x00002388       0x74 .\CortexM3\ARM_GCC_473\Debug\usbCharBin.a(USB_episr.o)
                0x00002388                USB_EP_2_ISR
 .text.USB_EP_3_ISR
                0x000023fc       0x7c .\CortexM3\ARM_GCC_473\Debug\usbCharBin.a(USB_episr.o)
                0x000023fc                USB_EP_3_ISR
 .text.USB_SOF_ISR
                0x00002478        0xc .\CortexM3\ARM_GCC_473\Debug\usbCharBin.a(USB_episr.o)
                0x00002478                USB_SOF_ISR
 .text.USB_BUS_RESET_ISR
                0x00002484        0xc .\CortexM3\ARM_GCC_473\Debug\usbCharBin.a(USB_episr.o)
                0x00002484                USB_BUS_RESET_ISR
 .text.USB_DispatchHIDClassRqst
                0x00002490      0x2bc .\CortexM3\ARM_GCC_473\Debug\usbCharBin.a(USB_hid.o)
                0x00002490                USB_DispatchHIDClassRqst
 .text.USB_FindHidClassDecriptor
                0x0000274c       0x94 .\CortexM3\ARM_GCC_473\Debug\usbCharBin.a(USB_hid.o)
                0x0000274c                USB_FindHidClassDecriptor
 .text.USB_FindReportDescriptor
                0x000027e0       0xac .\CortexM3\ARM_GCC_473\Debug\usbCharBin.a(USB_hid.o)
                0x000027e0                USB_FindReportDescriptor
 .text.USB_FindReport
                0x0000288c      0x100 .\CortexM3\ARM_GCC_473\Debug\usbCharBin.a(USB_hid.o)
                0x0000288c                USB_FindReport
 .text.USB_HandleStandardRqst
                0x0000298c      0x654 .\CortexM3\ARM_GCC_473\Debug\usbCharBin.a(USB_std.o)
                0x0000298c                USB_HandleStandardRqst
 .text.USB_ReadDieID
                0x00002fe0       0xa8 .\CortexM3\ARM_GCC_473\Debug\usbCharBin.a(USB_std.o)
                0x00002fe0                USB_ReadDieID
 .text.USB_ConfigReg
                0x00003088      0x204 .\CortexM3\ARM_GCC_473\Debug\usbCharBin.a(USB_std.o)
                0x00003088                USB_ConfigReg
 .text.USB_Config
                0x0000328c      0x474 .\CortexM3\ARM_GCC_473\Debug\usbCharBin.a(USB_std.o)
                0x0000328c                USB_Config
 .text.USB_ConfigAltChanged
                0x00003700      0x354 .\CortexM3\ARM_GCC_473\Debug\usbCharBin.a(USB_std.o)
                0x00003700                USB_ConfigAltChanged
 .text.USB_GetConfigTablePtr
                0x00003a54       0x60 .\CortexM3\ARM_GCC_473\Debug\usbCharBin.a(USB_std.o)
                0x00003a54                USB_GetConfigTablePtr
 .text.USB_GetDeviceTablePtr
                0x00003ab4       0x28 .\CortexM3\ARM_GCC_473\Debug\usbCharBin.a(USB_std.o)
                0x00003ab4                USB_GetDeviceTablePtr
 .text.USB_GetInterfaceClassTablePtr
                0x00003adc       0x58 .\CortexM3\ARM_GCC_473\Debug\usbCharBin.a(USB_std.o)
                0x00003adc                USB_GetInterfaceClassTablePtr
 .text.USB_SetEndpointHalt
                0x00003b34      0x130 .\CortexM3\ARM_GCC_473\Debug\usbCharBin.a(USB_std.o)
                0x00003b34                USB_SetEndpointHalt
 .text.USB_ClearEndpointHalt
                0x00003c64      0x1c4 .\CortexM3\ARM_GCC_473\Debug\usbCharBin.a(USB_std.o)
                0x00003c64                USB_ClearEndpointHalt
 .text.USB_ValidateAlternateSetting
                0x00003e28       0x90 .\CortexM3\ARM_GCC_473\Debug\usbCharBin.a(USB_std.o)
                0x00003e28                USB_ValidateAlternateSetting
 .text.USB_HandleVendorRqst
                0x00003eb8       0x70 .\CortexM3\ARM_GCC_473\Debug\usbCharBin.a(USB_vnd.o)
                0x00003eb8                USB_HandleVendorRqst
 .text.isr_sendData_StartEx
                0x00003f28       0x28 .\CortexM3\ARM_GCC_473\Debug\usbCharBin.a(isr_sendData.o)
                0x00003f28                isr_sendData_StartEx
 .text.isr_sendData_SetVector
                0x00003f50       0x28 .\CortexM3\ARM_GCC_473\Debug\usbCharBin.a(isr_sendData.o)
                0x00003f50                isr_sendData_SetVector
 .text.isr_sendData_SetPriority
                0x00003f78       0x28 .\CortexM3\ARM_GCC_473\Debug\usbCharBin.a(isr_sendData.o)
                0x00003f78                isr_sendData_SetPriority
 .text.isr_sendData_Enable
                0x00003fa0       0x18 .\CortexM3\ARM_GCC_473\Debug\usbCharBin.a(isr_sendData.o)
                0x00003fa0                isr_sendData_Enable
 .text.isr_sendData_Disable
                0x00003fb8       0x18 .\CortexM3\ARM_GCC_473\Debug\usbCharBin.a(isr_sendData.o)
                0x00003fb8                isr_sendData_Disable
 .text.Timer_sendData_Init
                0x00003fd0       0xe4 .\CortexM3\ARM_GCC_473\Debug\usbCharBin.a(Timer_sendData.o)
                0x00003fd0                Timer_sendData_Init
 .text.Timer_sendData_Enable
                0x000040b4       0x60 .\CortexM3\ARM_GCC_473\Debug\usbCharBin.a(Timer_sendData.o)
                0x000040b4                Timer_sendData_Enable
 .text.Timer_sendData_Start
                0x00004114       0x2c .\CortexM3\ARM_GCC_473\Debug\usbCharBin.a(Timer_sendData.o)
                0x00004114                Timer_sendData_Start
 .text.Timer_sendData_Stop
                0x00004140       0x60 .\CortexM3\ARM_GCC_473\Debug\usbCharBin.a(Timer_sendData.o)
                0x00004140                Timer_sendData_Stop
 .text.Timer_sendData_SetInterruptMode
                0x000041a0       0x20 .\CortexM3\ARM_GCC_473\Debug\usbCharBin.a(Timer_sendData.o)
                0x000041a0                Timer_sendData_SetInterruptMode
 .text.Timer_sendData_WritePeriod
                0x000041c0       0x24 .\CortexM3\ARM_GCC_473\Debug\usbCharBin.a(Timer_sendData.o)
                0x000041c0                Timer_sendData_WritePeriod
 .text.Timer_sendData_WriteCounter
                0x000041e4       0x20 .\CortexM3\ARM_GCC_473\Debug\usbCharBin.a(Timer_sendData.o)
                0x000041e4                Timer_sendData_WriteCounter
 .text.Timer_sendData_SaveConfig
                0x00004204        0xc .\CortexM3\ARM_GCC_473\Debug\usbCharBin.a(Timer_sendData_PM.o)
                0x00004204                Timer_sendData_SaveConfig
 .text.Timer_sendData_Sleep
                0x00004210       0x40 .\CortexM3\ARM_GCC_473\Debug\usbCharBin.a(Timer_sendData_PM.o)
                0x00004210                Timer_sendData_Sleep
 .text          0x00004250       0x28 .\CortexM3\ARM_GCC_473\Debug\usbCharBin.a(CyBootAsmGnu.o)
                0x00004250                CyDelayCycles
                0x00004264                CyEnterCriticalSection
                0x0000426c                CyExitCriticalSection
 .text.CyHalt   0x00004278       0x18 .\CortexM3\ARM_GCC_473\Debug\usbCharBin.a(CyLib.o)
                0x00004278                CyHalt
 .text.CyDelayUs
                0x00004290       0x28 .\CortexM3\ARM_GCC_473\Debug\usbCharBin.a(CyLib.o)
                0x00004290                CyDelayUs
 .text.CyIntSetVector
                0x000042b8       0x60 .\CortexM3\ARM_GCC_473\Debug\usbCharBin.a(CyLib.o)
                0x000042b8                CyIntSetVector
 .text.CyIntSetPriority
                0x00004318       0x4c .\CortexM3\ARM_GCC_473\Debug\usbCharBin.a(CyLib.o)
                0x00004318                CyIntSetPriority
 .text.USB_DispatchClassRqst
                0x00004364       0xb0 .\CortexM3\ARM_GCC_473\Debug\usbCharBin.a(USB_cls.o)
                0x00004364                USB_DispatchClassRqst
 .text.__libc_init_array
                0x00004414       0x4c c:/program files (x86)/cypress/psoc creator/3.0/psoc creator/import/gnu_cs/arm/4.7.3/bin/../lib/gcc/arm-none-eabi/4.7.3/../../../../arm-none-eabi/lib/armv7-m\libc_s.a(lib_a-init.o)
                0x00004414                __libc_init_array
 .text.memcpy   0x00004460       0x12 c:/program files (x86)/cypress/psoc creator/3.0/psoc creator/import/gnu_cs/arm/4.7.3/bin/../lib/gcc/arm-none-eabi/4.7.3/../../../../arm-none-eabi/lib/armv7-m\libc_s.a(lib_a-memcpy.o)
                0x00004460                memcpy
 .text.memset   0x00004472       0x10 c:/program files (x86)/cypress/psoc creator/3.0/psoc creator/import/gnu_cs/arm/4.7.3/bin/../lib/gcc/arm-none-eabi/4.7.3/../../../../arm-none-eabi/lib/armv7-m\libc_s.a(lib_a-memset.o)
                0x00004472                memset
 .text.strcpy   0x00004482       0x10 c:/program files (x86)/cypress/psoc creator/3.0/psoc creator/import/gnu_cs/arm/4.7.3/bin/../lib/gcc/arm-none-eabi/4.7.3/../../../../arm-none-eabi/lib/armv7-m\libc_s.a(lib_a-strcpy.o)
                0x00004482                strcpy
 *(.plt)
 *(.gnu.warning)
 *(.glue_7t)
 .glue_7t       0x00000000        0x0 linker stubs
 *(.glue_7)
 .glue_7        0x00000000        0x0 linker stubs
 *(.vfp11_veneer)
 .vfp11_veneer  0x00000000        0x0 linker stubs
 *(.bootloader)
 *(.ARM.extab* .gnu.linkonce.armextab.*)
 *(.gcc_except_table)

.v4_bx          0x00004494        0x0
 .v4_bx         0x00000000        0x0 linker stubs

.iplt           0x00004494        0x0
 .iplt          0x00000000        0x0 c:/program files (x86)/cypress/psoc creator/3.0/psoc creator/import/gnu_cs/arm/4.7.3/bin/../lib/gcc/arm-none-eabi/4.7.3/armv7-m/crtbegin.o

.eh_frame_hdr
 *(.eh_frame_hdr)

.eh_frame       0x00004494        0x4
 *(.eh_frame)
 .eh_frame      0x00004494        0x0 c:/program files (x86)/cypress/psoc creator/3.0/psoc creator/import/gnu_cs/arm/4.7.3/bin/../lib/gcc/arm-none-eabi/4.7.3/armv7-m/crtbegin.o
 .eh_frame      0x00004494        0x4 c:/program files (x86)/cypress/psoc creator/3.0/psoc creator/import/gnu_cs/arm/4.7.3/bin/../lib/gcc/arm-none-eabi/4.7.3/armv7-m/crtend.o
                0x00004498                PROVIDE (__exidx_start, .)

.ARM.exidx
 *(.ARM.exidx* .gnu.linkonce.armexidx.*)
                0x00004498                __exidx_end = .

.rodata         0x00004498      0x268
 *(.rodata .rodata.* .gnu.linkonce.r.*)
 .rodata        0x00004498       0x20 .\CortexM3\ARM_GCC_473\Debug\main.o
 .rodata        0x000044b8       0x30 .\CortexM3\ARM_GCC_473\Debug\usbCharBin.a(cyfitter_cfg.o)
 .rodata        0x000044e8       0x14 .\CortexM3\ARM_GCC_473\Debug\usbCharBin.a(USB_std.o)
 .rodata        0x000044fc      0x1cc .\CortexM3\ARM_GCC_473\Debug\usbCharBin.a(USB_descr.o)
                0x000044fc                USB_DEVICE0_DESCR
                0x00004510                USB_DEVICE0_CONFIGURATION0_DESCR
                0x00004554                USB_STRING_DESCRIPTORS
                0x000045f4                USB_SN_STRING_DESCRIPTOR
                0x000045f8                USB_HIDREPORT_DESCRIPTOR1
                0x00004630                USB_DEVICE0_CONFIGURATION0_EP_SETTINGS_TABLE
                0x00004648                USB_DEVICE0_CONFIGURATION0_INTERFACE_CLASS
                0x0000464c                USB_DEVICE0_CONFIGURATION0_TABLE
                0x00004674                USB_DEVICE0_TABLE
                0x00004684                USB_TABLE
                0x0000468c                USB_MSOS_DESCRIPTOR
                0x000046a0                USB_MSOS_CONFIGURATION_DESCR
                0x000046c8                . = ALIGN (0x4)
 *(.init)
 .init          0x000046c8        0x4 c:/program files (x86)/cypress/psoc creator/3.0/psoc creator/import/gnu_cs/arm/4.7.3/bin/../lib/gcc/arm-none-eabi/4.7.3/armv7-m/crti.o
                0x000046c8                _init
 .init          0x000046cc        0x8 c:/program files (x86)/cypress/psoc creator/3.0/psoc creator/import/gnu_cs/arm/4.7.3/bin/../lib/gcc/arm-none-eabi/4.7.3/armv7-m/crtn.o
                0x000046d4                . = ALIGN (0x4)
                0x000046d4                __preinit_array_start = .
 *(.preinit_array)
                0x000046d4                __preinit_array_end = .
                0x000046d4                . = ALIGN (0x4)
                0x000046d4                __init_array_start = .
 *(SORT(.init_array.*))
 *(.init_array)
 .init_array    0x000046d4        0x4 c:/program files (x86)/cypress/psoc creator/3.0/psoc creator/import/gnu_cs/arm/4.7.3/bin/../lib/gcc/arm-none-eabi/4.7.3/armv7-m/crtbegin.o
 .init_array    0x000046d8        0x4 .\CortexM3\ARM_GCC_473\Debug\Cm3Start.o
                0x000046dc                __init_array_end = .
                0x000046dc                . = ALIGN (0x4)
 *(.fini)
 .fini          0x000046dc        0x4 c:/program files (x86)/cypress/psoc creator/3.0/psoc creator/import/gnu_cs/arm/4.7.3/bin/../lib/gcc/arm-none-eabi/4.7.3/armv7-m/crti.o
                0x000046dc                _fini
 .fini          0x000046e0        0x8 c:/program files (x86)/cypress/psoc creator/3.0/psoc creator/import/gnu_cs/arm/4.7.3/bin/../lib/gcc/arm-none-eabi/4.7.3/armv7-m/crtn.o
                0x000046e8                . = ALIGN (0x4)
                0x000046e8                __fini_array_start = .
 *(.fini_array)
 .fini_array    0x000046e8        0x4 c:/program files (x86)/cypress/psoc creator/3.0/psoc creator/import/gnu_cs/arm/4.7.3/bin/../lib/gcc/arm-none-eabi/4.7.3/armv7-m/crtbegin.o
 *(SORT(.fini_array.*))
                0x000046ec                __fini_array_end = .
                0x000046ec                . = ALIGN (0x4)
 *crtbegin.o(.ctors)
 *(EXCLUDE_FILE(*crtend.o) .ctors)
 *(SORT(.ctors.*))
 *crtend.o(.ctors)
                0x000046ec                . = ALIGN (0x4)
 *crtbegin.o(.dtors)
 *(EXCLUDE_FILE(*crtend.o) .dtors)
 *(SORT(.dtors.*))
 *crtend.o(.dtors)
                0x000046ec                . = ALIGN (0x4)
                0x000046ec                __cy_regions = .
                0x000046ec        0x4 LONG 0x4700 __cy_region_init_ram
                0x000046f0        0x4 LONG 0x1fff8108 __cy_region_start_data
                0x000046f4        0x4 LONG 0x20 __cy_region_init_size_ram
                0x000046f8        0x4 LONG 0x4d8 __cy_region_zero_size_ram
                0x000046fc                __cy_regions_end = .
                0x00004700                . = ALIGN (0x8)
 *fill*         0x000046fc        0x4 00
                0x00004700                _etext = .

.ramvectors     0x1fff8000      0x100
                0x1fff8000                __cy_region_start_ram = .
 *(.ramvectors)
 .ramvectors    0x1fff8000      0x100 .\CortexM3\ARM_GCC_473\Debug\Cm3Start.o
                0x1fff8000                CyRamVectors

.noinit         0x1fff8100        0x5
 *(.noinit)
 .noinit        0x1fff8100        0x4 .\CortexM3\ARM_GCC_473\Debug\Cm3Start.o
 .noinit        0x1fff8104        0x1 .\CortexM3\ARM_GCC_473\Debug\usbCharBin.a(CyLib.o)
                0x1fff8104                CyResetStatus

.data           0x1fff8108       0x20 load address 0x00004700
                0x1fff8108                __cy_region_start_data = .
 *(.jcr)
 .jcr           0x1fff8108        0x0 c:/program files (x86)/cypress/psoc creator/3.0/psoc creator/import/gnu_cs/arm/4.7.3/bin/../lib/gcc/arm-none-eabi/4.7.3/armv7-m/crtbegin.o
 .jcr           0x1fff8108        0x4 c:/program files (x86)/cypress/psoc creator/3.0/psoc creator/import/gnu_cs/arm/4.7.3/bin/../lib/gcc/arm-none-eabi/4.7.3/armv7-m/crtend.o
 *(.got.plt)
 *(.got)
 *(.shdata)
 *(.data .data.* .gnu.linkonce.d.*)
 .data          0x1fff810c        0x8 .\CortexM3\ARM_GCC_473\Debug\usbCharBin.a(USB_cdc.o)
                0x1fff810c                USB_lineCoding
 .data          0x1fff8114       0x10 .\CortexM3\ARM_GCC_473\Debug\usbCharBin.a(CyLib.o)
                0x1fff8114                cydelay_freq_hz
                0x1fff8118                cydelay_freq_khz
                0x1fff811c                cydelay_freq_mhz
                0x1fff8120                cydelay_32k_ms
                0x1fff8128                . = ALIGN (0x8)
 *fill*         0x1fff8124        0x4 00
 *(.ram)
                0x1fff8128                _edata = .

.igot.plt       0x1fff8128        0x0 load address 0x00004720
 .igot.plt      0x00000000        0x0 c:/program files (x86)/cypress/psoc creator/3.0/psoc creator/import/gnu_cs/arm/4.7.3/bin/../lib/gcc/arm-none-eabi/4.7.3/armv7-m/crtbegin.o

.bss            0x1fff8128      0x4d8 load address 0x00004720
                0x1fff8128                PROVIDE (__bss_start__, .)
 *(.shbss)
 *(.bss .bss.* .gnu.linkonce.b.*)
 .bss           0x1fff8128       0x1c c:/program files (x86)/cypress/psoc creator/3.0/psoc creator/import/gnu_cs/arm/4.7.3/bin/../lib/gcc/arm-none-eabi/4.7.3/armv7-m/crtbegin.o
 .bss           0x1fff8144        0xc .\CortexM3\ARM_GCC_473\Debug\main.o
                0x1fff8144                messageSize
                0x1fff8145                dataReady
                0x1fff8148                i_send
                0x1fff814c                messageBufferPosition
 .bss           0x1fff8150        0x1 .\CortexM3\ARM_GCC_473\Debug\usbCharBin.a(USB.o)
                0x1fff8150                USB_initVar
 *fill*         0x1fff8151        0x3 00
 .bss           0x1fff8154        0x4 .\CortexM3\ARM_GCC_473\Debug\usbCharBin.a(USB_std.o)
 .bss           0x1fff8158        0x1 .\CortexM3\ARM_GCC_473\Debug\usbCharBin.a(Timer_sendData.o)
                0x1fff8158                Timer_sendData_initVar
 *fill*         0x1fff8159        0x3 00
 .bss           0x1fff815c        0x4 .\CortexM3\ARM_GCC_473\Debug\usbCharBin.a(Timer_sendData_PM.o)
 *(COMMON)
 COMMON         0x1fff8160      0x3cc .\CortexM3\ARM_GCC_473\Debug\main.o
                0x1fff8160                packetSend
                0x1fff83e0                packetUSB
                0x1fff8430                messageReady
                0x1fff8434                dec
                0x1fff8438                usb
                0x1fff8488                packetBin
                0x1fff848c                hex
 COMMON         0x1fff852c        0x5 .\CortexM3\ARM_GCC_473\Debug\usbCharBin.a(USB_cdc.o)
                0x1fff852c                USB_lineControlBitmap
                0x1fff852e                USB_cdc_data_out_ep
                0x1fff852f                USB_lineChanged
                0x1fff8530                USB_cdc_data_in_ep
 *fill*         0x1fff8531        0x3 00
 COMMON         0x1fff8534       0x98 .\CortexM3\ARM_GCC_473\Debug\usbCharBin.a(USB_drv.o)
                0x1fff8534                USB_transferState
                0x1fff8535                USB_interfaceNumber
                0x1fff8536                USB_lastPacketSize
                0x1fff8538                USB_interfaceClass
                0x1fff853c                USB_interfaceSetting
                0x1fff853e                USB_ep0Mode
                0x1fff853f                USB_device
                0x1fff8540                USB_deviceAddress
                0x1fff8541                USB_ep0Toggle
                0x1fff8542                USB_configurationChanged
                0x1fff8544                USB_interfaceStatus
                0x1fff8546                USB_transferByteCount
                0x1fff8548                USB_configuration
                0x1fff854c                USB_interfaceSetting_last
                0x1fff8550                USB_currentTD
                0x1fff855c                USB_ep0Count
                0x1fff855d                USB_deviceStatus
                0x1fff8560                USB_EP
 COMMON         0x1fff85cc        0xa .\CortexM3\ARM_GCC_473\Debug\usbCharBin.a(USB_hid.o)
                0x1fff85cc                USB_hidProtocol
                0x1fff85d0                USB_hidIdleRate
                0x1fff85d4                USB_hidIdleTimer
 *fill*         0x1fff85d6        0x2 00
 COMMON         0x1fff85d8       0x22 .\CortexM3\ARM_GCC_473\Debug\usbCharBin.a(USB_descr.o)
                0x1fff85d8                USB_idSerialNumberStringDescriptor
                0x1fff8600                . = ALIGN (0x8)
 *fill*         0x1fff85fa        0x6 00
 *(.ram.b)
                0x1fff8600                _end = .
                0x1fff8600                __end = .
                0x1fff8600                PROVIDE (end, .)
                0x1fff8600                PROVIDE (__bss_end__, .)
                0x00004700                __cy_region_init_ram = LOADADDR (.data)
                0x00000020                __cy_region_init_size_ram = (_edata - ADDR (.data))
                0x000004d8                __cy_region_zero_size_ram = (_end - _edata)

.heap           0x1fff8600     0x1000 load address 0x00004720
                0x1fff8600                . = _end
                0x1fff9600                . = (. + 0x1000)
 *fill*         0x1fff8600     0x1000 00
                0x1fff9600                __cy_heap_limit = .

.stack          0x20004000     0x4000
                0x20004000                __cy_stack_limit = .
                0x20008000                . = (. + 0x4000)
 *fill*         0x20004000     0x4000 00
                0x00000001                ASSERT ((__cy_stack_limit >= __cy_heap_limit), region RAM overflowed with stack)

.cyloadermeta
 *(.cyloadermeta)

.cyloadablemeta
 *(.cyloadablemeta)

.cyconfigecc    0x80000000       0xa4
 *(.cyconfigecc)
 .cyconfigecc   0x80000000       0xa4 .\CortexM3\ARM_GCC_473\Debug\cymetadata.o
                0x80000000                cy_meta_configecc

.cycustnvl      0x90000000        0x4
 *(.cycustnvl)
 .cycustnvl     0x90000000        0x4 .\CortexM3\ARM_GCC_473\Debug\cymetadata.o
                0x90000000                cy_meta_custnvl

.cywolatch      0x90100000        0x4
 *(.cywolatch)
 .cywolatch     0x90100000        0x4 .\CortexM3\ARM_GCC_473\Debug\cymetadata.o
                0x90100000                cy_meta_wonvl

.cyeeprom       0x90200000        0x0
 *(.cyeeprom)
                0x00000001                ASSERT ((. <= ((0x90200000 + ee_offset) + ee_size)), .cyeeprom data will not fit in EEPROM)

.cyflashprotect
                0x90400000      0x100
 *(.cyflashprotect)
 .cyflashprotect
                0x90400000      0x100 .\CortexM3\ARM_GCC_473\Debug\cymetadata.o
                0x90400000                cy_meta_flashprotect

.cymeta         0x90500000        0xc
 *(.cymeta)
 .cymeta        0x90500000        0xc .\CortexM3\ARM_GCC_473\Debug\cymetadata.o
                0x90500000                cy_metadata

.rel.dyn        0x00004720        0x0 load address 0x9050000c
 .rel.iplt      0x00000000        0x0 c:/program files (x86)/cypress/psoc creator/3.0/psoc creator/import/gnu_cs/arm/4.7.3/bin/../lib/gcc/arm-none-eabi/4.7.3/armv7-m/crtbegin.o

.stab
 *(.stab)

.stabstr
 *(.stabstr)

.debug
 *(.debug)

.line
 *(.line)

.debug_srcinfo
 *(.debug_srcinfo)

.debug_sfnames
 *(.debug_sfnames)

.debug_aranges  0x00000000      0x930
 *(.debug_aranges)
 .debug_aranges
                0x00000000       0x48 .\CortexM3\ARM_GCC_473\Debug\main.o
 .debug_aranges
                0x00000048       0x18 .\CortexM3\ARM_GCC_473\Debug\cymetadata.o
 .debug_aranges
                0x00000060       0x40 .\CortexM3\ARM_GCC_473\Debug\Cm3Start.o
 .debug_aranges
                0x000000a0       0x58 .\CortexM3\ARM_GCC_473\Debug\usbCharBin.a(cyfitter_cfg.o)
 .debug_aranges
                0x000000f8       0xb0 .\CortexM3\ARM_GCC_473\Debug\usbCharBin.a(USB.o)
 .debug_aranges
                0x000001a8       0xb0 .\CortexM3\ARM_GCC_473\Debug\usbCharBin.a(USB_cdc.o)
 .debug_aranges
                0x00000258       0x98 .\CortexM3\ARM_GCC_473\Debug\usbCharBin.a(USB_drv.o)
 .debug_aranges
                0x000002f0       0x40 .\CortexM3\ARM_GCC_473\Debug\usbCharBin.a(USB_episr.o)
 .debug_aranges
                0x00000330       0x48 .\CortexM3\ARM_GCC_473\Debug\usbCharBin.a(USB_hid.o)
 .debug_aranges
                0x00000378       0x78 .\CortexM3\ARM_GCC_473\Debug\usbCharBin.a(USB_std.o)
 .debug_aranges
                0x000003f0       0x20 .\CortexM3\ARM_GCC_473\Debug\usbCharBin.a(USB_vnd.o)
 .debug_aranges
                0x00000410       0x80 .\CortexM3\ARM_GCC_473\Debug\usbCharBin.a(isr_sendData.o)
 .debug_aranges
                0x00000490       0x88 .\CortexM3\ARM_GCC_473\Debug\usbCharBin.a(Timer_sendData.o)
 .debug_aranges
                0x00000518       0x38 .\CortexM3\ARM_GCC_473\Debug\usbCharBin.a(Timer_sendData_PM.o)
 .debug_aranges
                0x00000550       0x20 .\CortexM3\ARM_GCC_473\Debug\usbCharBin.a(CyBootAsmGnu.o)
 .debug_aranges
                0x00000570      0x218 .\CortexM3\ARM_GCC_473\Debug\usbCharBin.a(CyLib.o)
 .debug_aranges
                0x00000788       0x90 .\CortexM3\ARM_GCC_473\Debug\usbCharBin.a(cyPm.o)
 .debug_aranges
                0x00000818       0x20 .\CortexM3\ARM_GCC_473\Debug\usbCharBin.a(USB_cls.o)
 .debug_aranges
                0x00000838       0x18 .\CortexM3\ARM_GCC_473\Debug\usbCharBin.a(USB_descr.o)
 .debug_aranges
                0x00000850       0x78 .\CortexM3\ARM_GCC_473\Debug\usbCharBin.a(CyFlash.o)
 .debug_aranges
                0x000008c8       0x68 .\CortexM3\ARM_GCC_473\Debug\usbCharBin.a(CySpc.o)

.debug_pubnames
 *(.debug_pubnames)

.debug_info     0x00000000     0x51fb
 *(.debug_info .gnu.linkonce.wi.*)
 .debug_info    0x00000000      0x3a7 .\CortexM3\ARM_GCC_473\Debug\main.o
 .debug_info    0x000003a7      0x13e .\CortexM3\ARM_GCC_473\Debug\cymetadata.o
 .debug_info    0x000004e5      0x2ea .\CortexM3\ARM_GCC_473\Debug\Cm3Start.o
 .debug_info    0x000007cf      0x396 .\CortexM3\ARM_GCC_473\Debug\usbCharBin.a(cyfitter_cfg.o)
 .debug_info    0x00000b65      0x68b .\CortexM3\ARM_GCC_473\Debug\usbCharBin.a(USB.o)
 .debug_info    0x000011f0      0x5f7 .\CortexM3\ARM_GCC_473\Debug\usbCharBin.a(USB_cdc.o)
 .debug_info    0x000017e7      0x56e .\CortexM3\ARM_GCC_473\Debug\usbCharBin.a(USB_drv.o)
 .debug_info    0x00001d55      0x1d6 .\CortexM3\ARM_GCC_473\Debug\usbCharBin.a(USB_episr.o)
 .debug_info    0x00001f2b      0x386 .\CortexM3\ARM_GCC_473\Debug\usbCharBin.a(USB_hid.o)
 .debug_info    0x000022b1      0x84c .\CortexM3\ARM_GCC_473\Debug\usbCharBin.a(USB_std.o)
 .debug_info    0x00002afd      0x18d .\CortexM3\ARM_GCC_473\Debug\usbCharBin.a(USB_vnd.o)
 .debug_info    0x00002c8a      0x278 .\CortexM3\ARM_GCC_473\Debug\usbCharBin.a(isr_sendData.o)
 .debug_info    0x00002f02      0x285 .\CortexM3\ARM_GCC_473\Debug\usbCharBin.a(Timer_sendData.o)
 .debug_info    0x00003187      0x132 .\CortexM3\ARM_GCC_473\Debug\usbCharBin.a(Timer_sendData_PM.o)
 .debug_info    0x000032b9       0xb2 .\CortexM3\ARM_GCC_473\Debug\usbCharBin.a(CyBootAsmGnu.o)
 .debug_info    0x0000336b      0xcd7 .\CortexM3\ARM_GCC_473\Debug\usbCharBin.a(CyLib.o)
 .debug_info    0x00004042      0x5c3 .\CortexM3\ARM_GCC_473\Debug\usbCharBin.a(cyPm.o)
 .debug_info    0x00004605      0x1b9 .\CortexM3\ARM_GCC_473\Debug\usbCharBin.a(USB_cls.o)
 .debug_info    0x000047be      0x310 .\CortexM3\ARM_GCC_473\Debug\usbCharBin.a(USB_descr.o)
 .debug_info    0x00004ace      0x354 .\CortexM3\ARM_GCC_473\Debug\usbCharBin.a(CyFlash.o)
 .debug_info    0x00004e22      0x3d9 .\CortexM3\ARM_GCC_473\Debug\usbCharBin.a(CySpc.o)

.debug_abbrev   0x00000000     0x18a0
 *(.debug_abbrev)
 .debug_abbrev  0x00000000      0x170 .\CortexM3\ARM_GCC_473\Debug\main.o
 .debug_abbrev  0x00000170       0x5d .\CortexM3\ARM_GCC_473\Debug\cymetadata.o
 .debug_abbrev  0x000001cd      0x175 .\CortexM3\ARM_GCC_473\Debug\Cm3Start.o
 .debug_abbrev  0x00000342      0x187 .\CortexM3\ARM_GCC_473\Debug\usbCharBin.a(cyfitter_cfg.o)
 .debug_abbrev  0x000004c9      0x1b4 .\CortexM3\ARM_GCC_473\Debug\usbCharBin.a(USB.o)
 .debug_abbrev  0x0000067d      0x1d0 .\CortexM3\ARM_GCC_473\Debug\usbCharBin.a(USB_cdc.o)
 .debug_abbrev  0x0000084d      0x16e .\CortexM3\ARM_GCC_473\Debug\usbCharBin.a(USB_drv.o)
 .debug_abbrev  0x000009bb       0xc7 .\CortexM3\ARM_GCC_473\Debug\usbCharBin.a(USB_episr.o)
 .debug_abbrev  0x00000a82      0x153 .\CortexM3\ARM_GCC_473\Debug\usbCharBin.a(USB_hid.o)
 .debug_abbrev  0x00000bd5      0x1a1 .\CortexM3\ARM_GCC_473\Debug\usbCharBin.a(USB_std.o)
 .debug_abbrev  0x00000d76       0xba .\CortexM3\ARM_GCC_473\Debug\usbCharBin.a(USB_vnd.o)
 .debug_abbrev  0x00000e30      0x12d .\CortexM3\ARM_GCC_473\Debug\usbCharBin.a(isr_sendData.o)
 .debug_abbrev  0x00000f5d       0xeb .\CortexM3\ARM_GCC_473\Debug\usbCharBin.a(Timer_sendData.o)
 .debug_abbrev  0x00001048       0x9b .\CortexM3\ARM_GCC_473\Debug\usbCharBin.a(Timer_sendData_PM.o)
 .debug_abbrev  0x000010e3       0x14 .\CortexM3\ARM_GCC_473\Debug\usbCharBin.a(CyBootAsmGnu.o)
 .debug_abbrev  0x000010f7      0x207 .\CortexM3\ARM_GCC_473\Debug\usbCharBin.a(CyLib.o)
 .debug_abbrev  0x000012fe      0x170 .\CortexM3\ARM_GCC_473\Debug\usbCharBin.a(cyPm.o)
 .debug_abbrev  0x0000146e       0xba .\CortexM3\ARM_GCC_473\Debug\usbCharBin.a(USB_cls.o)
 .debug_abbrev  0x00001528       0xa7 .\CortexM3\ARM_GCC_473\Debug\usbCharBin.a(USB_descr.o)
 .debug_abbrev  0x000015cf      0x172 .\CortexM3\ARM_GCC_473\Debug\usbCharBin.a(CyFlash.o)
 .debug_abbrev  0x00001741      0x15f .\CortexM3\ARM_GCC_473\Debug\usbCharBin.a(CySpc.o)

.debug_line     0x00000000     0x27dc
 *(.debug_line)
 .debug_line    0x00000000      0x351 .\CortexM3\ARM_GCC_473\Debug\main.o
 .debug_line    0x00000351       0x53 .\CortexM3\ARM_GCC_473\Debug\cymetadata.o
 .debug_line    0x000003a4      0x1b0 .\CortexM3\ARM_GCC_473\Debug\Cm3Start.o
 .debug_line    0x00000554      0x1d7 .\CortexM3\ARM_GCC_473\Debug\usbCharBin.a(cyfitter_cfg.o)
 .debug_line    0x0000072b      0x2b8 .\CortexM3\ARM_GCC_473\Debug\usbCharBin.a(USB.o)
 .debug_line    0x000009e3      0x228 .\CortexM3\ARM_GCC_473\Debug\usbCharBin.a(USB_cdc.o)
 .debug_line    0x00000c0b      0x21a .\CortexM3\ARM_GCC_473\Debug\usbCharBin.a(USB_drv.o)
 .debug_line    0x00000e25       0xd9 .\CortexM3\ARM_GCC_473\Debug\usbCharBin.a(USB_episr.o)
 .debug_line    0x00000efe      0x179 .\CortexM3\ARM_GCC_473\Debug\usbCharBin.a(USB_hid.o)
 .debug_line    0x00001077      0x421 .\CortexM3\ARM_GCC_473\Debug\usbCharBin.a(USB_std.o)
 .debug_line    0x00001498       0x7f .\CortexM3\ARM_GCC_473\Debug\usbCharBin.a(USB_vnd.o)
 .debug_line    0x00001517      0x157 .\CortexM3\ARM_GCC_473\Debug\usbCharBin.a(isr_sendData.o)
 .debug_line    0x0000166e      0x168 .\CortexM3\ARM_GCC_473\Debug\usbCharBin.a(Timer_sendData.o)
 .debug_line    0x000017d6       0xbd .\CortexM3\ARM_GCC_473\Debug\usbCharBin.a(Timer_sendData_PM.o)
 .debug_line    0x00001893       0x68 .\CortexM3\ARM_GCC_473\Debug\usbCharBin.a(CyBootAsmGnu.o)
 .debug_line    0x000018fb      0x73b .\CortexM3\ARM_GCC_473\Debug\usbCharBin.a(CyLib.o)
 .debug_line    0x00002036      0x370 .\CortexM3\ARM_GCC_473\Debug\usbCharBin.a(cyPm.o)
 .debug_line    0x000023a6       0x8b .\CortexM3\ARM_GCC_473\Debug\usbCharBin.a(USB_cls.o)
 .debug_line    0x00002431       0x5b .\CortexM3\ARM_GCC_473\Debug\usbCharBin.a(USB_descr.o)
 .debug_line    0x0000248c      0x1a9 .\CortexM3\ARM_GCC_473\Debug\usbCharBin.a(CyFlash.o)
 .debug_line    0x00002635      0x1a7 .\CortexM3\ARM_GCC_473\Debug\usbCharBin.a(CySpc.o)

.debug_frame    0x00000000     0x1cd4
 *(.debug_frame)
 .debug_frame   0x00000000       0xe4 .\CortexM3\ARM_GCC_473\Debug\main.o
 .debug_frame   0x000000e4       0xa4 .\CortexM3\ARM_GCC_473\Debug\Cm3Start.o
 .debug_frame   0x00000188      0x104 .\CortexM3\ARM_GCC_473\Debug\usbCharBin.a(cyfitter_cfg.o)
 .debug_frame   0x0000028c      0x238 .\CortexM3\ARM_GCC_473\Debug\usbCharBin.a(USB.o)
 .debug_frame   0x000004c4      0x248 .\CortexM3\ARM_GCC_473\Debug\usbCharBin.a(USB_cdc.o)
 .debug_frame   0x0000070c      0x1e0 .\CortexM3\ARM_GCC_473\Debug\usbCharBin.a(USB_drv.o)
 .debug_frame   0x000008ec       0x9c .\CortexM3\ARM_GCC_473\Debug\usbCharBin.a(USB_episr.o)
 .debug_frame   0x00000988       0xc8 .\CortexM3\ARM_GCC_473\Debug\usbCharBin.a(USB_hid.o)
 .debug_frame   0x00000a50      0x180 .\CortexM3\ARM_GCC_473\Debug\usbCharBin.a(USB_std.o)
 .debug_frame   0x00000bd0       0x30 .\CortexM3\ARM_GCC_473\Debug\usbCharBin.a(USB_vnd.o)
 .debug_frame   0x00000c00      0x180 .\CortexM3\ARM_GCC_473\Debug\usbCharBin.a(isr_sendData.o)
 .debug_frame   0x00000d80      0x198 .\CortexM3\ARM_GCC_473\Debug\usbCharBin.a(Timer_sendData.o)
 .debug_frame   0x00000f18       0x80 .\CortexM3\ARM_GCC_473\Debug\usbCharBin.a(Timer_sendData_PM.o)
 .debug_frame   0x00000f98      0x778 .\CortexM3\ARM_GCC_473\Debug\usbCharBin.a(CyLib.o)
 .debug_frame   0x00001710      0x1d0 .\CortexM3\ARM_GCC_473\Debug\usbCharBin.a(cyPm.o)
 .debug_frame   0x000018e0       0x30 .\CortexM3\ARM_GCC_473\Debug\usbCharBin.a(USB_cls.o)
 .debug_frame   0x00001910      0x178 .\CortexM3\ARM_GCC_473\Debug\usbCharBin.a(CyFlash.o)
 .debug_frame   0x00001a88      0x13c .\CortexM3\ARM_GCC_473\Debug\usbCharBin.a(CySpc.o)
 .debug_frame   0x00001bc4       0x28 c:/program files (x86)/cypress/psoc creator/3.0/psoc creator/import/gnu_cs/arm/4.7.3/bin/../lib/gcc/arm-none-eabi/4.7.3/../../../../arm-none-eabi/lib/armv7-m\libc_s.a(lib_a-__atexit2.o)
 .debug_frame   0x00001bec       0x28 c:/program files (x86)/cypress/psoc creator/3.0/psoc creator/import/gnu_cs/arm/4.7.3/bin/../lib/gcc/arm-none-eabi/4.7.3/../../../../arm-none-eabi/lib/armv7-m\libc_s.a(lib_a-exit.o)
 .debug_frame   0x00001c14       0x2c c:/program files (x86)/cypress/psoc creator/3.0/psoc creator/import/gnu_cs/arm/4.7.3/bin/../lib/gcc/arm-none-eabi/4.7.3/../../../../arm-none-eabi/lib/armv7-m\libc_s.a(lib_a-fini.o)
 .debug_frame   0x00001c40       0x2c c:/program files (x86)/cypress/psoc creator/3.0/psoc creator/import/gnu_cs/arm/4.7.3/bin/../lib/gcc/arm-none-eabi/4.7.3/../../../../arm-none-eabi/lib/armv7-m\libc_s.a(lib_a-init.o)
 .debug_frame   0x00001c6c       0x28 c:/program files (x86)/cypress/psoc creator/3.0/psoc creator/import/gnu_cs/arm/4.7.3/bin/../lib/gcc/arm-none-eabi/4.7.3/../../../../arm-none-eabi/lib/armv7-m\libc_s.a(lib_a-memcpy.o)
 .debug_frame   0x00001c94       0x20 c:/program files (x86)/cypress/psoc creator/3.0/psoc creator/import/gnu_cs/arm/4.7.3/bin/../lib/gcc/arm-none-eabi/4.7.3/../../../../arm-none-eabi/lib/armv7-m\libc_s.a(lib_a-memset.o)
 .debug_frame   0x00001cb4       0x20 c:/program files (x86)/cypress/psoc creator/3.0/psoc creator/import/gnu_cs/arm/4.7.3/bin/../lib/gcc/arm-none-eabi/4.7.3/../../../../arm-none-eabi/lib/armv7-m\libc_s.a(lib_a-strcpy.o)

.debug_str      0x00000000     0x2128
 *(.debug_str)
 .debug_str     0x00000000      0x1fd .\CortexM3\ARM_GCC_473\Debug\main.o
                                0x242 (size before relaxing)
 .debug_str     0x000001fd       0x77 .\CortexM3\ARM_GCC_473\Debug\cymetadata.o
                                0x1c7 (size before relaxing)
 .debug_str     0x00000274      0x10e .\CortexM3\ARM_GCC_473\Debug\Cm3Start.o
                                0x283 (size before relaxing)
 .debug_str     0x00000382      0x139 .\CortexM3\ARM_GCC_473\Debug\usbCharBin.a(cyfitter_cfg.o)
                                0x2b6 (size before relaxing)
 .debug_str     0x000004bb      0x2ca .\CortexM3\ARM_GCC_473\Debug\usbCharBin.a(USB.o)
                                0x451 (size before relaxing)
 .debug_str     0x00000785      0x247 .\CortexM3\ARM_GCC_473\Debug\usbCharBin.a(USB_cdc.o)
                                0x441 (size before relaxing)
 .debug_str     0x000009cc      0x230 .\CortexM3\ARM_GCC_473\Debug\usbCharBin.a(USB_drv.o)
                                0x516 (size before relaxing)
 .debug_str     0x00000bfc       0x6a .\CortexM3\ARM_GCC_473\Debug\usbCharBin.a(USB_episr.o)
                                0x231 (size before relaxing)
 .debug_str     0x00000c66       0xfa .\CortexM3\ARM_GCC_473\Debug\usbCharBin.a(USB_hid.o)
                                0x30c (size before relaxing)
 .debug_str     0x00000d60      0x250 .\CortexM3\ARM_GCC_473\Debug\usbCharBin.a(USB_std.o)
                                0x59f (size before relaxing)
 .debug_str     0x00000fb0       0x55 .\CortexM3\ARM_GCC_473\Debug\usbCharBin.a(USB_vnd.o)
                                0x216 (size before relaxing)
 .debug_str     0x00001005      0x162 .\CortexM3\ARM_GCC_473\Debug\usbCharBin.a(isr_sendData.o)
                                0x2d9 (size before relaxing)
 .debug_str     0x00001167      0x1f4 .\CortexM3\ARM_GCC_473\Debug\usbCharBin.a(Timer_sendData.o)
                                0x356 (size before relaxing)
 .debug_str     0x0000135b       0xd2 .\CortexM3\ARM_GCC_473\Debug\usbCharBin.a(Timer_sendData_PM.o)
                                0x227 (size before relaxing)
 .debug_str     0x0000142d      0x61f .\CortexM3\ARM_GCC_473\Debug\usbCharBin.a(CyLib.o)
                                0x7e9 (size before relaxing)
 .debug_str     0x00001a4c      0x371 .\CortexM3\ARM_GCC_473\Debug\usbCharBin.a(cyPm.o)
                                0x4f8 (size before relaxing)
 .debug_str     0x00001dbd       0x39 .\CortexM3\ARM_GCC_473\Debug\usbCharBin.a(USB_cls.o)
                                0x232 (size before relaxing)
 .debug_str     0x00001df6      0x104 .\CortexM3\ARM_GCC_473\Debug\usbCharBin.a(USB_descr.o)
                                0x341 (size before relaxing)
 .debug_str     0x00001efa      0x130 .\CortexM3\ARM_GCC_473\Debug\usbCharBin.a(CyFlash.o)
                                0x2be (size before relaxing)
 .debug_str     0x0000202a       0xfe .\CortexM3\ARM_GCC_473\Debug\usbCharBin.a(CySpc.o)
                                0x29a (size before relaxing)

.debug_loc      0x00000000     0x2e32
 *(.debug_loc)
 .debug_loc     0x00000000      0x13a .\CortexM3\ARM_GCC_473\Debug\main.o
 .debug_loc     0x0000013a      0x100 .\CortexM3\ARM_GCC_473\Debug\Cm3Start.o
 .debug_loc     0x0000023a      0x1c0 .\CortexM3\ARM_GCC_473\Debug\usbCharBin.a(cyfitter_cfg.o)
 .debug_loc     0x000003fa      0x410 .\CortexM3\ARM_GCC_473\Debug\usbCharBin.a(USB.o)
 .debug_loc     0x0000080a      0x3d4 .\CortexM3\ARM_GCC_473\Debug\usbCharBin.a(USB_cdc.o)
 .debug_loc     0x00000bde      0x314 .\CortexM3\ARM_GCC_473\Debug\usbCharBin.a(USB_drv.o)
 .debug_loc     0x00000ef2       0xdc .\CortexM3\ARM_GCC_473\Debug\usbCharBin.a(USB_episr.o)
 .debug_loc     0x00000fce      0x150 .\CortexM3\ARM_GCC_473\Debug\usbCharBin.a(USB_hid.o)
 .debug_loc     0x0000111e      0x294 .\CortexM3\ARM_GCC_473\Debug\usbCharBin.a(USB_std.o)
 .debug_loc     0x000013b2       0x38 .\CortexM3\ARM_GCC_473\Debug\usbCharBin.a(USB_vnd.o)
 .debug_loc     0x000013ea      0x278 .\CortexM3\ARM_GCC_473\Debug\usbCharBin.a(isr_sendData.o)
 .debug_loc     0x00001662      0x298 .\CortexM3\ARM_GCC_473\Debug\usbCharBin.a(Timer_sendData.o)
 .debug_loc     0x000018fa       0xb0 .\CortexM3\ARM_GCC_473\Debug\usbCharBin.a(Timer_sendData_PM.o)
 .debug_loc     0x000019aa      0xce0 .\CortexM3\ARM_GCC_473\Debug\usbCharBin.a(CyLib.o)
 .debug_loc     0x0000268a      0x2e8 .\CortexM3\ARM_GCC_473\Debug\usbCharBin.a(cyPm.o)
 .debug_loc     0x00002972       0x38 .\CortexM3\ARM_GCC_473\Debug\usbCharBin.a(USB_cls.o)
 .debug_loc     0x000029aa      0x258 .\CortexM3\ARM_GCC_473\Debug\usbCharBin.a(CyFlash.o)
 .debug_loc     0x00002c02      0x230 .\CortexM3\ARM_GCC_473\Debug\usbCharBin.a(CySpc.o)

.debug_macinfo
 *(.debug_macinfo)

.debug_ranges   0x00000000      0x7c0
 *(.debug_ranges)
 .debug_ranges  0x00000000       0x38 .\CortexM3\ARM_GCC_473\Debug\main.o
 .debug_ranges  0x00000038       0x30 .\CortexM3\ARM_GCC_473\Debug\Cm3Start.o
 .debug_ranges  0x00000068       0x48 .\CortexM3\ARM_GCC_473\Debug\usbCharBin.a(cyfitter_cfg.o)
 .debug_ranges  0x000000b0       0xa0 .\CortexM3\ARM_GCC_473\Debug\usbCharBin.a(USB.o)
 .debug_ranges  0x00000150       0xa0 .\CortexM3\ARM_GCC_473\Debug\usbCharBin.a(USB_cdc.o)
 .debug_ranges  0x000001f0       0x88 .\CortexM3\ARM_GCC_473\Debug\usbCharBin.a(USB_drv.o)
 .debug_ranges  0x00000278       0x30 .\CortexM3\ARM_GCC_473\Debug\usbCharBin.a(USB_episr.o)
 .debug_ranges  0x000002a8       0x38 .\CortexM3\ARM_GCC_473\Debug\usbCharBin.a(USB_hid.o)
 .debug_ranges  0x000002e0       0x68 .\CortexM3\ARM_GCC_473\Debug\usbCharBin.a(USB_std.o)
 .debug_ranges  0x00000348       0x10 .\CortexM3\ARM_GCC_473\Debug\usbCharBin.a(USB_vnd.o)
 .debug_ranges  0x00000358       0x70 .\CortexM3\ARM_GCC_473\Debug\usbCharBin.a(isr_sendData.o)
 .debug_ranges  0x000003c8       0x78 .\CortexM3\ARM_GCC_473\Debug\usbCharBin.a(Timer_sendData.o)
 .debug_ranges  0x00000440       0x28 .\CortexM3\ARM_GCC_473\Debug\usbCharBin.a(Timer_sendData_PM.o)
 .debug_ranges  0x00000468      0x208 .\CortexM3\ARM_GCC_473\Debug\usbCharBin.a(CyLib.o)
 .debug_ranges  0x00000670       0x80 .\CortexM3\ARM_GCC_473\Debug\usbCharBin.a(cyPm.o)
 .debug_ranges  0x000006f0       0x10 .\CortexM3\ARM_GCC_473\Debug\usbCharBin.a(USB_cls.o)
 .debug_ranges  0x00000700       0x68 .\CortexM3\ARM_GCC_473\Debug\usbCharBin.a(CyFlash.o)
 .debug_ranges  0x00000768       0x58 .\CortexM3\ARM_GCC_473\Debug\usbCharBin.a(CySpc.o)

.comment        0x00000000       0x70
 .comment       0x00000000       0x70 .\CortexM3\ARM_GCC_473\Debug\main.o
                                 0x71 (size before relaxing)
 .comment       0x00000000       0x71 .\CortexM3\ARM_GCC_473\Debug\cymetadata.o
 .comment       0x00000000       0x71 .\CortexM3\ARM_GCC_473\Debug\Cm3Start.o
 .comment       0x00000000       0x71 .\CortexM3\ARM_GCC_473\Debug\usbCharBin.a(cyfitter_cfg.o)
 .comment       0x00000000       0x71 .\CortexM3\ARM_GCC_473\Debug\usbCharBin.a(USB.o)
 .comment       0x00000000       0x71 .\CortexM3\ARM_GCC_473\Debug\usbCharBin.a(USB_cdc.o)
 .comment       0x00000000       0x71 .\CortexM3\ARM_GCC_473\Debug\usbCharBin.a(USB_drv.o)
 .comment       0x00000000       0x71 .\CortexM3\ARM_GCC_473\Debug\usbCharBin.a(USB_episr.o)
 .comment       0x00000000       0x71 .\CortexM3\ARM_GCC_473\Debug\usbCharBin.a(USB_hid.o)
 .comment       0x00000000       0x71 .\CortexM3\ARM_GCC_473\Debug\usbCharBin.a(USB_std.o)
 .comment       0x00000000       0x71 .\CortexM3\ARM_GCC_473\Debug\usbCharBin.a(USB_vnd.o)
 .comment       0x00000000       0x71 .\CortexM3\ARM_GCC_473\Debug\usbCharBin.a(isr_sendData.o)
 .comment       0x00000000       0x71 .\CortexM3\ARM_GCC_473\Debug\usbCharBin.a(Timer_sendData.o)
 .comment       0x00000000       0x71 .\CortexM3\ARM_GCC_473\Debug\usbCharBin.a(Timer_sendData_PM.o)
 .comment       0x00000000       0x71 .\CortexM3\ARM_GCC_473\Debug\usbCharBin.a(CyLib.o)
 .comment       0x00000000       0x71 .\CortexM3\ARM_GCC_473\Debug\usbCharBin.a(cyPm.o)
 .comment       0x00000000       0x71 .\CortexM3\ARM_GCC_473\Debug\usbCharBin.a(USB_cls.o)
 .comment       0x00000000       0x71 .\CortexM3\ARM_GCC_473\Debug\usbCharBin.a(USB_descr.o)
 .comment       0x00000000       0x71 .\CortexM3\ARM_GCC_473\Debug\usbCharBin.a(CyFlash.o)
 .comment       0x00000000       0x71 .\CortexM3\ARM_GCC_473\Debug\usbCharBin.a(CySpc.o)

.debug_weaknames
 *(.debug_weaknames)

.debug_funcnames
 *(.debug_funcnames)

.debug_typenames
 *(.debug_typenames)

.debug_varnames
 *(.debug_varnames)

.note.gnu.arm.ident
 *(.note.gnu.arm.ident)

.ARM.attributes
                0x00000000       0x29
 *(.ARM.attributes)
 .ARM.attributes
                0x00000000       0x1d c:/program files (x86)/cypress/psoc creator/3.0/psoc creator/import/gnu_cs/arm/4.7.3/bin/../lib/gcc/arm-none-eabi/4.7.3/armv7-m/crti.o
 .ARM.attributes
                0x0000001d       0x2d c:/program files (x86)/cypress/psoc creator/3.0/psoc creator/import/gnu_cs/arm/4.7.3/bin/../lib/gcc/arm-none-eabi/4.7.3/armv7-m/crtbegin.o
 .ARM.attributes
                0x0000004a       0x1b c:/program files (x86)/cypress/psoc creator/3.0/psoc creator/import/gnu_cs/arm/4.7.3/bin/../lib/gcc/arm-none-eabi/4.7.3/../../../../arm-none-eabi/lib/armv7-m/crt0.o
 .ARM.attributes
                0x00000065       0x33 .\CortexM3\ARM_GCC_473\Debug\main.o
 .ARM.attributes
                0x00000098       0x33 .\CortexM3\ARM_GCC_473\Debug\cymetadata.o
 .ARM.attributes
                0x000000cb       0x33 .\CortexM3\ARM_GCC_473\Debug\Cm3Start.o
 .ARM.attributes
                0x000000fe       0x33 .\CortexM3\ARM_GCC_473\Debug\usbCharBin.a(cyfitter_cfg.o)
 .ARM.attributes
                0x00000131       0x33 .\CortexM3\ARM_GCC_473\Debug\usbCharBin.a(USB.o)
 .ARM.attributes
                0x00000164       0x33 .\CortexM3\ARM_GCC_473\Debug\usbCharBin.a(USB_cdc.o)
 .ARM.attributes
                0x00000197       0x33 .\CortexM3\ARM_GCC_473\Debug\usbCharBin.a(USB_drv.o)
 .ARM.attributes
                0x000001ca       0x33 .\CortexM3\ARM_GCC_473\Debug\usbCharBin.a(USB_episr.o)
 .ARM.attributes
                0x000001fd       0x33 .\CortexM3\ARM_GCC_473\Debug\usbCharBin.a(USB_hid.o)
 .ARM.attributes
                0x00000230       0x33 .\CortexM3\ARM_GCC_473\Debug\usbCharBin.a(USB_std.o)
 .ARM.attributes
                0x00000263       0x33 .\CortexM3\ARM_GCC_473\Debug\usbCharBin.a(USB_vnd.o)
 .ARM.attributes
                0x00000296       0x33 .\CortexM3\ARM_GCC_473\Debug\usbCharBin.a(isr_sendData.o)
 .ARM.attributes
                0x000002c9       0x33 .\CortexM3\ARM_GCC_473\Debug\usbCharBin.a(Timer_sendData.o)
 .ARM.attributes
                0x000002fc       0x33 .\CortexM3\ARM_GCC_473\Debug\usbCharBin.a(Timer_sendData_PM.o)
 .ARM.attributes
                0x0000032f       0x21 .\CortexM3\ARM_GCC_473\Debug\usbCharBin.a(CyBootAsmGnu.o)
 .ARM.attributes
                0x00000350       0x33 .\CortexM3\ARM_GCC_473\Debug\usbCharBin.a(CyLib.o)
 .ARM.attributes
                0x00000383       0x33 .\CortexM3\ARM_GCC_473\Debug\usbCharBin.a(cyPm.o)
 .ARM.attributes
                0x000003b6       0x33 .\CortexM3\ARM_GCC_473\Debug\usbCharBin.a(USB_cls.o)
 .ARM.attributes
                0x000003e9       0x33 .\CortexM3\ARM_GCC_473\Debug\usbCharBin.a(USB_descr.o)
 .ARM.attributes
                0x0000041c       0x33 .\CortexM3\ARM_GCC_473\Debug\usbCharBin.a(CyFlash.o)
 .ARM.attributes
                0x0000044f       0x33 .\CortexM3\ARM_GCC_473\Debug\usbCharBin.a(CySpc.o)
 .ARM.attributes
                0x00000482       0x1d c:/program files (x86)/cypress/psoc creator/3.0/psoc creator/import/gnu_cs/arm/4.7.3/bin/../lib/gcc/arm-none-eabi/4.7.3/armv7-m\libgcc.a(_arm_addsubdf3.o)
 .ARM.attributes
                0x0000049f       0x1d c:/program files (x86)/cypress/psoc creator/3.0/psoc creator/import/gnu_cs/arm/4.7.3/bin/../lib/gcc/arm-none-eabi/4.7.3/armv7-m\libgcc.a(_arm_muldivdf3.o)
 .ARM.attributes
                0x000004bc       0x1d c:/program files (x86)/cypress/psoc creator/3.0/psoc creator/import/gnu_cs/arm/4.7.3/bin/../lib/gcc/arm-none-eabi/4.7.3/armv7-m\libgcc.a(_arm_fixdfsi.o)
 .ARM.attributes
                0x000004d9       0x2d c:/program files (x86)/cypress/psoc creator/3.0/psoc creator/import/gnu_cs/arm/4.7.3/bin/../lib/gcc/arm-none-eabi/4.7.3/../../../../arm-none-eabi/lib/armv7-m\libc_s.a(lib_a-__atexit2.o)
 .ARM.attributes
                0x00000506       0x2d c:/program files (x86)/cypress/psoc creator/3.0/psoc creator/import/gnu_cs/arm/4.7.3/bin/../lib/gcc/arm-none-eabi/4.7.3/../../../../arm-none-eabi/lib/armv7-m\libc_s.a(lib_a-exit.o)
 .ARM.attributes
                0x00000533       0x2d c:/program files (x86)/cypress/psoc creator/3.0/psoc creator/import/gnu_cs/arm/4.7.3/bin/../lib/gcc/arm-none-eabi/4.7.3/../../../../arm-none-eabi/lib/armv7-m\libc_s.a(lib_a-fini.o)
 .ARM.attributes
                0x00000560       0x2d c:/program files (x86)/cypress/psoc creator/3.0/psoc creator/import/gnu_cs/arm/4.7.3/bin/../lib/gcc/arm-none-eabi/4.7.3/../../../../arm-none-eabi/lib/armv7-m\libc_s.a(lib_a-impure.o)
 .ARM.attributes
                0x0000058d       0x2d c:/program files (x86)/cypress/psoc creator/3.0/psoc creator/import/gnu_cs/arm/4.7.3/bin/../lib/gcc/arm-none-eabi/4.7.3/../../../../arm-none-eabi/lib/armv7-m\libc_s.a(lib_a-init.o)
 .ARM.attributes
                0x000005ba       0x2d c:/program files (x86)/cypress/psoc creator/3.0/psoc creator/import/gnu_cs/arm/4.7.3/bin/../lib/gcc/arm-none-eabi/4.7.3/../../../../arm-none-eabi/lib/armv7-m\libc_s.a(lib_a-memcpy.o)
 .ARM.attributes
                0x000005e7       0x2d c:/program files (x86)/cypress/psoc creator/3.0/psoc creator/import/gnu_cs/arm/4.7.3/bin/../lib/gcc/arm-none-eabi/4.7.3/../../../../arm-none-eabi/lib/armv7-m\libc_s.a(lib_a-memset.o)
 .ARM.attributes
                0x00000614       0x2d c:/program files (x86)/cypress/psoc creator/3.0/psoc creator/import/gnu_cs/arm/4.7.3/bin/../lib/gcc/arm-none-eabi/4.7.3/../../../../arm-none-eabi/lib/armv7-m\libc_s.a(lib_a-strcpy.o)
 .ARM.attributes
                0x00000641       0x2d c:/program files (x86)/cypress/psoc creator/3.0/psoc creator/import/gnu_cs/arm/4.7.3/bin/../lib/gcc/arm-none-eabi/4.7.3/armv7-m/crtend.o
 .ARM.attributes
                0x0000066e       0x1d c:/program files (x86)/cypress/psoc creator/3.0/psoc creator/import/gnu_cs/arm/4.7.3/bin/../lib/gcc/arm-none-eabi/4.7.3/armv7-m/crtn.o

/DISCARD/
 *(.note.GNU-stack)
OUTPUT(.\CortexM3\ARM_GCC_473\Debug\usbCharBin.elf elf32-littlearm)
